Archive member included because of file (symbol)

../../external/mbed/Release/Freescale_KL25Z/mbed.a(exit.o)
                              KL25Z/gcc4mbed.o (exit)
../../external/mbed/Release/Freescale_KL25Z/mbed.a(gpio.o)
                              KL25Z/main.o (gpio_init_out)
../../external/mbed/Release/Freescale_KL25Z/mbed.a(mbed_interface.o)
                              ../../external/mbed/Release/Freescale_KL25Z/mbed.a(exit.o) (mbed_interface_connected)
../../external/mbed/Release/Freescale_KL25Z/mbed.a(semihost_api.o)
                              ../../external/mbed/Release/Freescale_KL25Z/mbed.a(exit.o) (semihost_exit)
../../external/mbed/Release/Freescale_KL25Z/mbed.a(wait_api.o)
                              KL25Z/main.o (wait)
../../external/mbed/Release/Freescale_KL25Z/mbed.a(FunctionPointer.o)
                              KL25Z/main.o (mbed::FunctionPointer::FunctionPointer(void (*)()))
../../external/mbed/Release/Freescale_KL25Z/mbed.a(Ticker.o)
                              KL25Z/main.o (mbed::Ticker::detach())
../../external/mbed/Release/Freescale_KL25Z/mbed.a(TimerEvent.o)
                              KL25Z/main.o (mbed::TimerEvent::~TimerEvent())
../../external/mbed/Release/Freescale_KL25Z/mbed.a(retarget.o)
                              KL25Z/gcc4mbed.o (_isatty)
../../external/mbed/Release/Freescale_KL25Z/mbed.a(startup_MKL25Z4.o)
                              (Reset_Handler)
../../external/mbed/Release/Freescale_KL25Z/mbed.a(gpio_api.o)
                              ../../external/mbed/Release/Freescale_KL25Z/mbed.a(gpio.o) (gpio_init)
../../external/mbed/Release/Freescale_KL25Z/mbed.a(pinmap.o)
                              ../../external/mbed/Release/Freescale_KL25Z/mbed.a(gpio_api.o) (pin_function)
../../external/mbed/Release/Freescale_KL25Z/mbed.a(us_ticker.o)
                              ../../external/mbed/Release/Freescale_KL25Z/mbed.a(wait_api.o) (us_ticker_read)
../../external/mbed/Release/Freescale_KL25Z/mbed.a(serial_api.o)
                              ../../external/mbed/Release/Freescale_KL25Z/mbed.a(retarget.o) (serial_init)
../../external/mbed/Release/Freescale_KL25Z/mbed.a(cmsis_nvic.o)
                              ../../external/mbed/Release/Freescale_KL25Z/mbed.a(us_ticker.o) (NVIC_SetVector)
../../external/mbed/Release/Freescale_KL25Z/mbed.a(system_MKL25Z4.o)
                              ../../external/mbed/Release/Freescale_KL25Z/mbed.a(startup_MKL25Z4.o) (SystemInit)
../../external/mbed/Release/Freescale_KL25Z/mbed.a(board.o)
                              ../../external/mbed/Release/Freescale_KL25Z/mbed.a(exit.o) (mbed_die)
../../external/mbed/Release/Freescale_KL25Z/mbed.a(error.o)
                              ../../external/mbed/Release/Freescale_KL25Z/mbed.a(retarget.o) (error)
../../external/mbed/Release/Freescale_KL25Z/mbed.a(pinmap_common.o)
                              ../../external/mbed/Release/Freescale_KL25Z/mbed.a(serial_api.o) (pinmap_pinout)
../../external/mbed/Release/Freescale_KL25Z/mbed.a(us_ticker_api.o)
                              ../../external/mbed/Release/Freescale_KL25Z/mbed.a(TimerEvent.o) (us_ticker_set_handler)
../../external/mbed/Release/Freescale_KL25Z/mbed.a(FilePath.o)
                              ../../external/mbed/Release/Freescale_KL25Z/mbed.a(retarget.o) (mbed::FilePath::FilePath(char const*))
../../external/mbed/Release/Freescale_KL25Z/mbed.a(FileSystemLike.o)
                              ../../external/mbed/Release/Freescale_KL25Z/mbed.a(retarget.o) (mbed::FileSystemLike::opendir())
../../external/mbed/Release/Freescale_KL25Z/mbed.a(PeripheralPins.o)
                              ../../external/mbed/Release/Freescale_KL25Z/mbed.a(serial_api.o) (PinMap_UART_RX)
../../external/mbed/Release/Freescale_KL25Z/mbed.a(FileBase.o)
                              ../../external/mbed/Release/Freescale_KL25Z/mbed.a(FileSystemLike.o) (mbed::FileBase::~FileBase())
/Users/suryanshu/buckLabs/compiler/gcc-arm-none-eabi/bin/../lib/gcc/arm-none-eabi/4.8.3/../../../../arm-none-eabi/lib/armv6-m/libstdc++_s.a(atexit_arm.o)
                              KL25Z/main.o (__aeabi_atexit)
/Users/suryanshu/buckLabs/compiler/gcc-arm-none-eabi/bin/../lib/gcc/arm-none-eabi/4.8.3/../../../../arm-none-eabi/lib/armv6-m/libstdc++_s.a(del_op.o)
                              KL25Z/main.o (operator delete(void*))
/Users/suryanshu/buckLabs/compiler/gcc-arm-none-eabi/bin/../lib/gcc/arm-none-eabi/4.8.3/../../../../arm-none-eabi/lib/armv6-m/libstdc++_s.a(new_op.o)
                              ../../external/mbed/Release/Freescale_KL25Z/mbed.a(FileSystemLike.o) (operator new(unsigned int))
/Users/suryanshu/buckLabs/compiler/gcc-arm-none-eabi/bin/../lib/gcc/arm-none-eabi/4.8.3/../../../../arm-none-eabi/lib/armv6-m/libstdc++_s.a(new_handler.o)
                              /Users/suryanshu/buckLabs/compiler/gcc-arm-none-eabi/bin/../lib/gcc/arm-none-eabi/4.8.3/../../../../arm-none-eabi/lib/armv6-m/libstdc++_s.a(new_op.o) (__new_handler)
[...]
Memory Configuration

Name             Origin             Length             Attributes
VECTORS          0x0000000000000000 0x0000000000000400 xr
FLASH_PROTECTION 0x0000000000000400 0x0000000000000010 xr
FLASH            0x0000000000000410 0x000000000001fbf0 xr
RAM              0x000000001ffff0c0 0x0000000000003f40 xrw
*default*        0x0000000000000000 0xffffffffffffffff

Linker script and memory map

LOAD /Users/suryanshu/buckLabs/compiler/gcc-arm-none-eabi/bin/../lib/gcc/arm-none-eabi/4.8.3/armv6-m/crti.o
LOAD /Users/suryanshu/buckLabs/compiler/gcc-arm-none-eabi/bin/../lib/gcc/arm-none-eabi/4.8.3/armv6-m/crtbegin.o
LOAD KL25Z/main.o
LOAD KL25Z/gcc4mbed.o
LOAD ../../external/mbed/Release/Freescale_KL25Z/mbed.a
LOAD /Users/suryanshu/buckLabs/compiler/gcc-arm-none-eabi/bin/../lib/gcc/arm-none-eabi/4.8.3/../../../../arm-none-eabi/lib/armv6-m/libstdc++_s.a
LOAD /Users/suryanshu/buckLabs/compiler/gcc-arm-none-eabi/bin/../lib/gcc/arm-none-eabi/4.8.3/../../../../arm-none-eabi/lib/armv6-m/libsupc++_s.a
LOAD /Users/suryanshu/buckLabs/compiler/gcc-arm-none-eabi/bin/../lib/gcc/arm-none-eabi/4.8.3/armv6-m/libgcc.a
LOAD /Users/suryanshu/buckLabs/compiler/gcc-arm-none-eabi/bin/../lib/gcc/arm-none-eabi/4.8.3/armv6-m/libgcc.a
LOAD /Users/suryanshu/buckLabs/compiler/gcc-arm-none-eabi/bin/../lib/gcc/arm-none-eabi/4.8.3/../../../../arm-none-eabi/lib/armv6-m/libc_s.a
LOAD /Users/suryanshu/buckLabs/compiler/gcc-arm-none-eabi/bin/../lib/gcc/arm-none-eabi/4.8.3/../../../../arm-none-eabi/lib/armv6-m/libnosys.a
LOAD /Users/suryanshu/buckLabs/compiler/gcc-arm-none-eabi/bin/../lib/gcc/arm-none-eabi/4.8.3/../../../../arm-none-eabi/lib/armv6-m/libstdc++_s.a
LOAD /Users/suryanshu/buckLabs/compiler/gcc-arm-none-eabi/bin/../lib/gcc/arm-none-eabi/4.8.3/../../../../arm-none-eabi/lib/armv6-m/libm.a
LOAD /Users/suryanshu/buckLabs/compiler/gcc-arm-none-eabi/bin/../lib/gcc/arm-none-eabi/4.8.3/../../../../arm-none-eabi/lib/armv6-m/libc_s.a
START GROUP
LOAD /Users/suryanshu/buckLabs/compiler/gcc-arm-none-eabi/bin/../lib/gcc/arm-none-eabi/4.8.3/armv6-m/libgcc.a
LOAD /Users/suryanshu/buckLabs/compiler/gcc-arm-none-eabi/bin/../lib/gcc/arm-none-eabi/4.8.3/../../../../arm-none-eabi/lib/armv6-m/libc_s.a
END GROUP
LOAD /Users/suryanshu/buckLabs/compiler/gcc-arm-none-eabi/bin/../lib/gcc/arm-none-eabi/4.8.3/armv6-m/crtend.o
LOAD /Users/suryanshu/buckLabs/compiler/gcc-arm-none-eabi/bin/../lib/gcc/arm-none-eabi/4.8.3/armv6-m/crtn.o

.isr_vector     0x0000000000000000       0xf4
                0x0000000000000000                __vector_table = .
 *(.vector_table)
 .vector_table  0x0000000000000000       0xc0 ../../external/mbed/Release/Freescale_KL25Z/mbed.a(startup_MKL25Z4.o)
                0x0000000000000000                __isr_vector
 *(.text.Reset_Handler)
 .text.Reset_Handler
                0x00000000000000c0       0x34 ../../external/mbed/Release/Freescale_KL25Z/mbed.a(startup_MKL25Z4.o)
                0x00000000000000c0                Reset_Handler
 *(.text.System_Init)
                0x00000000000000f4                . = ALIGN (0x4)

.flash_protect  0x0000000000000400       0x10
 *(.kinetis_flash_config_field)
 .kinetis_flash_config_field
                0x0000000000000400       0x10 ../../external/mbed/Release/Freescale_KL25Z/mbed.a(startup_MKL25Z4.o)
                0x0000000000000410                . = ALIGN (0x4)

.text           0x0000000000000410     0x24e8
 *(.text*)
 .text          0x0000000000000410       0x60 /Users/suryanshu/buckLabs/compiler/gcc-arm-none-eabi/bin/../lib/gcc/arm-none-eabi/4.8.3/armv6-m/crtbegin.o
 .text._Z4flipv
                0x0000000000000470       0x1c KL25Z/main.o
                0x0000000000000470                flip()
 .text._ZN4mbed6TickerD2Ev
                0x000000000000048c       0x1c KL25Z/main.o
                0x000000000000048c                mbed::Ticker::~Ticker()
                0x000000000000048c                mbed::Ticker::~Ticker()
 .text._ZN4mbed6TickerD0Ev
                0x00000000000004a8       0x20 KL25Z/main.o
                0x00000000000004a8                mbed::Ticker::~Ticker()
 .text.startup.main
                0x00000000000004c8       0x60 KL25Z/main.o
                0x00000000000004c8                main
 .text.startup._GLOBAL__sub_I_flipper
                0x0000000000000528       0x70 KL25Z/main.o
 .text._start   0x0000000000000598       0x28 KL25Z/gcc4mbed.o
                0x0000000000000598                _start
 .text.__wrap__isatty
                0x00000000000005c0       0x14 KL25Z/gcc4mbed.o
                0x00000000000005c0                __wrap__isatty
 .text.__wrap_free
                0x00000000000005d4        0x8 KL25Z/gcc4mbed.o
                0x00000000000005d4                __wrap_free
 .text.abort    0x00000000000005dc        0x8 KL25Z/gcc4mbed.o
                0x00000000000005dc                abort
 .text.__cxa_pure_virtual
                0x00000000000005e4        0x8 KL25Z/gcc4mbed.o
                0x00000000000005e4                __cxa_pure_virtual
 .text.exit     0x00000000000005ec       0x34 ../../external/mbed/Release/Freescale_KL25Z/mbed.a(exit.o)
                0x00000000000005ec                exit
 .text.gpio_init_out
                0x0000000000000620       0x28 ../../external/mbed/Release/Freescale_KL25Z/mbed.a(gpio.o)
                0x0000000000000620                gpio_init_out
 .text.mbed_interface_connected
                0x0000000000000648        0x8 ../../external/mbed/Release/Freescale_KL25Z/mbed.a(mbed_interface.o)
                0x0000000000000648                mbed_interface_connected
 .text.semihost_exit
                0x0000000000000650       0x18 ../../external/mbed/Release/Freescale_KL25Z/mbed.a(semihost_api.o)
                0x0000000000000650                semihost_exit
 .text.semihost_connected
                0x0000000000000668        0xc ../../external/mbed/Release/Freescale_KL25Z/mbed.a(semihost_api.o)
                0x0000000000000668                semihost_connected
 .text.wait_us  0x0000000000000674       0x18 ../../external/mbed/Release/Freescale_KL25Z/mbed.a(wait_api.o)
                0x0000000000000674                wait_us
 .text.wait     0x000000000000068c       0x18 ../../external/mbed/Release/Freescale_KL25Z/mbed.a(wait_api.o)
                0x000000000000068c                wait
 .text.wait_ms  0x00000000000006a4       0x10 ../../external/mbed/Release/Freescale_KL25Z/mbed.a(wait_api.o)
                0x00000000000006a4                wait_ms
 .text._ZN4mbed15FunctionPointerC2EPFvvE
                0x00000000000006b4        0xc ../../external/mbed/Release/Freescale_KL25Z/mbed.a(FunctionPointer.o)
                0x00000000000006b4                mbed::FunctionPointer::FunctionPointer(void (*)())
                0x00000000000006b4                mbed::FunctionPointer::FunctionPointer(void (*)())
 .text._ZN4mbed15FunctionPointer6attachEPFvvE
                0x00000000000006c0        0x8 ../../external/mbed/Release/Freescale_KL25Z/mbed.a(FunctionPointer.o)
                0x00000000000006c0                mbed::FunctionPointer::attach(void (*)())
 .text._ZN4mbed15FunctionPointer4callEv
                0x00000000000006c8       0x20 ../../external/mbed/Release/Freescale_KL25Z/mbed.a(FunctionPointer.o)
                0x00000000000006c8                mbed::FunctionPointer::call()
 .text._ZN4mbed6Ticker7handlerEv
                0x00000000000006e8       0x20 ../../external/mbed/Release/Freescale_KL25Z/mbed.a(Ticker.o)
                0x00000000000006e8                mbed::Ticker::handler()
 .text._ZN4mbed6Ticker6detachEv
                0x0000000000000708       0x14 ../../external/mbed/Release/Freescale_KL25Z/mbed.a(Ticker.o)
                0x0000000000000708                mbed::Ticker::detach()
 .text._ZN4mbed6Ticker5setupEy
                0x000000000000071c       0x24 ../../external/mbed/Release/Freescale_KL25Z/mbed.a(Ticker.o)
                0x000000000000071c                mbed::Ticker::setup(unsigned long long)
 .text._ZN4mbed10TimerEvent3irqEm
                0x0000000000000740        0xc ../../external/mbed/Release/Freescale_KL25Z/mbed.a(TimerEvent.o)
                0x0000000000000740                mbed::TimerEvent::irq(unsigned long)
 .text._ZN4mbed10TimerEventD2Ev
                0x000000000000074c       0x18 ../../external/mbed/Release/Freescale_KL25Z/mbed.a(TimerEvent.o)
                0x000000000000074c                mbed::TimerEvent::~TimerEvent()
                0x000000000000074c                mbed::TimerEvent::~TimerEvent()
 .text._ZN4mbed10TimerEventD0Ev
                0x0000000000000764       0x20 ../../external/mbed/Release/Freescale_KL25Z/mbed.a(TimerEvent.o)
                0x0000000000000764                mbed::TimerEvent::~TimerEvent()
 .text._ZN4mbed10TimerEventC2Ev
                0x0000000000000784       0x2c ../../external/mbed/Release/Freescale_KL25Z/mbed.a(TimerEvent.o)
                0x0000000000000784                mbed::TimerEvent::TimerEvent()
                0x0000000000000784                mbed::TimerEvent::TimerEvent()
 .text._ZN4mbed10TimerEvent6insertEy
                0x00000000000007b0       0x14 ../../external/mbed/Release/Freescale_KL25Z/mbed.a(TimerEvent.o)
                0x00000000000007b0                mbed::TimerEvent::insert(unsigned long long)
 .text._ZN4mbed10TimerEvent6removeEv
                0x00000000000007c4        0xc ../../external/mbed/Release/Freescale_KL25Z/mbed.a(TimerEvent.o)
                0x00000000000007c4                mbed::TimerEvent::remove()
 .text._ZL11init_serialv.part.0
                0x00000000000007d0       0x14 ../../external/mbed/Release/Freescale_KL25Z/mbed.a(retarget.o)
 .text._close   0x00000000000007e4       0x2c ../../external/mbed/Release/Freescale_KL25Z/mbed.a(retarget.o)
                0x00000000000007e4                _close
 .text._write   0x0000000000000810       0x58 ../../external/mbed/Release/Freescale_KL25Z/mbed.a(retarget.o)
                0x0000000000000810                _write
 .text._read    0x0000000000000868       0x48 ../../external/mbed/Release/Freescale_KL25Z/mbed.a(retarget.o)
                0x0000000000000868                _read
 .text._isatty  0x00000000000008b0       0x28 ../../external/mbed/Release/Freescale_KL25Z/mbed.a(retarget.o)
                0x00000000000008b0                _isatty
 .text._lseek   0x00000000000008d8       0x28 ../../external/mbed/Release/Freescale_KL25Z/mbed.a(retarget.o)
                0x00000000000008d8                _lseek
 .text._fstat   0x0000000000000900       0x20 ../../external/mbed/Release/Freescale_KL25Z/mbed.a(retarget.o)
                0x0000000000000900                _fstat
 .text._sbrk    0x0000000000000920       0x28 ../../external/mbed/Release/Freescale_KL25Z/mbed.a(retarget.o)
                0x0000000000000920                _sbrk
 .text          0x0000000000000948        0xc ../../external/mbed/Release/Freescale_KL25Z/mbed.a(startup_MKL25Z4.o)
                0x0000000000000948                NMI_Handler
                0x000000000000094a                HardFault_Handler
                0x000000000000094c                SVC_Handler
                0x000000000000094e                PendSV_Handler
                0x0000000000000950                SysTick_Handler
                0x0000000000000952                TSI0_IRQHandler
                0x0000000000000952                UART0_IRQHandler
                0x0000000000000952                ADC0_IRQHandler
                0x0000000000000952                SPI1_IRQHandler
                0x0000000000000952                PORTD_IRQHandler
                0x0000000000000952                TPM2_IRQHandler
                0x0000000000000952                LPTimer_IRQHandler
                0x0000000000000952                RTC_IRQHandler
                0x0000000000000952                RTC_Seconds_IRQHandler
                0x0000000000000952                MCG_IRQHandler
                0x0000000000000952                UART2_IRQHandler
                0x0000000000000952                Default_Handler
                0x0000000000000952                USB0_IRQHandler
                0x0000000000000952                LLW_IRQHandler
                0x0000000000000952                PIT_IRQHandler
                0x0000000000000952                DMA3_IRQHandler
                0x0000000000000952                DMA0_IRQHandler
                0x0000000000000952                DAC0_IRQHandler
                0x0000000000000952                DEF_IRQHandler
                0x0000000000000952                TPM1_IRQHandler
                0x0000000000000952                LVD_LVW_IRQHandler
                0x0000000000000952                SPI0_IRQHandler
                0x0000000000000952                PORTA_IRQHandler
                0x0000000000000952                FTFA_IRQHandler
                0x0000000000000952                CMP0_IRQHandler
                0x0000000000000952                I2C0_IRQHandler
                0x0000000000000952                DMA1_IRQHandler
                0x0000000000000952                I2C1_IRQHandler
                0x0000000000000952                UART1_IRQHandler
                0x0000000000000952                DMA2_IRQHandler
                0x0000000000000952                TPM0_IRQHandler
 .text.gpio_init
                0x0000000000000954       0x3c ../../external/mbed/Release/Freescale_KL25Z/mbed.a(gpio_api.o)
                0x0000000000000954                gpio_init
 .text.gpio_mode
                0x0000000000000990        0xc ../../external/mbed/Release/Freescale_KL25Z/mbed.a(gpio_api.o)
                0x0000000000000990                gpio_mode
 .text.gpio_dir
                0x000000000000099c       0x20 ../../external/mbed/Release/Freescale_KL25Z/mbed.a(gpio_api.o)
                0x000000000000099c                gpio_dir
 .text.pin_function
                0x00000000000009bc       0x44 ../../external/mbed/Release/Freescale_KL25Z/mbed.a(pinmap.o)
                0x00000000000009bc                pin_function
 .text.pin_mode
                0x0000000000000a00       0x14 ../../external/mbed/Release/Freescale_KL25Z/mbed.a(pinmap.o)
                0x0000000000000a00                pin_mode
 .text.lptmr_isr
                0x0000000000000a14       0x68 ../../external/mbed/Release/Freescale_KL25Z/mbed.a(us_ticker.o)
 .text.us_ticker_init
                0x0000000000000a7c      0x224 ../../external/mbed/Release/Freescale_KL25Z/mbed.a(us_ticker.o)
                0x0000000000000a7c                us_ticker_init
 .text.us_ticker_read
                0x0000000000000ca0       0x24 ../../external/mbed/Release/Freescale_KL25Z/mbed.a(us_ticker.o)
                0x0000000000000ca0                us_ticker_read
 .text.us_ticker_disable_interrupt
                0x0000000000000cc4       0x10 ../../external/mbed/Release/Freescale_KL25Z/mbed.a(us_ticker.o)
                0x0000000000000cc4                us_ticker_disable_interrupt
 .text.us_ticker_clear_interrupt
                0x0000000000000cd4        0x4 ../../external/mbed/Release/Freescale_KL25Z/mbed.a(us_ticker.o)
                0x0000000000000cd4                us_ticker_clear_interrupt
 .text.us_ticker_set_interrupt
                0x0000000000000cd8       0x88 ../../external/mbed/Release/Freescale_KL25Z/mbed.a(us_ticker.o)
                0x0000000000000cd8                us_ticker_set_interrupt
 .text.mcgpllfll_frequency.part.0
                0x0000000000000d60       0x50 ../../external/mbed/Release/Freescale_KL25Z/mbed.a(serial_api.o)
 .text.serial_baud
                0x0000000000000db0      0x16c ../../external/mbed/Release/Freescale_KL25Z/mbed.a(serial_api.o)
                0x0000000000000db0                serial_baud
 .text.serial_format
                0x0000000000000f1c       0x50 ../../external/mbed/Release/Freescale_KL25Z/mbed.a(serial_api.o)
                0x0000000000000f1c                serial_format
 .text.serial_init
                0x0000000000000f6c      0x194 ../../external/mbed/Release/Freescale_KL25Z/mbed.a(serial_api.o)
                0x0000000000000f6c                serial_init
 .text.serial_getc
                0x0000000000001100       0x28 ../../external/mbed/Release/Freescale_KL25Z/mbed.a(serial_api.o)
                0x0000000000001100                serial_getc
 .text.serial_putc
                0x0000000000001128       0x28 ../../external/mbed/Release/Freescale_KL25Z/mbed.a(serial_api.o)
                0x0000000000001128                serial_putc
 .text.NVIC_SetVector
                0x0000000000001150       0x34 ../../external/mbed/Release/Freescale_KL25Z/mbed.a(cmsis_nvic.o)
                0x0000000000001150                NVIC_SetVector
 .text.SystemInit
                0x0000000000001184       0xac ../../external/mbed/Release/Freescale_KL25Z/mbed.a(system_MKL25Z4.o)
                0x0000000000001184                SystemInit
 .text.mbed_die
                0x0000000000001230       0x2c ../../external/mbed/Release/Freescale_KL25Z/mbed.a(board.o)
                0x0000000000001230                mbed_die
 .text.error    0x000000000000125c       0x24 ../../external/mbed/Release/Freescale_KL25Z/mbed.a(error.o)
                0x000000000000125c                error
 .text.pinmap_pinout
                0x0000000000001280       0x38 ../../external/mbed/Release/Freescale_KL25Z/mbed.a(pinmap_common.o)
                0x0000000000001280                pinmap_pinout
 .text.pinmap_merge
                0x00000000000012b8       0x24 ../../external/mbed/Release/Freescale_KL25Z/mbed.a(pinmap_common.o)
                0x00000000000012b8                pinmap_merge
 .text.pinmap_peripheral
                0x00000000000012dc       0x30 ../../external/mbed/Release/Freescale_KL25Z/mbed.a(pinmap_common.o)
                0x00000000000012dc                pinmap_peripheral
 .text.us_ticker_set_handler
                0x000000000000130c       0x14 ../../external/mbed/Release/Freescale_KL25Z/mbed.a(us_ticker_api.o)
                0x000000000000130c                us_ticker_set_handler
 .text.us_ticker_irq_handler
                0x0000000000001320       0x70 ../../external/mbed/Release/Freescale_KL25Z/mbed.a(us_ticker_api.o)
                0x0000000000001320                us_ticker_irq_handler
 .text.us_ticker_insert_event
                0x0000000000001390       0x74 ../../external/mbed/Release/Freescale_KL25Z/mbed.a(us_ticker_api.o)
                0x0000000000001390                us_ticker_insert_event
 .text.us_ticker_remove_event
                0x0000000000001404       0x4c ../../external/mbed/Release/Freescale_KL25Z/mbed.a(us_ticker_api.o)
                0x0000000000001404                us_ticker_remove_event
 .text.__aeabi_atexit
                0x0000000000001450        0xe /Users/suryanshu/buckLabs/compiler/gcc-arm-none-eabi/bin/../lib/gcc/arm-none-eabi/4.8.3/../../../../arm-none-eabi/lib/armv6-m/libstdc++_s.a(atexit_arm.o)
                0x0000000000001450                __aeabi_atexit
 .text._ZdlPv   0x000000000000145e        0xc /Users/suryanshu/buckLabs/compiler/gcc-arm-none-eabi/bin/../lib/gcc/arm-none-eabi/4.8.3/../../../../arm-none-eabi/lib/armv6-m/libstdc++_s.a(del_op.o)
                0x000000000000145e                operator delete(void*)
 *fill*         0x000000000000146a        0x2 
 .text          0x000000000000146c       0x9c /Users/suryanshu/buckLabs/compiler/gcc-arm-none-eabi/bin/../lib/gcc/arm-none-eabi/4.8.3/armv6-m/libgcc.a(_udivsi3.o)
                0x000000000000146c                __udivsi3
                0x000000000000146c                __aeabi_uidiv
                0x00000000000014f4                __aeabi_uidivmod
 .text          0x0000000000001508        0x4 /Users/suryanshu/buckLabs/compiler/gcc-arm-none-eabi/bin/../lib/gcc/arm-none-eabi/4.8.3/armv6-m/libgcc.a(_dvmd_tls.o)
                0x0000000000001508                __aeabi_ldiv0
                0x0000000000001508                __aeabi_idiv0
 .text          0x000000000000150c      0x254 /Users/suryanshu/buckLabs/compiler/gcc-arm-none-eabi/bin/../lib/gcc/arm-none-eabi/4.8.3/armv6-m/libgcc.a(mulsf3.o)
                0x000000000000150c                __aeabi_fmul
 .text          0x0000000000001760       0x40 /Users/suryanshu/buckLabs/compiler/gcc-arm-none-eabi/bin/../lib/gcc/arm-none-eabi/4.8.3/armv6-m/libgcc.a(fixsfsi.o)
                0x0000000000001760                __aeabi_f2iz
 .text          0x00000000000017a0       0x3c /Users/suryanshu/buckLabs/compiler/gcc-arm-none-eabi/bin/../lib/gcc/arm-none-eabi/4.8.3/armv6-m/libgcc.a(_clzsi2.o)
                0x00000000000017a0                __clzsi2
 .text.__cxa_atexit
                0x00000000000017dc       0x20 /Users/suryanshu/buckLabs/compiler/gcc-arm-none-eabi/bin/../lib/gcc/arm-none-eabi/4.8.3/../../../../arm-none-eabi/lib/armv6-m/libc_s.a(lib_a-cxa_atexit.o)
                0x00000000000017dc                __cxa_atexit
 .text.__errno  0x00000000000017fc        0xc /Users/suryanshu/buckLabs/compiler/gcc-arm-none-eabi/bin/../lib/gcc/arm-none-eabi/4.8.3/../../../../arm-none-eabi/lib/armv6-m/libc_s.a(lib_a-errno.o)
                0x00000000000017fc                __errno
 .text.__sflush_r
                0x0000000000001808      0x112 /Users/suryanshu/buckLabs/compiler/gcc-arm-none-eabi/bin/../lib/gcc/arm-none-eabi/4.8.3/../../../../arm-none-eabi/lib/armv6-m/libc_s.a(lib_a-fflush.o)
                0x0000000000001808                __sflush_r
 *fill*         0x000000000000191a        0x2 
 .text._fflush_r
                0x000000000000191c       0x58 /Users/suryanshu/buckLabs/compiler/gcc-arm-none-eabi/bin/../lib/gcc/arm-none-eabi/4.8.3/../../../../arm-none-eabi/lib/armv6-m/libc_s.a(lib_a-fflush.o)
                0x000000000000191c                _fflush_r
 .text.fflush   0x0000000000001974       0x28 /Users/suryanshu/buckLabs/compiler/gcc-arm-none-eabi/bin/../lib/gcc/arm-none-eabi/4.8.3/../../../../arm-none-eabi/lib/armv6-m/libc_s.a(lib_a-fflush.o)
                0x0000000000001974                fflush
 .text._cleanup_r
                0x000000000000199c       0x34 /Users/suryanshu/buckLabs/compiler/gcc-arm-none-eabi/bin/../lib/gcc/arm-none-eabi/4.8.3/../../../../arm-none-eabi/lib/armv6-m/libc_s.a(lib_a-findfp.o)
                0x000000000000199c                _cleanup_r
 .text.std.isra.0
                0x00000000000019d0       0x48 /Users/suryanshu/buckLabs/compiler/gcc-arm-none-eabi/bin/../lib/gcc/arm-none-eabi/4.8.3/../../../../arm-none-eabi/lib/armv6-m/libc_s.a(lib_a-findfp.o)
 .text.__sfmoreglue
                0x0000000000001a18       0x2c /Users/suryanshu/buckLabs/compiler/gcc-arm-none-eabi/bin/../lib/gcc/arm-none-eabi/4.8.3/../../../../arm-none-eabi/lib/armv6-m/libc_s.a(lib_a-findfp.o)
                0x0000000000001a18                __sfmoreglue
 .text.__sinit  0x0000000000001a44       0x64 /Users/suryanshu/buckLabs/compiler/gcc-arm-none-eabi/bin/../lib/gcc/arm-none-eabi/4.8.3/../../../../arm-none-eabi/lib/armv6-m/libc_s.a(lib_a-findfp.o)
                0x0000000000001a44                __sinit
 .text.__sfp    0x0000000000001aa8       0x7c /Users/suryanshu/buckLabs/compiler/gcc-arm-none-eabi/bin/../lib/gcc/arm-none-eabi/4.8.3/../../../../arm-none-eabi/lib/armv6-m/libc_s.a(lib_a-findfp.o)
                0x0000000000001aa8                __sfp
 .text._fwalk_reent
                0x0000000000001b24       0x42 /Users/suryanshu/buckLabs/compiler/gcc-arm-none-eabi/bin/../lib/gcc/arm-none-eabi/4.8.3/../../../../arm-none-eabi/lib/armv6-m/libc_s.a(lib_a-fwalk.o)
                0x0000000000001b24                _fwalk_reent
 *fill*         0x0000000000001b66        0x2 
 .text.__libc_init_array
                0x0000000000001b68       0x4c /Users/suryanshu/buckLabs/compiler/gcc-arm-none-eabi/bin/../lib/gcc/arm-none-eabi/4.8.3/../../../../arm-none-eabi/lib/armv6-m/libc_s.a(lib_a-init.o)
                0x0000000000001b68                __libc_init_array
 .text.free     0x0000000000001bb4       0x14 /Users/suryanshu/buckLabs/compiler/gcc-arm-none-eabi/bin/../lib/gcc/arm-none-eabi/4.8.3/../../../../arm-none-eabi/lib/armv6-m/libc_s.a(lib_a-malloc.o)
                0x0000000000001bb4                free
 .text.memcpy   0x0000000000001bc8       0x12 /Users/suryanshu/buckLabs/compiler/gcc-arm-none-eabi/bin/../lib/gcc/arm-none-eabi/4.8.3/../../../../arm-none-eabi/lib/armv6-m/libc_s.a(lib_a-memcpy-stub.o)
                0x0000000000001bc8                memcpy
 .text.memset   0x0000000000001bda       0x10 /Users/suryanshu/buckLabs/compiler/gcc-arm-none-eabi/bin/../lib/gcc/arm-none-eabi/4.8.3/../../../../arm-none-eabi/lib/armv6-m/libc_s.a(lib_a-memset.o)
                0x0000000000001bda                memset
 *fill*         0x0000000000001bea        0x2 
 .text._free_r  0x0000000000001bec       0x90 /Users/suryanshu/buckLabs/compiler/gcc-arm-none-eabi/bin/../lib/gcc/arm-none-eabi/4.8.3/../../../../arm-none-eabi/lib/armv6-m/libc_s.a(lib_a-nano-freer.o)
                0x0000000000001bec                _free_r
 .text._malloc_r
                0x0000000000001c7c       0xa8 /Users/suryanshu/buckLabs/compiler/gcc-arm-none-eabi/bin/../lib/gcc/arm-none-eabi/4.8.3/../../../../arm-none-eabi/lib/armv6-m/libc_s.a(lib_a-nano-mallocr.o)
                0x0000000000001c7c                _malloc_r
 .text._sbrk_r  0x0000000000001d24       0x24 /Users/suryanshu/buckLabs/compiler/gcc-arm-none-eabi/bin/../lib/gcc/arm-none-eabi/4.8.3/../../../../arm-none-eabi/lib/armv6-m/libc_s.a(lib_a-sbrkr.o)
                0x0000000000001d24                _sbrk_r
 .text.__sread  0x0000000000001d48       0x28 /Users/suryanshu/buckLabs/compiler/gcc-arm-none-eabi/bin/../lib/gcc/arm-none-eabi/4.8.3/../../../../arm-none-eabi/lib/armv6-m/libc_s.a(lib_a-stdio.o)
                0x0000000000001d48                __sread
 .text.__swrite
                0x0000000000001d70       0x38 /Users/suryanshu/buckLabs/compiler/gcc-arm-none-eabi/bin/../lib/gcc/arm-none-eabi/4.8.3/../../../../arm-none-eabi/lib/armv6-m/libc_s.a(lib_a-stdio.o)
                0x0000000000001d70                __swrite
 .text.__sseek  0x0000000000001da8       0x2c /Users/suryanshu/buckLabs/compiler/gcc-arm-none-eabi/bin/../lib/gcc/arm-none-eabi/4.8.3/../../../../arm-none-eabi/lib/armv6-m/libc_s.a(lib_a-stdio.o)
                0x0000000000001da8                __sseek
 .text.__sclose
                0x0000000000001dd4        0xc /Users/suryanshu/buckLabs/compiler/gcc-arm-none-eabi/bin/../lib/gcc/arm-none-eabi/4.8.3/../../../../arm-none-eabi/lib/armv6-m/libc_s.a(lib_a-stdio.o)
                0x0000000000001dd4                __sclose
 .text.strlen   0x0000000000001de0        0xe /Users/suryanshu/buckLabs/compiler/gcc-arm-none-eabi/bin/../lib/gcc/arm-none-eabi/4.8.3/../../../../arm-none-eabi/lib/armv6-m/libc_s.a(lib_a-strlen.o)
                0x0000000000001de0                strlen
 .text.__sfputc_r
                0x0000000000001dee       0x2a /Users/suryanshu/buckLabs/compiler/gcc-arm-none-eabi/bin/../lib/gcc/arm-none-eabi/4.8.3/../../../../arm-none-eabi/lib/armv6-m/libc_s.a(lib_a-vfprintf.o)
 .text.__sfputs_r
                0x0000000000001e18       0x24 /Users/suryanshu/buckLabs/compiler/gcc-arm-none-eabi/bin/../lib/gcc/arm-none-eabi/4.8.3/../../../../arm-none-eabi/lib/armv6-m/libc_s.a(lib_a-vfprintf.o)
                0x0000000000001e18                __sfputs_r
 .text._vfprintf_r
                0x0000000000001e3c      0x210 /Users/suryanshu/buckLabs/compiler/gcc-arm-none-eabi/bin/../lib/gcc/arm-none-eabi/4.8.3/../../../../arm-none-eabi/lib/armv6-m/libc_s.a(lib_a-vfprintf.o)
                0x0000000000001e3c                _vfiprintf_r
                0x0000000000001e3c                _vfprintf_r
 .text.vfprintf
                0x000000000000204c       0x1c /Users/suryanshu/buckLabs/compiler/gcc-arm-none-eabi/bin/../lib/gcc/arm-none-eabi/4.8.3/../../../../arm-none-eabi/lib/armv6-m/libc_s.a(lib_a-vfprintf.o)
                0x000000000000204c                vfiprintf
                0x000000000000204c                vfprintf
 .text._printf_common
                0x0000000000002068       0xe8 /Users/suryanshu/buckLabs/compiler/gcc-arm-none-eabi/bin/../lib/gcc/arm-none-eabi/4.8.3/../../../../arm-none-eabi/lib/armv6-m/libc_s.a(lib_a-vfprintf_i.o)
                0x0000000000002068                _printf_common
 .text._printf_i
                0x0000000000002150      0x22c /Users/suryanshu/buckLabs/compiler/gcc-arm-none-eabi/bin/../lib/gcc/arm-none-eabi/4.8.3/../../../../arm-none-eabi/lib/armv6-m/libc_s.a(lib_a-vfprintf_i.o)
                0x0000000000002150                _printf_i
 .text.__swbuf_r
                0x000000000000237c       0xb0 /Users/suryanshu/buckLabs/compiler/gcc-arm-none-eabi/bin/../lib/gcc/arm-none-eabi/4.8.3/../../../../arm-none-eabi/lib/armv6-m/libc_s.a(lib_a-wbuf.o)
                0x000000000000237c                __swbuf_r
 .text._write_r
                0x000000000000242c       0x28 /Users/suryanshu/buckLabs/compiler/gcc-arm-none-eabi/bin/../lib/gcc/arm-none-eabi/4.8.3/../../../../arm-none-eabi/lib/armv6-m/libc_s.a(lib_a-writer.o)
                0x000000000000242c                _write_r
 .text.__swsetup_r
                0x0000000000002454       0xe4 /Users/suryanshu/buckLabs/compiler/gcc-arm-none-eabi/bin/../lib/gcc/arm-none-eabi/4.8.3/../../../../arm-none-eabi/lib/armv6-m/libc_s.a(lib_a-wsetup.o)
                0x0000000000002454                __swsetup_r
 .text._close_r
                0x0000000000002538       0x24 /Users/suryanshu/buckLabs/compiler/gcc-arm-none-eabi/bin/../lib/gcc/arm-none-eabi/4.8.3/../../../../arm-none-eabi/lib/armv6-m/libc_s.a(lib_a-closer.o)
                0x0000000000002538                _close_r
 .text._lseek_r
                0x000000000000255c       0x28 /Users/suryanshu/buckLabs/compiler/gcc-arm-none-eabi/bin/../lib/gcc/arm-none-eabi/4.8.3/../../../../arm-none-eabi/lib/armv6-m/libc_s.a(lib_a-lseekr.o)
                0x000000000000255c                _lseek_r
 .text.__smakebuf_r
                0x0000000000002584       0xa0 /Users/suryanshu/buckLabs/compiler/gcc-arm-none-eabi/bin/../lib/gcc/arm-none-eabi/4.8.3/../../../../arm-none-eabi/lib/armv6-m/libc_s.a(lib_a-makebuf.o)
                0x0000000000002584                __smakebuf_r
 .text.memchr   0x0000000000002624       0x16 /Users/suryanshu/buckLabs/compiler/gcc-arm-none-eabi/bin/../lib/gcc/arm-none-eabi/4.8.3/../../../../arm-none-eabi/lib/armv6-m/libc_s.a(lib_a-memchr-stub.o)
                0x0000000000002624                memchr
 *fill*         0x000000000000263a        0x2 
 .text._read_r  0x000000000000263c       0x28 /Users/suryanshu/buckLabs/compiler/gcc-arm-none-eabi/bin/../lib/gcc/arm-none-eabi/4.8.3/../../../../arm-none-eabi/lib/armv6-m/libc_s.a(lib_a-readr.o)
                0x000000000000263c                _read_r
 .text._fstat_r
                0x0000000000002664       0x24 /Users/suryanshu/buckLabs/compiler/gcc-arm-none-eabi/bin/../lib/gcc/arm-none-eabi/4.8.3/../../../../arm-none-eabi/lib/armv6-m/libc_s.a(lib_a-fstatr.o)
                0x0000000000002664                _fstat_r
 .text._isatty_r
                0x0000000000002688       0x24 /Users/suryanshu/buckLabs/compiler/gcc-arm-none-eabi/bin/../lib/gcc/arm-none-eabi/4.8.3/../../../../arm-none-eabi/lib/armv6-m/libc_s.a(lib_a-isattyr.o)
                0x0000000000002688                _isatty_r
 *(.init)
 .init          0x00000000000026ac        0x4 /Users/suryanshu/buckLabs/compiler/gcc-arm-none-eabi/bin/../lib/gcc/arm-none-eabi/4.8.3/armv6-m/crti.o
                0x00000000000026ac                _init
 .init          0x00000000000026b0        0x8 /Users/suryanshu/buckLabs/compiler/gcc-arm-none-eabi/bin/../lib/gcc/arm-none-eabi/4.8.3/armv6-m/crtn.o
 *(.fini)
 .fini          0x00000000000026b8        0x4 /Users/suryanshu/buckLabs/compiler/gcc-arm-none-eabi/bin/../lib/gcc/arm-none-eabi/4.8.3/armv6-m/crti.o
                0x00000000000026b8                _fini
 .fini          0x00000000000026bc        0x8 /Users/suryanshu/buckLabs/compiler/gcc-arm-none-eabi/bin/../lib/gcc/arm-none-eabi/4.8.3/armv6-m/crtn.o
 *crtbegin.o(.ctors)
 *crtbegin?.o(.ctors)
 *(EXCLUDE_FILE(*crtend.o *crtend?.o) .ctors)
 *(SORT(.ctors.*))
 *(.ctors)
 *crtbegin.o(.dtors)
 *crtbegin?.o(.dtors)
 *(EXCLUDE_FILE(*crtend.o *crtend?.o) .dtors)
 *(SORT(.dtors.*))
 *(.dtors)
 *(.rodata*)
 *fill*         0x00000000000026c4        0x4 
 .rodata._ZTVN4mbed6TickerE
                0x00000000000026c8       0x18 ../../external/mbed/Release/Freescale_KL25Z/mbed.a(Ticker.o)
                0x00000000000026c8                vtable for mbed::Ticker
 .rodata._ZTVN4mbed10TimerEventE
                0x00000000000026e0       0x18 ../../external/mbed/Release/Freescale_KL25Z/mbed.a(TimerEvent.o)
                0x00000000000026e0                vtable for mbed::TimerEvent
 .rodata.str1.4
                0x00000000000026f8       0x48 ../../external/mbed/Release/Freescale_KL25Z/mbed.a(pinmap_common.o)
 .rodata.PinMap_UART_RX
                0x0000000000002740       0x6c ../../external/mbed/Release/Freescale_KL25Z/mbed.a(PeripheralPins.o)
                0x0000000000002740                PinMap_UART_RX
 .rodata.PinMap_UART_TX
                0x00000000000027ac       0x6c ../../external/mbed/Release/Freescale_KL25Z/mbed.a(PeripheralPins.o)
                0x00000000000027ac                PinMap_UART_TX
 .rodata        0x0000000000002818       0x40 /Users/suryanshu/buckLabs/compiler/gcc-arm-none-eabi/bin/../lib/gcc/arm-none-eabi/4.8.3/armv6-m/libgcc.a(mulsf3.o)
 .rodata.__sf_fake_stdin
                0x0000000000002858       0x20 /Users/suryanshu/buckLabs/compiler/gcc-arm-none-eabi/bin/../lib/gcc/arm-none-eabi/4.8.3/../../../../arm-none-eabi/lib/armv6-m/libc_s.a(lib_a-findfp.o)
                0x0000000000002858                __sf_fake_stdin
 .rodata.__sf_fake_stdout
                0x0000000000002878       0x20 /Users/suryanshu/buckLabs/compiler/gcc-arm-none-eabi/bin/../lib/gcc/arm-none-eabi/4.8.3/../../../../arm-none-eabi/lib/armv6-m/libc_s.a(lib_a-findfp.o)
                0x0000000000002878                __sf_fake_stdout
 .rodata.__sf_fake_stderr
                0x0000000000002898       0x20 /Users/suryanshu/buckLabs/compiler/gcc-arm-none-eabi/bin/../lib/gcc/arm-none-eabi/4.8.3/../../../../arm-none-eabi/lib/armv6-m/libc_s.a(lib_a-findfp.o)
                0x0000000000002898                __sf_fake_stderr
 .rodata.str1.1
                0x00000000000028b8        0x2 /Users/suryanshu/buckLabs/compiler/gcc-arm-none-eabi/bin/../lib/gcc/arm-none-eabi/4.8.3/../../../../arm-none-eabi/lib/armv6-m/libc_s.a(lib_a-impure.o)
 *fill*         0x00000000000028ba        0x2 
 .rodata._global_impure_ptr
                0x00000000000028bc        0x4 /Users/suryanshu/buckLabs/compiler/gcc-arm-none-eabi/bin/../lib/gcc/arm-none-eabi/4.8.3/../../../../arm-none-eabi/lib/armv6-m/libc_s.a(lib_a-impure.o)
                0x00000000000028bc                _global_impure_ptr
 .rodata.str1.1
                0x00000000000028c0       0x11 /Users/suryanshu/buckLabs/compiler/gcc-arm-none-eabi/bin/../lib/gcc/arm-none-eabi/4.8.3/../../../../arm-none-eabi/lib/armv6-m/libc_s.a(lib_a-vfprintf.o)
 .rodata.str1.1
                0x00000000000028d1       0x22 /Users/suryanshu/buckLabs/compiler/gcc-arm-none-eabi/bin/../lib/gcc/arm-none-eabi/4.8.3/../../../../arm-none-eabi/lib/armv6-m/libc_s.a(lib_a-vfprintf_i.o)
 *(.eh_frame*)
 *fill*         0x00000000000028f3        0x1 
 .eh_frame      0x00000000000028f4        0x0 /Users/suryanshu/buckLabs/compiler/gcc-arm-none-eabi/bin/../lib/gcc/arm-none-eabi/4.8.3/armv6-m/crtbegin.o
 .eh_frame      0x00000000000028f4        0x4 /Users/suryanshu/buckLabs/compiler/gcc-arm-none-eabi/bin/../lib/gcc/arm-none-eabi/4.8.3/armv6-m/crtend.o

.glue_7         0x00000000000028f8        0x0
 .glue_7        0x0000000000000000        0x0 linker stubs

.glue_7t        0x00000000000028f8        0x0
 .glue_7t       0x0000000000000000        0x0 linker stubs

.vfp11_veneer   0x00000000000028f8        0x0
 .vfp11_veneer  0x0000000000000000        0x0 linker stubs

.v4_bx          0x00000000000028f8        0x0
 .v4_bx         0x0000000000000000        0x0 linker stubs

.iplt           0x00000000000028f8        0x0
 .iplt          0x0000000000000000        0x0 /Users/suryanshu/buckLabs/compiler/gcc-arm-none-eabi/bin/../lib/gcc/arm-none-eabi/4.8.3/armv6-m/crtbegin.o

.rel.dyn        0x00000000000028f8        0x0
 .rel.iplt      0x0000000000000000        0x0 /Users/suryanshu/buckLabs/compiler/gcc-arm-none-eabi/bin/../lib/gcc/arm-none-eabi/4.8.3/armv6-m/crtbegin.o

.ARM.extab
 *(.ARM.extab* .gnu.linkonce.armextab.*)
                0x00000000000028f8                __exidx_start = .

.ARM.exidx
 *(.ARM.exidx* .gnu.linkonce.armexidx.*)
                0x00000000000028f8                __exidx_end = .
                0x00000000000028f8                __etext = .

.data           0x000000001ffff0c0       0x80 load address 0x00000000000028f8
                0x000000001ffff0c0                __data_start__ = .
 *(vtable)
 *(.data*)
 .data          0x000000001ffff0c0        0x4 /Users/suryanshu/buckLabs/compiler/gcc-arm-none-eabi/bin/../lib/gcc/arm-none-eabi/4.8.3/armv6-m/crtbegin.o
                0x000000001ffff0c0                __dso_handle
 .data.is_debugger_attached
                0x000000001ffff0c4        0x4 ../../external/mbed/Release/Freescale_KL25Z/mbed.a(semihost_api.o)
 .data._ZZ5_sbrkE4heap
                0x000000001ffff0c8        0x4 ../../external/mbed/Release/Freescale_KL25Z/mbed.a(retarget.o)
 .data.SystemCoreClock
                0x000000001ffff0cc        0x4 ../../external/mbed/Release/Freescale_KL25Z/mbed.a(system_MKL25Z4.o)
                0x000000001ffff0cc                SystemCoreClock
 .data.impure_data
                0x000000001ffff0d0       0x60 /Users/suryanshu/buckLabs/compiler/gcc-arm-none-eabi/bin/../lib/gcc/arm-none-eabi/4.8.3/../../../../arm-none-eabi/lib/armv6-m/libc_s.a(lib_a-impure.o)
 .data._impure_ptr
                0x000000001ffff130        0x4 /Users/suryanshu/buckLabs/compiler/gcc-arm-none-eabi/bin/../lib/gcc/arm-none-eabi/4.8.3/../../../../arm-none-eabi/lib/armv6-m/libc_s.a(lib_a-impure.o)
                0x000000001ffff130                _impure_ptr
                0x000000001ffff134                . = ALIGN (0x4)
                0x000000001ffff134                PROVIDE (__preinit_array_start, .)
 *(.preinit_array)
                0x000000001ffff134                PROVIDE (__preinit_array_end, .)
                0x000000001ffff134                . = ALIGN (0x4)
                0x000000001ffff134                PROVIDE (__init_array_start, .)
 *(SORT(.init_array.*))
 *(.init_array)
 .init_array    0x000000001ffff134        0x4 /Users/suryanshu/buckLabs/compiler/gcc-arm-none-eabi/bin/../lib/gcc/arm-none-eabi/4.8.3/armv6-m/crtbegin.o
 .init_array    0x000000001ffff138        0x4 KL25Z/main.o
                0x000000001ffff13c                PROVIDE (__init_array_end, .)
                0x000000001ffff13c                . = ALIGN (0x4)
                0x000000001ffff13c                PROVIDE (__fini_array_start, .)
 *(SORT(.fini_array.*))
 *(.fini_array)
 .fini_array    0x000000001ffff13c        0x4 /Users/suryanshu/buckLabs/compiler/gcc-arm-none-eabi/bin/../lib/gcc/arm-none-eabi/4.8.3/armv6-m/crtbegin.o
                0x000000001ffff140                PROVIDE (__fini_array_end, .)
                0x000000001ffff140                . = ALIGN (0x4)
                0x000000001ffff140                __data_end__ = .

.jcr            0x000000001ffff140        0x0 load address 0x0000000000002978
 .jcr           0x000000001ffff140        0x0 /Users/suryanshu/buckLabs/compiler/gcc-arm-none-eabi/bin/../lib/gcc/arm-none-eabi/4.8.3/armv6-m/crtbegin.o

.igot.plt       0x000000001ffff140        0x0 load address 0x0000000000002978
 .igot.plt      0x0000000000000000        0x0 /Users/suryanshu/buckLabs/compiler/gcc-arm-none-eabi/bin/../lib/gcc/arm-none-eabi/4.8.3/armv6-m/crtbegin.o

.bss            0x000000001ffff140      0x1bc load address 0x0000000000002978
                0x000000001ffff140                __bss_start__ = .
 *(.bss*)
 .bss           0x000000001ffff140       0x1c /Users/suryanshu/buckLabs/compiler/gcc-arm-none-eabi/bin/../lib/gcc/arm-none-eabi/4.8.3/armv6-m/crtbegin.o
 .bss.led1      0x000000001ffff15c       0x18 KL25Z/main.o
                0x000000001ffff15c                led1
 .bss.led2      0x000000001ffff174       0x18 KL25Z/main.o
                0x000000001ffff174                led2
 *fill*         0x000000001ffff18c        0x4 
 .bss.flipper   0x000000001ffff190       0x40 KL25Z/main.o
                0x000000001ffff190                flipper
 .bss._ZL11filehandles
                0x000000001ffff1d0      0x100 ../../external/mbed/Release/Freescale_KL25Z/mbed.a(retarget.o)
 .bss.us_ticker_int_counter
                0x000000001ffff2d0        0x4 ../../external/mbed/Release/Freescale_KL25Z/mbed.a(us_ticker.o)
 .bss.us_ticker_inited
                0x000000001ffff2d4        0x4 ../../external/mbed/Release/Freescale_KL25Z/mbed.a(us_ticker.o)
 .bss.us_ticker_int_remainder
                0x000000001ffff2d8        0x2 ../../external/mbed/Release/Freescale_KL25Z/mbed.a(us_ticker.o)
 *fill*         0x000000001ffff2da        0x2 
 .bss.stdio_uart_inited
                0x000000001ffff2dc        0x4 ../../external/mbed/Release/Freescale_KL25Z/mbed.a(serial_api.o)
                0x000000001ffff2dc                stdio_uart_inited
 .bss.head      0x000000001ffff2e0        0x4 ../../external/mbed/Release/Freescale_KL25Z/mbed.a(us_ticker_api.o)
 .bss.event_handler
                0x000000001ffff2e4        0x4 ../../external/mbed/Release/Freescale_KL25Z/mbed.a(us_ticker_api.o)
 .bss.__malloc_sbrk_start
                0x000000001ffff2e8        0x4 /Users/suryanshu/buckLabs/compiler/gcc-arm-none-eabi/bin/../lib/gcc/arm-none-eabi/4.8.3/../../../../arm-none-eabi/lib/armv6-m/libc_s.a(lib_a-nano-mallocr.o)
                0x000000001ffff2e8                __malloc_sbrk_start
 .bss.__malloc_free_list
                0x000000001ffff2ec        0x4 /Users/suryanshu/buckLabs/compiler/gcc-arm-none-eabi/bin/../lib/gcc/arm-none-eabi/4.8.3/../../../../arm-none-eabi/lib/armv6-m/libc_s.a(lib_a-nano-mallocr.o)
                0x000000001ffff2ec                __malloc_free_list
 *(COMMON)
 COMMON         0x000000001ffff2f0        0x8 ../../external/mbed/Release/Freescale_KL25Z/mbed.a(serial_api.o)
                0x000000001ffff2f0                stdio_uart
 COMMON         0x000000001ffff2f8        0x4 /Users/suryanshu/buckLabs/compiler/gcc-arm-none-eabi/bin/../lib/gcc/arm-none-eabi/4.8.3/../../../../arm-none-eabi/lib/armv6-m/libc_s.a(lib_a-reent.o)
                0x000000001ffff2f8                errno
                0x000000001ffff2fc                __bss_end__ = .

.heap           0x000000001ffff300       0x80
                0x000000001ffff300                __end__ = .
                0x000000001ffff300                end = __end__
 *(.heap*)
 .heap          0x000000001ffff300       0x80 ../../external/mbed/Release/Freescale_KL25Z/mbed.a(startup_MKL25Z4.o)
                0x000000001ffff300                __HeapBase
                0x000000001ffff380                __HeapLimit = .

.stack_dummy    0x000000001ffff300       0x80
 *(.stack)
 .stack         0x000000001ffff300       0x80 ../../external/mbed/Release/Freescale_KL25Z/mbed.a(startup_MKL25Z4.o)
                0x0000000020003000                __StackTop = (ORIGIN (RAM) + 0x3f40)
                0x0000000020002f80                __StackLimit = (__StackTop - SIZEOF (.stack_dummy))
                0x0000000020003000                PROVIDE (__stack, __StackTop)
                0x0000000000000001                ASSERT ((__StackLimit >= __HeapLimit), region RAM overflowed with stack)
OUTPUT(KL25Z/Ticker.elf elf32-littlearm)

.ARM.attributes
                0x0000000000000000       0x28
 .ARM.attributes
                0x0000000000000000       0x1e /Users/suryanshu/buckLabs/compiler/gcc-arm-none-eabi/bin/../lib/gcc/arm-none-eabi/4.8.3/armv6-m/crti.o
 .ARM.attributes
                0x000000000000001e       0x2c /Users/suryanshu/buckLabs/compiler/gcc-arm-none-eabi/bin/../lib/gcc/arm-none-eabi/4.8.3/armv6-m/crtbegin.o
 .ARM.attributes
                0x000000000000004a       0x32 KL25Z/main.o
 .ARM.attributes
                0x000000000000007c       0x32 KL25Z/gcc4mbed.o
 .ARM.attributes
                0x00000000000000ae       0x32 ../../external/mbed/Release/Freescale_KL25Z/mbed.a(exit.o)
 .ARM.attributes
                0x00000000000000e0       0x32 ../../external/mbed/Release/Freescale_KL25Z/mbed.a(gpio.o)
 .ARM.attributes
                0x0000000000000112       0x32 ../../external/mbed/Release/Freescale_KL25Z/mbed.a(mbed_interface.o)
 .ARM.attributes
                0x0000000000000144       0x32 ../../external/mbed/Release/Freescale_KL25Z/mbed.a(semihost_api.o)
 .ARM.attributes
                0x0000000000000176       0x32 ../../external/mbed/Release/Freescale_KL25Z/mbed.a(wait_api.o)
 .ARM.attributes
                0x00000000000001a8       0x32 ../../external/mbed/Release/Freescale_KL25Z/mbed.a(FunctionPointer.o)
 .ARM.attributes
                0x00000000000001da       0x32 ../../external/mbed/Release/Freescale_KL25Z/mbed.a(Ticker.o)
 .ARM.attributes
                0x000000000000020c       0x32 ../../external/mbed/Release/Freescale_KL25Z/mbed.a(TimerEvent.o)
 .ARM.attributes
                0x000000000000023e       0x32 ../../external/mbed/Release/Freescale_KL25Z/mbed.a(retarget.o)
 .ARM.attributes
                0x0000000000000270       0x1b ../../external/mbed/Release/Freescale_KL25Z/mbed.a(startup_MKL25Z4.o)
 .ARM.attributes
                0x000000000000028b       0x32 ../../external/mbed/Release/Freescale_KL25Z/mbed.a(gpio_api.o)
 .ARM.attributes
                0x00000000000002bd       0x32 ../../external/mbed/Release/Freescale_KL25Z/mbed.a(pinmap.o)
 .ARM.attributes
                0x00000000000002ef       0x32 ../../external/mbed/Release/Freescale_KL25Z/mbed.a(us_ticker.o)
 .ARM.attributes
                0x0000000000000321       0x32 ../../external/mbed/Release/Freescale_KL25Z/mbed.a(serial_api.o)
 .ARM.attributes
                0x0000000000000353       0x32 ../../external/mbed/Release/Freescale_KL25Z/mbed.a(cmsis_nvic.o)
 .ARM.attributes
                0x0000000000000385       0x32 ../../external/mbed/Release/Freescale_KL25Z/mbed.a(system_MKL25Z4.o)
 .ARM.attributes
                0x00000000000003b7       0x32 ../../external/mbed/Release/Freescale_KL25Z/mbed.a(board.o)
 .ARM.attributes
                0x00000000000003e9       0x32 ../../external/mbed/Release/Freescale_KL25Z/mbed.a(error.o)
 .ARM.attributes
                0x000000000000041b       0x32 ../../external/mbed/Release/Freescale_KL25Z/mbed.a(pinmap_common.o)
 .ARM.attributes
                0x000000000000044d       0x32 ../../external/mbed/Release/Freescale_KL25Z/mbed.a(us_ticker_api.o)
 .ARM.attributes
                0x000000000000047f       0x32 ../../external/mbed/Release/Freescale_KL25Z/mbed.a(PeripheralPins.o)
 .ARM.attributes
                0x00000000000004b1       0x2c /Users/suryanshu/buckLabs/compiler/gcc-arm-none-eabi/bin/../lib/gcc/arm-none-eabi/4.8.3/../../../../arm-none-eabi/lib/armv6-m/libstdc++_s.a(atexit_arm.o)
 .ARM.attributes
                0x00000000000004dd       0x2c /Users/suryanshu/buckLabs/compiler/gcc-arm-none-eabi/bin/../lib/gcc/arm-none-eabi/4.8.3/../../../../arm-none-eabi/lib/armv6-m/libstdc++_s.a(del_op.o)
 .ARM.attributes
                0x0000000000000509       0x1e /Users/suryanshu/buckLabs/compiler/gcc-arm-none-eabi/bin/../lib/gcc/arm-none-eabi/4.8.3/armv6-m/libgcc.a(_udivsi3.o)
 .ARM.attributes
                0x0000000000000527       0x1e /Users/suryanshu/buckLabs/compiler/gcc-arm-none-eabi/bin/../lib/gcc/arm-none-eabi/4.8.3/armv6-m/libgcc.a(_dvmd_tls.o)
 .ARM.attributes
                0x0000000000000545       0x2c /Users/suryanshu/buckLabs/compiler/gcc-arm-none-eabi/bin/../lib/gcc/arm-none-eabi/4.8.3/armv6-m/libgcc.a(mulsf3.o)
 .ARM.attributes
                0x0000000000000571       0x2c /Users/suryanshu/buckLabs/compiler/gcc-arm-none-eabi/bin/../lib/gcc/arm-none-eabi/4.8.3/armv6-m/libgcc.a(fixsfsi.o)
 .ARM.attributes
                0x000000000000059d       0x1e /Users/suryanshu/buckLabs/compiler/gcc-arm-none-eabi/bin/../lib/gcc/arm-none-eabi/4.8.3/armv6-m/libgcc.a(_clzsi2.o)
 .ARM.attributes
                0x00000000000005bb       0x2c /Users/suryanshu/buckLabs/compiler/gcc-arm-none-eabi/bin/../lib/gcc/arm-none-eabi/4.8.3/../../../../arm-none-eabi/lib/armv6-m/libc_s.a(lib_a-cxa_atexit.o)
 .ARM.attributes
                0x00000000000005e7       0x2c /Users/suryanshu/buckLabs/compiler/gcc-arm-none-eabi/bin/../lib/gcc/arm-none-eabi/4.8.3/../../../../arm-none-eabi/lib/armv6-m/libc_s.a(lib_a-errno.o)
 .ARM.attributes
                0x0000000000000613       0x2c /Users/suryanshu/buckLabs/compiler/gcc-arm-none-eabi/bin/../lib/gcc/arm-none-eabi/4.8.3/../../../../arm-none-eabi/lib/armv6-m/libc_s.a(lib_a-fflush.o)
 .ARM.attributes
                0x000000000000063f       0x2c /Users/suryanshu/buckLabs/compiler/gcc-arm-none-eabi/bin/../lib/gcc/arm-none-eabi/4.8.3/../../../../arm-none-eabi/lib/armv6-m/libc_s.a(lib_a-findfp.o)
 .ARM.attributes
                0x000000000000066b       0x2c /Users/suryanshu/buckLabs/compiler/gcc-arm-none-eabi/bin/../lib/gcc/arm-none-eabi/4.8.3/../../../../arm-none-eabi/lib/armv6-m/libc_s.a(lib_a-fwalk.o)
 .ARM.attributes
                0x0000000000000697       0x2c /Users/suryanshu/buckLabs/compiler/gcc-arm-none-eabi/bin/../lib/gcc/arm-none-eabi/4.8.3/../../../../arm-none-eabi/lib/armv6-m/libc_s.a(lib_a-impure.o)
 .ARM.attributes
                0x00000000000006c3       0x2c /Users/suryanshu/buckLabs/compiler/gcc-arm-none-eabi/bin/../lib/gcc/arm-none-eabi/4.8.3/../../../../arm-none-eabi/lib/armv6-m/libc_s.a(lib_a-init.o)
 .ARM.attributes
                0x00000000000006ef       0x2c /Users/suryanshu/buckLabs/compiler/gcc-arm-none-eabi/bin/../lib/gcc/arm-none-eabi/4.8.3/../../../../arm-none-eabi/lib/armv6-m/libc_s.a(lib_a-malloc.o)
 .ARM.attributes
                0x000000000000071b       0x2c /Users/suryanshu/buckLabs/compiler/gcc-arm-none-eabi/bin/../lib/gcc/arm-none-eabi/4.8.3/../../../../arm-none-eabi/lib/armv6-m/libc_s.a(lib_a-memcpy-stub.o)
 .ARM.attributes
                0x0000000000000747       0x2c /Users/suryanshu/buckLabs/compiler/gcc-arm-none-eabi/bin/../lib/gcc/arm-none-eabi/4.8.3/../../../../arm-none-eabi/lib/armv6-m/libc_s.a(lib_a-memset.o)
 .ARM.attributes
                0x0000000000000773       0x2c /Users/suryanshu/buckLabs/compiler/gcc-arm-none-eabi/bin/../lib/gcc/arm-none-eabi/4.8.3/../../../../arm-none-eabi/lib/armv6-m/libc_s.a(lib_a-nano-freer.o)
 .ARM.attributes
                0x000000000000079f       0x2c /Users/suryanshu/buckLabs/compiler/gcc-arm-none-eabi/bin/../lib/gcc/arm-none-eabi/4.8.3/../../../../arm-none-eabi/lib/armv6-m/libc_s.a(lib_a-nano-mallocr.o)
 .ARM.attributes
                0x00000000000007cb       0x2c /Users/suryanshu/buckLabs/compiler/gcc-arm-none-eabi/bin/../lib/gcc/arm-none-eabi/4.8.3/../../../../arm-none-eabi/lib/armv6-m/libc_s.a(lib_a-reent.o)
 .ARM.attributes
                0x00000000000007f7       0x2c /Users/suryanshu/buckLabs/compiler/gcc-arm-none-eabi/bin/../lib/gcc/arm-none-eabi/4.8.3/../../../../arm-none-eabi/lib/armv6-m/libc_s.a(lib_a-sbrkr.o)
 .ARM.attributes
                0x0000000000000823       0x2c /Users/suryanshu/buckLabs/compiler/gcc-arm-none-eabi/bin/../lib/gcc/arm-none-eabi/4.8.3/../../../../arm-none-eabi/lib/armv6-m/libc_s.a(lib_a-stdio.o)
 .ARM.attributes
                0x000000000000084f       0x2c /Users/suryanshu/buckLabs/compiler/gcc-arm-none-eabi/bin/../lib/gcc/arm-none-eabi/4.8.3/../../../../arm-none-eabi/lib/armv6-m/libc_s.a(lib_a-strlen.o)
 .ARM.attributes
                0x000000000000087b       0x2c /Users/suryanshu/buckLabs/compiler/gcc-arm-none-eabi/bin/../lib/gcc/arm-none-eabi/4.8.3/../../../../arm-none-eabi/lib/armv6-m/libc_s.a(lib_a-vfprintf.o)
 .ARM.attributes
                0x00000000000008a7       0x2c /Users/suryanshu/buckLabs/compiler/gcc-arm-none-eabi/bin/../lib/gcc/arm-none-eabi/4.8.3/../../../../arm-none-eabi/lib/armv6-m/libc_s.a(lib_a-vfprintf_i.o)
 .ARM.attributes
                0x00000000000008d3       0x2c /Users/suryanshu/buckLabs/compiler/gcc-arm-none-eabi/bin/../lib/gcc/arm-none-eabi/4.8.3/../../../../arm-none-eabi/lib/armv6-m/libc_s.a(lib_a-wbuf.o)
 .ARM.attributes
                0x00000000000008ff       0x2c /Users/suryanshu/buckLabs/compiler/gcc-arm-none-eabi/bin/../lib/gcc/arm-none-eabi/4.8.3/../../../../arm-none-eabi/lib/armv6-m/libc_s.a(lib_a-writer.o)
 .ARM.attributes
                0x000000000000092b       0x2c /Users/suryanshu/buckLabs/compiler/gcc-arm-none-eabi/bin/../lib/gcc/arm-none-eabi/4.8.3/../../../../arm-none-eabi/lib/armv6-m/libc_s.a(lib_a-wsetup.o)
 .ARM.attributes
                0x0000000000000957       0x2c /Users/suryanshu/buckLabs/compiler/gcc-arm-none-eabi/bin/../lib/gcc/arm-none-eabi/4.8.3/../../../../arm-none-eabi/lib/armv6-m/libc_s.a(lib_a-closer.o)
 .ARM.attributes
                0x0000000000000983       0x2c /Users/suryanshu/buckLabs/compiler/gcc-arm-none-eabi/bin/../lib/gcc/arm-none-eabi/4.8.3/../../../../arm-none-eabi/lib/armv6-m/libc_s.a(lib_a-lseekr.o)
 .ARM.attributes
                0x00000000000009af       0x2c /Users/suryanshu/buckLabs/compiler/gcc-arm-none-eabi/bin/../lib/gcc/arm-none-eabi/4.8.3/../../../../arm-none-eabi/lib/armv6-m/libc_s.a(lib_a-makebuf.o)
 .ARM.attributes
                0x00000000000009db       0x2c /Users/suryanshu/buckLabs/compiler/gcc-arm-none-eabi/bin/../lib/gcc/arm-none-eabi/4.8.3/../../../../arm-none-eabi/lib/armv6-m/libc_s.a(lib_a-memchr-stub.o)
 .ARM.attributes
                0x0000000000000a07       0x2c /Users/suryanshu/buckLabs/compiler/gcc-arm-none-eabi/bin/../lib/gcc/arm-none-eabi/4.8.3/../../../../arm-none-eabi/lib/armv6-m/libc_s.a(lib_a-readr.o)
 .ARM.attributes
                0x0000000000000a33       0x2c /Users/suryanshu/buckLabs/compiler/gcc-arm-none-eabi/bin/../lib/gcc/arm-none-eabi/4.8.3/../../../../arm-none-eabi/lib/armv6-m/libc_s.a(lib_a-fstatr.o)
 .ARM.attributes
                0x0000000000000a5f       0x2c /Users/suryanshu/buckLabs/compiler/gcc-arm-none-eabi/bin/../lib/gcc/arm-none-eabi/4.8.3/../../../../arm-none-eabi/lib/armv6-m/libc_s.a(lib_a-isattyr.o)
 .ARM.attributes
                0x0000000000000a8b       0x2c /Users/suryanshu/buckLabs/compiler/gcc-arm-none-eabi/bin/../lib/gcc/arm-none-eabi/4.8.3/armv6-m/crtend.o
 .ARM.attributes
                0x0000000000000ab7       0x1e /Users/suryanshu/buckLabs/compiler/gcc-arm-none-eabi/bin/../lib/gcc/arm-none-eabi/4.8.3/armv6-m/crtn.o

.comment        0x0000000000000000       0x70
 .comment       0x0000000000000000       0x70 KL25Z/main.o
                                         0x71 (size before relaxing)
 .comment       0x0000000000000000       0x71 KL25Z/gcc4mbed.o
 .comment       0x0000000000000000       0x71 ../../external/mbed/Release/Freescale_KL25Z/mbed.a(exit.o)
 .comment       0x0000000000000000       0x71 ../../external/mbed/Release/Freescale_KL25Z/mbed.a(gpio.o)
 .comment       0x0000000000000000       0x71 ../../external/mbed/Release/Freescale_KL25Z/mbed.a(mbed_interface.o)
 .comment       0x0000000000000000       0x71 ../../external/mbed/Release/Freescale_KL25Z/mbed.a(semihost_api.o)
 .comment       0x0000000000000000       0x71 ../../external/mbed/Release/Freescale_KL25Z/mbed.a(wait_api.o)
 .comment       0x0000000000000000       0x71 ../../external/mbed/Release/Freescale_KL25Z/mbed.a(FunctionPointer.o)
 .comment       0x0000000000000000       0x71 ../../external/mbed/Release/Freescale_KL25Z/mbed.a(Ticker.o)
 .comment       0x0000000000000000       0x71 ../../external/mbed/Release/Freescale_KL25Z/mbed.a(TimerEvent.o)
 .comment       0x0000000000000000       0x71 ../../external/mbed/Release/Freescale_KL25Z/mbed.a(retarget.o)
 .comment       0x0000000000000000       0x71 ../../external/mbed/Release/Freescale_KL25Z/mbed.a(gpio_api.o)
 .comment       0x0000000000000000       0x71 ../../external/mbed/Release/Freescale_KL25Z/mbed.a(pinmap.o)
 .comment       0x0000000000000000       0x71 ../../external/mbed/Release/Freescale_KL25Z/mbed.a(us_ticker.o)
 .comment       0x0000000000000000       0x71 ../../external/mbed/Release/Freescale_KL25Z/mbed.a(serial_api.o)
 .comment       0x0000000000000000       0x71 ../../external/mbed/Release/Freescale_KL25Z/mbed.a(cmsis_nvic.o)
 .comment       0x0000000000000000       0x71 ../../external/mbed/Release/Freescale_KL25Z/mbed.a(system_MKL25Z4.o)
 .comment       0x0000000000000000       0x71 ../../external/mbed/Release/Freescale_KL25Z/mbed.a(board.o)
 .comment       0x0000000000000000       0x71 ../../external/mbed/Release/Freescale_KL25Z/mbed.a(error.o)
 .comment       0x0000000000000000       0x71 ../../external/mbed/Release/Freescale_KL25Z/mbed.a(pinmap_common.o)
 .comment       0x0000000000000000       0x71 ../../external/mbed/Release/Freescale_KL25Z/mbed.a(us_ticker_api.o)
 .comment       0x0000000000000000       0x71 ../../external/mbed/Release/Freescale_KL25Z/mbed.a(PeripheralPins.o)

.debug_info     0x0000000000000000     0xdd46
 .debug_info    0x0000000000000000     0x23af KL25Z/main.o
 .debug_info    0x00000000000023af      0x40f KL25Z/gcc4mbed.o
 .debug_info    0x00000000000027be      0x907 ../../external/mbed/Release/Freescale_KL25Z/mbed.a(exit.o)
 .debug_info    0x00000000000030c5      0xd4e ../../external/mbed/Release/Freescale_KL25Z/mbed.a(gpio.o)
 .debug_info    0x0000000000003e13      0x386 ../../external/mbed/Release/Freescale_KL25Z/mbed.a(mbed_interface.o)
 .debug_info    0x0000000000004199      0x2fd ../../external/mbed/Release/Freescale_KL25Z/mbed.a(semihost_api.o)
 .debug_info    0x0000000000004496      0x142 ../../external/mbed/Release/Freescale_KL25Z/mbed.a(wait_api.o)
 .debug_info    0x00000000000045d8      0x289 ../../external/mbed/Release/Freescale_KL25Z/mbed.a(FunctionPointer.o)
 .debug_info    0x0000000000004861      0x59a ../../external/mbed/Release/Freescale_KL25Z/mbed.a(Ticker.o)
 .debug_info    0x0000000000004dfb      0x4c9 ../../external/mbed/Release/Freescale_KL25Z/mbed.a(TimerEvent.o)
 .debug_info    0x00000000000052c4     0x2a03 ../../external/mbed/Release/Freescale_KL25Z/mbed.a(retarget.o)
 .debug_info    0x0000000000007cc7       0xd9 ../../external/mbed/Release/Freescale_KL25Z/mbed.a(startup_MKL25Z4.o)
 .debug_info    0x0000000000007da0      0x8c5 ../../external/mbed/Release/Freescale_KL25Z/mbed.a(gpio_api.o)
 .debug_info    0x0000000000008665      0x989 ../../external/mbed/Release/Freescale_KL25Z/mbed.a(pinmap.o)
 .debug_info    0x0000000000008fee      0x9c7 ../../external/mbed/Release/Freescale_KL25Z/mbed.a(us_ticker.o)
 .debug_info    0x00000000000099b5     0x16d0 ../../external/mbed/Release/Freescale_KL25Z/mbed.a(serial_api.o)
 .debug_info    0x000000000000b085      0x2c4 ../../external/mbed/Release/Freescale_KL25Z/mbed.a(cmsis_nvic.o)
 .debug_info    0x000000000000b349      0x474 ../../external/mbed/Release/Freescale_KL25Z/mbed.a(system_MKL25Z4.o)
 .debug_info    0x000000000000b7bd      0x7bf ../../external/mbed/Release/Freescale_KL25Z/mbed.a(board.o)
 .debug_info    0x000000000000bf7c      0x939 ../../external/mbed/Release/Freescale_KL25Z/mbed.a(error.o)
 .debug_info    0x000000000000c8b5      0x87d ../../external/mbed/Release/Freescale_KL25Z/mbed.a(pinmap_common.o)
 .debug_info    0x000000000000d132      0x2f7 ../../external/mbed/Release/Freescale_KL25Z/mbed.a(us_ticker_api.o)
 .debug_info    0x000000000000d429      0x91d ../../external/mbed/Release/Freescale_KL25Z/mbed.a(PeripheralPins.o)

.debug_abbrev   0x0000000000000000     0x2fb7
 .debug_abbrev  0x0000000000000000      0x55c KL25Z/main.o
 .debug_abbrev  0x000000000000055c      0x18d KL25Z/gcc4mbed.o
 .debug_abbrev  0x00000000000006e9      0x1e5 ../../external/mbed/Release/Freescale_KL25Z/mbed.a(exit.o)
 .debug_abbrev  0x00000000000008ce      0x1f0 ../../external/mbed/Release/Freescale_KL25Z/mbed.a(gpio.o)
 .debug_abbrev  0x0000000000000abe      0x174 ../../external/mbed/Release/Freescale_KL25Z/mbed.a(mbed_interface.o)
 .debug_abbrev  0x0000000000000c32      0x13a ../../external/mbed/Release/Freescale_KL25Z/mbed.a(semihost_api.o)
 .debug_abbrev  0x0000000000000d6c       0xc1 ../../external/mbed/Release/Freescale_KL25Z/mbed.a(wait_api.o)
 .debug_abbrev  0x0000000000000e2d      0x185 ../../external/mbed/Release/Freescale_KL25Z/mbed.a(FunctionPointer.o)
 .debug_abbrev  0x0000000000000fb2      0x26f ../../external/mbed/Release/Freescale_KL25Z/mbed.a(Ticker.o)
 .debug_abbrev  0x0000000000001221      0x2b0 ../../external/mbed/Release/Freescale_KL25Z/mbed.a(TimerEvent.o)
 .debug_abbrev  0x00000000000014d1      0x70b ../../external/mbed/Release/Freescale_KL25Z/mbed.a(retarget.o)
 .debug_abbrev  0x0000000000001bdc       0x12 ../../external/mbed/Release/Freescale_KL25Z/mbed.a(startup_MKL25Z4.o)
 .debug_abbrev  0x0000000000001bee      0x1c0 ../../external/mbed/Release/Freescale_KL25Z/mbed.a(gpio_api.o)
 .debug_abbrev  0x0000000000001dae      0x14d ../../external/mbed/Release/Freescale_KL25Z/mbed.a(pinmap.o)
 .debug_abbrev  0x0000000000001efb      0x2d6 ../../external/mbed/Release/Freescale_KL25Z/mbed.a(us_ticker.o)
 .debug_abbrev  0x00000000000021d1      0x45c ../../external/mbed/Release/Freescale_KL25Z/mbed.a(serial_api.o)
 .debug_abbrev  0x000000000000262d      0x146 ../../external/mbed/Release/Freescale_KL25Z/mbed.a(cmsis_nvic.o)
 .debug_abbrev  0x0000000000002773      0x109 ../../external/mbed/Release/Freescale_KL25Z/mbed.a(system_MKL25Z4.o)
 .debug_abbrev  0x000000000000287c      0x17f ../../external/mbed/Release/Freescale_KL25Z/mbed.a(board.o)
 .debug_abbrev  0x00000000000029fb      0x20c ../../external/mbed/Release/Freescale_KL25Z/mbed.a(error.o)
 .debug_abbrev  0x0000000000002c07      0x191 ../../external/mbed/Release/Freescale_KL25Z/mbed.a(pinmap_common.o)
 .debug_abbrev  0x0000000000002d98      0x175 ../../external/mbed/Release/Freescale_KL25Z/mbed.a(us_ticker_api.o)
 .debug_abbrev  0x0000000000002f0d       0xaa ../../external/mbed/Release/Freescale_KL25Z/mbed.a(PeripheralPins.o)

.debug_loc      0x0000000000000000     0x2a15
 .debug_loc     0x0000000000000000      0x11a KL25Z/main.o
 .debug_loc     0x000000000000011a      0x191 KL25Z/gcc4mbed.o
 .debug_loc     0x00000000000002ab       0x1e ../../external/mbed/Release/Freescale_KL25Z/mbed.a(exit.o)
 .debug_loc     0x00000000000002c9      0x62a ../../external/mbed/Release/Freescale_KL25Z/mbed.a(gpio.o)
 .debug_loc     0x00000000000008f3      0x105 ../../external/mbed/Release/Freescale_KL25Z/mbed.a(mbed_interface.o)
 .debug_loc     0x00000000000009f8      0x135 ../../external/mbed/Release/Freescale_KL25Z/mbed.a(semihost_api.o)
 .debug_loc     0x0000000000000b2d       0x83 ../../external/mbed/Release/Freescale_KL25Z/mbed.a(wait_api.o)
 .debug_loc     0x0000000000000bb0       0x47 ../../external/mbed/Release/Freescale_KL25Z/mbed.a(FunctionPointer.o)
 .debug_loc     0x0000000000000bf7      0x150 ../../external/mbed/Release/Freescale_KL25Z/mbed.a(Ticker.o)
 .debug_loc     0x0000000000000d47      0x170 ../../external/mbed/Release/Freescale_KL25Z/mbed.a(TimerEvent.o)
 .debug_loc     0x0000000000000eb7      0xa90 ../../external/mbed/Release/Freescale_KL25Z/mbed.a(retarget.o)
 .debug_loc     0x0000000000001947      0x11f ../../external/mbed/Release/Freescale_KL25Z/mbed.a(gpio_api.o)
 .debug_loc     0x0000000000001a66      0x13a ../../external/mbed/Release/Freescale_KL25Z/mbed.a(pinmap.o)
 .debug_loc     0x0000000000001ba0      0x209 ../../external/mbed/Release/Freescale_KL25Z/mbed.a(us_ticker.o)
 .debug_loc     0x0000000000001da9      0x7c6 ../../external/mbed/Release/Freescale_KL25Z/mbed.a(serial_api.o)
 .debug_loc     0x000000000000256f       0x6b ../../external/mbed/Release/Freescale_KL25Z/mbed.a(cmsis_nvic.o)
 .debug_loc     0x00000000000025da       0xb0 ../../external/mbed/Release/Freescale_KL25Z/mbed.a(system_MKL25Z4.o)
 .debug_loc     0x000000000000268a      0x1a3 ../../external/mbed/Release/Freescale_KL25Z/mbed.a(pinmap_common.o)
 .debug_loc     0x000000000000282d      0x1e8 ../../external/mbed/Release/Freescale_KL25Z/mbed.a(us_ticker_api.o)

.debug_aranges  0x0000000000000000      0x620
 .debug_aranges
                0x0000000000000000       0x40 KL25Z/main.o
 .debug_aranges
                0x0000000000000040       0x68 KL25Z/gcc4mbed.o
 .debug_aranges
                0x00000000000000a8       0x20 ../../external/mbed/Release/Freescale_KL25Z/mbed.a(exit.o)
 .debug_aranges
                0x00000000000000c8       0x40 ../../external/mbed/Release/Freescale_KL25Z/mbed.a(gpio.o)
 .debug_aranges
                0x0000000000000108       0x58 ../../external/mbed/Release/Freescale_KL25Z/mbed.a(mbed_interface.o)
 .debug_aranges
                0x0000000000000160       0x50 ../../external/mbed/Release/Freescale_KL25Z/mbed.a(semihost_api.o)
 .debug_aranges
                0x00000000000001b0       0x30 ../../external/mbed/Release/Freescale_KL25Z/mbed.a(wait_api.o)
 .debug_aranges
                0x00000000000001e0       0x30 ../../external/mbed/Release/Freescale_KL25Z/mbed.a(FunctionPointer.o)
 .debug_aranges
                0x0000000000000210       0x40 ../../external/mbed/Release/Freescale_KL25Z/mbed.a(Ticker.o)
 .debug_aranges
                0x0000000000000250       0x48 ../../external/mbed/Release/Freescale_KL25Z/mbed.a(TimerEvent.o)
 .debug_aranges
                0x0000000000000298       0xf8 ../../external/mbed/Release/Freescale_KL25Z/mbed.a(retarget.o)
 .debug_aranges
                0x0000000000000390       0x28 ../../external/mbed/Release/Freescale_KL25Z/mbed.a(startup_MKL25Z4.o)
 .debug_aranges
                0x00000000000003b8       0x38 ../../external/mbed/Release/Freescale_KL25Z/mbed.a(gpio_api.o)
 .debug_aranges
                0x00000000000003f0       0x28 ../../external/mbed/Release/Freescale_KL25Z/mbed.a(pinmap.o)
 .debug_aranges
                0x0000000000000418       0x48 ../../external/mbed/Release/Freescale_KL25Z/mbed.a(us_ticker.o)
 .debug_aranges
                0x0000000000000460       0xa8 ../../external/mbed/Release/Freescale_KL25Z/mbed.a(serial_api.o)
 .debug_aranges
                0x0000000000000508       0x28 ../../external/mbed/Release/Freescale_KL25Z/mbed.a(cmsis_nvic.o)
 .debug_aranges
                0x0000000000000530       0x28 ../../external/mbed/Release/Freescale_KL25Z/mbed.a(system_MKL25Z4.o)
 .debug_aranges
                0x0000000000000558       0x20 ../../external/mbed/Release/Freescale_KL25Z/mbed.a(board.o)
 .debug_aranges
                0x0000000000000578       0x20 ../../external/mbed/Release/Freescale_KL25Z/mbed.a(error.o)
 .debug_aranges
                0x0000000000000598       0x38 ../../external/mbed/Release/Freescale_KL25Z/mbed.a(pinmap_common.o)
 .debug_aranges
                0x00000000000005d0       0x38 ../../external/mbed/Release/Freescale_KL25Z/mbed.a(us_ticker_api.o)
 .debug_aranges
                0x0000000000000608       0x18 ../../external/mbed/Release/Freescale_KL25Z/mbed.a(PeripheralPins.o)

.debug_ranges   0x0000000000000000      0xa50
 .debug_ranges  0x0000000000000000       0xe8 KL25Z/main.o
 .debug_ranges  0x00000000000000e8       0x58 KL25Z/gcc4mbed.o
 .debug_ranges  0x0000000000000140       0x10 ../../external/mbed/Release/Freescale_KL25Z/mbed.a(exit.o)
 .debug_ranges  0x0000000000000150       0xc0 ../../external/mbed/Release/Freescale_KL25Z/mbed.a(gpio.o)
 .debug_ranges  0x0000000000000210       0x48 ../../external/mbed/Release/Freescale_KL25Z/mbed.a(mbed_interface.o)
 .debug_ranges  0x0000000000000258       0x70 ../../external/mbed/Release/Freescale_KL25Z/mbed.a(semihost_api.o)
 .debug_ranges  0x00000000000002c8       0x20 ../../external/mbed/Release/Freescale_KL25Z/mbed.a(wait_api.o)
 .debug_ranges  0x00000000000002e8       0x20 ../../external/mbed/Release/Freescale_KL25Z/mbed.a(FunctionPointer.o)
 .debug_ranges  0x0000000000000308       0x50 ../../external/mbed/Release/Freescale_KL25Z/mbed.a(Ticker.o)
 .debug_ranges  0x0000000000000358       0x68 ../../external/mbed/Release/Freescale_KL25Z/mbed.a(TimerEvent.o)
 .debug_ranges  0x00000000000003c0      0x2a8 ../../external/mbed/Release/Freescale_KL25Z/mbed.a(retarget.o)
 .debug_ranges  0x0000000000000668       0x20 ../../external/mbed/Release/Freescale_KL25Z/mbed.a(startup_MKL25Z4.o)
 .debug_ranges  0x0000000000000688       0x28 ../../external/mbed/Release/Freescale_KL25Z/mbed.a(gpio_api.o)
 .debug_ranges  0x00000000000006b0       0x18 ../../external/mbed/Release/Freescale_KL25Z/mbed.a(pinmap.o)
 .debug_ranges  0x00000000000006c8       0xf0 ../../external/mbed/Release/Freescale_KL25Z/mbed.a(us_ticker.o)
 .debug_ranges  0x00000000000007b8      0x178 ../../external/mbed/Release/Freescale_KL25Z/mbed.a(serial_api.o)
 .debug_ranges  0x0000000000000930       0x18 ../../external/mbed/Release/Freescale_KL25Z/mbed.a(cmsis_nvic.o)
 .debug_ranges  0x0000000000000948       0x18 ../../external/mbed/Release/Freescale_KL25Z/mbed.a(system_MKL25Z4.o)
 .debug_ranges  0x0000000000000960       0x40 ../../external/mbed/Release/Freescale_KL25Z/mbed.a(board.o)
 .debug_ranges  0x00000000000009a0       0x10 ../../external/mbed/Release/Freescale_KL25Z/mbed.a(error.o)
 .debug_ranges  0x00000000000009b0       0x40 ../../external/mbed/Release/Freescale_KL25Z/mbed.a(pinmap_common.o)
 .debug_ranges  0x00000000000009f0       0x60 ../../external/mbed/Release/Freescale_KL25Z/mbed.a(us_ticker_api.o)

.debug_macro    0x0000000000000000     0xae83
 .debug_macro   0x0000000000000000      0x491 KL25Z/main.o
 .debug_macro   0x0000000000000491      0x874 KL25Z/main.o
 .debug_macro   0x0000000000000d05       0x10 KL25Z/main.o
 .debug_macro   0x0000000000000d15       0x10 KL25Z/main.o
 .debug_macro   0x0000000000000d25       0x8e KL25Z/main.o
 .debug_macro   0x0000000000000db3       0x34 KL25Z/main.o
 .debug_macro   0x0000000000000de7       0x3a KL25Z/main.o
 .debug_macro   0x0000000000000e21       0x1c KL25Z/main.o
 .debug_macro   0x0000000000000e3d       0x16 KL25Z/main.o
 .debug_macro   0x0000000000000e53       0x44 KL25Z/main.o
 .debug_macro   0x0000000000000e97      0x209 KL25Z/main.o
 .debug_macro   0x00000000000010a0       0x1f KL25Z/main.o
 .debug_macro   0x00000000000010bf      0x250 KL25Z/main.o
 .debug_macro   0x000000000000130f     0x399a KL25Z/main.o
 .debug_macro   0x0000000000004ca9       0x16 KL25Z/main.o
 .debug_macro   0x0000000000004cbf       0x94 KL25Z/main.o
 .debug_macro   0x0000000000004d53       0x10 KL25Z/main.o
 .debug_macro   0x0000000000004d63       0x10 KL25Z/main.o
 .debug_macro   0x0000000000004d73       0xef KL25Z/main.o
 .debug_macro   0x0000000000004e62      0x322 KL25Z/main.o
 .debug_macro   0x0000000000005184      0x174 KL25Z/main.o
 .debug_macro   0x00000000000052f8       0x58 KL25Z/main.o
 .debug_macro   0x0000000000005350       0x35 KL25Z/main.o
 .debug_macro   0x0000000000005385       0xa3 KL25Z/main.o
 .debug_macro   0x0000000000005428       0x16 KL25Z/main.o
 .debug_macro   0x000000000000543e       0x35 KL25Z/main.o
 .debug_macro   0x0000000000005473       0x52 KL25Z/main.o
 .debug_macro   0x00000000000054c5       0x16 KL25Z/main.o
 .debug_macro   0x00000000000054db       0x43 KL25Z/main.o
 .debug_macro   0x000000000000551e      0x180 KL25Z/main.o
 .debug_macro   0x000000000000569e       0x16 KL25Z/main.o
 .debug_macro   0x00000000000056b4       0x29 KL25Z/main.o
 .debug_macro   0x00000000000056dd       0xac KL25Z/main.o
 .debug_macro   0x0000000000005789       0x1c KL25Z/main.o
 .debug_macro   0x00000000000057a5       0x10 KL25Z/main.o
 .debug_macro   0x00000000000057b5       0x10 KL25Z/main.o
 .debug_macro   0x00000000000057c5       0x22 KL25Z/main.o
 .debug_macro   0x00000000000057e7       0xbd KL25Z/main.o
 .debug_macro   0x00000000000058a4       0x16 KL25Z/main.o
 .debug_macro   0x00000000000058ba      0x16c KL25Z/main.o
 .debug_macro   0x0000000000005a26      0x100 KL25Z/main.o
 .debug_macro   0x0000000000005b26      0x2ad KL25Z/main.o
 .debug_macro   0x0000000000005dd3       0x10 KL25Z/main.o
 .debug_macro   0x0000000000005de3       0x1f KL25Z/main.o
 .debug_macro   0x0000000000005e02       0x8e KL25Z/main.o
 .debug_macro   0x0000000000005e90      0x1da KL25Z/main.o
 .debug_macro   0x000000000000606a       0x16 KL25Z/main.o
 .debug_macro   0x0000000000006080       0x10 KL25Z/main.o
 .debug_macro   0x0000000000006090       0x41 KL25Z/main.o
 .debug_macro   0x00000000000060d1       0x3a KL25Z/main.o
 .debug_macro   0x000000000000610b      0x18e KL25Z/main.o
 .debug_macro   0x0000000000006299      0x126 KL25Z/main.o
 .debug_macro   0x00000000000063bf       0x10 KL25Z/main.o
 .debug_macro   0x00000000000063cf       0x7c KL25Z/main.o
 .debug_macro   0x000000000000644b      0x170 KL25Z/gcc4mbed.o
 .debug_macro   0x00000000000065bb      0x862 KL25Z/gcc4mbed.o
 .debug_macro   0x0000000000006e1d       0xa3 KL25Z/gcc4mbed.o
 .debug_macro   0x0000000000006ec0      0x166 KL25Z/gcc4mbed.o
 .debug_macro   0x0000000000007026       0x4a KL25Z/gcc4mbed.o
 .debug_macro   0x0000000000007070       0x43 KL25Z/gcc4mbed.o
 .debug_macro   0x00000000000070b3      0x2a6 KL25Z/gcc4mbed.o
 .debug_macro   0x0000000000007359       0x35 KL25Z/gcc4mbed.o
 .debug_macro   0x000000000000738e       0x10 KL25Z/gcc4mbed.o
 .debug_macro   0x000000000000739e      0x241 KL25Z/gcc4mbed.o
 .debug_macro   0x00000000000075df      0x20f KL25Z/gcc4mbed.o
 .debug_macro   0x00000000000077ee       0x52 KL25Z/gcc4mbed.o
 .debug_macro   0x0000000000007840      0x250 KL25Z/gcc4mbed.o
 .debug_macro   0x0000000000007a90      0x1be ../../external/mbed/Release/Freescale_KL25Z/mbed.a(exit.o)
 .debug_macro   0x0000000000007c4e      0x84a ../../external/mbed/Release/Freescale_KL25Z/mbed.a(exit.o)
 .debug_macro   0x0000000000008498       0x16 ../../external/mbed/Release/Freescale_KL25Z/mbed.a(exit.o)
 .debug_macro   0x00000000000084ae       0x16 ../../external/mbed/Release/Freescale_KL25Z/mbed.a(exit.o)
 .debug_macro   0x00000000000084c4       0x16 ../../external/mbed/Release/Freescale_KL25Z/mbed.a(exit.o)
 .debug_macro   0x00000000000084da       0x97 ../../external/mbed/Release/Freescale_KL25Z/mbed.a(exit.o)
 .debug_macro   0x0000000000008571       0xef ../../external/mbed/Release/Freescale_KL25Z/mbed.a(exit.o)
 .debug_macro   0x0000000000008660       0xdf ../../external/mbed/Release/Freescale_KL25Z/mbed.a(gpio.o)
 .debug_macro   0x000000000000873f      0x1da ../../external/mbed/Release/Freescale_KL25Z/mbed.a(mbed_interface.o)
 .debug_macro   0x0000000000008919       0x34 ../../external/mbed/Release/Freescale_KL25Z/mbed.a(mbed_interface.o)
 .debug_macro   0x000000000000894d      0x206 ../../external/mbed/Release/Freescale_KL25Z/mbed.a(semihost_api.o)
 .debug_macro   0x0000000000008b53       0x56 ../../external/mbed/Release/Freescale_KL25Z/mbed.a(wait_api.o)
 .debug_macro   0x0000000000008ba9       0xda ../../external/mbed/Release/Freescale_KL25Z/mbed.a(FunctionPointer.o)
 .debug_macro   0x0000000000008c83      0x85c ../../external/mbed/Release/Freescale_KL25Z/mbed.a(FunctionPointer.o)
 .debug_macro   0x00000000000094df      0x124 ../../external/mbed/Release/Freescale_KL25Z/mbed.a(Ticker.o)
 .debug_macro   0x0000000000009603       0xb5 ../../external/mbed/Release/Freescale_KL25Z/mbed.a(TimerEvent.o)
 .debug_macro   0x00000000000096b8      0x348 ../../external/mbed/Release/Freescale_KL25Z/mbed.a(retarget.o)
 .debug_macro   0x0000000000009a00      0x120 ../../external/mbed/Release/Freescale_KL25Z/mbed.a(retarget.o)
 .debug_macro   0x0000000000009b20       0x16 ../../external/mbed/Release/Freescale_KL25Z/mbed.a(retarget.o)
 .debug_macro   0x0000000000009b36      0x48e ../../external/mbed/Release/Freescale_KL25Z/mbed.a(retarget.o)
 .debug_macro   0x0000000000009fc4       0xe9 ../../external/mbed/Release/Freescale_KL25Z/mbed.a(gpio_api.o)
 .debug_macro   0x000000000000a0ad       0xb6 ../../external/mbed/Release/Freescale_KL25Z/mbed.a(pinmap.o)
 .debug_macro   0x000000000000a163       0xdc ../../external/mbed/Release/Freescale_KL25Z/mbed.a(us_ticker.o)
 .debug_macro   0x000000000000a23f       0x8e ../../external/mbed/Release/Freescale_KL25Z/mbed.a(us_ticker.o)
 .debug_macro   0x000000000000a2cd      0x1c7 ../../external/mbed/Release/Freescale_KL25Z/mbed.a(serial_api.o)
 .debug_macro   0x000000000000a494      0x1e1 ../../external/mbed/Release/Freescale_KL25Z/mbed.a(serial_api.o)
 .debug_macro   0x000000000000a675       0x9f ../../external/mbed/Release/Freescale_KL25Z/mbed.a(cmsis_nvic.o)
 .debug_macro   0x000000000000a714       0xa0 ../../external/mbed/Release/Freescale_KL25Z/mbed.a(system_MKL25Z4.o)
 .debug_macro   0x000000000000a7b4       0xfb ../../external/mbed/Release/Freescale_KL25Z/mbed.a(board.o)
 .debug_macro   0x000000000000a8af      0x1d2 ../../external/mbed/Release/Freescale_KL25Z/mbed.a(error.o)
 .debug_macro   0x000000000000aa81      0x10e ../../external/mbed/Release/Freescale_KL25Z/mbed.a(error.o)
 .debug_macro   0x000000000000ab8f       0x7f ../../external/mbed/Release/Freescale_KL25Z/mbed.a(error.o)
 .debug_macro   0x000000000000ac0e       0x58 ../../external/mbed/Release/Freescale_KL25Z/mbed.a(error.o)
 .debug_macro   0x000000000000ac66       0xb7 ../../external/mbed/Release/Freescale_KL25Z/mbed.a(pinmap_common.o)
 .debug_macro   0x000000000000ad1d       0xa6 ../../external/mbed/Release/Freescale_KL25Z/mbed.a(us_ticker_api.o)
 .debug_macro   0x000000000000adc3       0xc0 ../../external/mbed/Release/Freescale_KL25Z/mbed.a(PeripheralPins.o)

.debug_line     0x0000000000000000     0x6f1c
 .debug_line    0x0000000000000000      0xa6d KL25Z/main.o
 .debug_line    0x0000000000000a6d      0x498 KL25Z/gcc4mbed.o
 .debug_line    0x0000000000000f05      0x4f3 ../../external/mbed/Release/Freescale_KL25Z/mbed.a(exit.o)
 .debug_line    0x00000000000013f8      0x4f1 ../../external/mbed/Release/Freescale_KL25Z/mbed.a(gpio.o)
 .debug_line    0x00000000000018e9      0x612 ../../external/mbed/Release/Freescale_KL25Z/mbed.a(mbed_interface.o)
 .debug_line    0x0000000000001efb      0x5f7 ../../external/mbed/Release/Freescale_KL25Z/mbed.a(semihost_api.o)
 .debug_line    0x00000000000024f2      0x27d ../../external/mbed/Release/Freescale_KL25Z/mbed.a(wait_api.o)
 .debug_line    0x000000000000276f      0x329 ../../external/mbed/Release/Freescale_KL25Z/mbed.a(FunctionPointer.o)
 .debug_line    0x0000000000002a98      0x3d2 ../../external/mbed/Release/Freescale_KL25Z/mbed.a(Ticker.o)
 .debug_line    0x0000000000002e6a      0x3c6 ../../external/mbed/Release/Freescale_KL25Z/mbed.a(TimerEvent.o)
 .debug_line    0x0000000000003230      0xaaf ../../external/mbed/Release/Freescale_KL25Z/mbed.a(retarget.o)
 .debug_line    0x0000000000003cdf       0xdb ../../external/mbed/Release/Freescale_KL25Z/mbed.a(startup_MKL25Z4.o)
 .debug_line    0x0000000000003dba      0x485 ../../external/mbed/Release/Freescale_KL25Z/mbed.a(gpio_api.o)
 .debug_line    0x000000000000423f      0x3f3 ../../external/mbed/Release/Freescale_KL25Z/mbed.a(pinmap.o)
 .debug_line    0x0000000000004632      0x55d ../../external/mbed/Release/Freescale_KL25Z/mbed.a(us_ticker.o)
 .debug_line    0x0000000000004b8f      0x806 ../../external/mbed/Release/Freescale_KL25Z/mbed.a(serial_api.o)
 .debug_line    0x0000000000005395      0x2e0 ../../external/mbed/Release/Freescale_KL25Z/mbed.a(cmsis_nvic.o)
 .debug_line    0x0000000000005675      0x32a ../../external/mbed/Release/Freescale_KL25Z/mbed.a(system_MKL25Z4.o)
 .debug_line    0x000000000000599f      0x4cb ../../external/mbed/Release/Freescale_KL25Z/mbed.a(board.o)
 .debug_line    0x0000000000005e6a      0x50d ../../external/mbed/Release/Freescale_KL25Z/mbed.a(error.o)
 .debug_line    0x0000000000006377      0x410 ../../external/mbed/Release/Freescale_KL25Z/mbed.a(pinmap_common.o)
 .debug_line    0x0000000000006787      0x3d8 ../../external/mbed/Release/Freescale_KL25Z/mbed.a(us_ticker_api.o)
 .debug_line    0x0000000000006b5f      0x3bd ../../external/mbed/Release/Freescale_KL25Z/mbed.a(PeripheralPins.o)

.debug_str      0x0000000000000000    0x1fae8
 .debug_str     0x0000000000000000    0x1c42b KL25Z/main.o
                                      0x1c9a1 (size before relaxing)
 .debug_str     0x000000000001c42b      0xaf1 KL25Z/gcc4mbed.o
                                      0x18a46 (size before relaxing)
 .debug_str     0x000000000001cf1c      0x133 ../../external/mbed/Release/Freescale_KL25Z/mbed.a(exit.o)
                                      0x1846c (size before relaxing)
 .debug_str     0x000000000001d04f       0xec ../../external/mbed/Release/Freescale_KL25Z/mbed.a(gpio.o)
                                      0x1627b (size before relaxing)
 .debug_str     0x000000000001d13b      0x105 ../../external/mbed/Release/Freescale_KL25Z/mbed.a(mbed_interface.o)
                                      0x18194 (size before relaxing)
 .debug_str     0x000000000001d240      0x267 ../../external/mbed/Release/Freescale_KL25Z/mbed.a(semihost_api.o)
                                      0x185b1 (size before relaxing)
 .debug_str     0x000000000001d4a7       0x54 ../../external/mbed/Release/Freescale_KL25Z/mbed.a(wait_api.o)
                                       0x2f26 (size before relaxing)
 .debug_str     0x000000000001d4fb       0x60 ../../external/mbed/Release/Freescale_KL25Z/mbed.a(FunctionPointer.o)
                                       0x4caa (size before relaxing)
 .debug_str     0x000000000001d55b       0x99 ../../external/mbed/Release/Freescale_KL25Z/mbed.a(Ticker.o)
                                       0x5788 (size before relaxing)
 .debug_str     0x000000000001d5f4      0x168 ../../external/mbed/Release/Freescale_KL25Z/mbed.a(TimerEvent.o)
                                      0x15f26 (size before relaxing)
 .debug_str     0x000000000001d75c     0x142c ../../external/mbed/Release/Freescale_KL25Z/mbed.a(retarget.o)
                                      0x1ceab (size before relaxing)
 .debug_str     0x000000000001eb88       0xb3 ../../external/mbed/Release/Freescale_KL25Z/mbed.a(gpio_api.o)
                                      0x1627e (size before relaxing)
 .debug_str     0x000000000001ec3b      0x15b ../../external/mbed/Release/Freescale_KL25Z/mbed.a(pinmap.o)
                                      0x15f2b (size before relaxing)
 .debug_str     0x000000000001ed96      0x434 ../../external/mbed/Release/Freescale_KL25Z/mbed.a(us_ticker.o)
                                      0x163a1 (size before relaxing)
 .debug_str     0x000000000001f1ca      0x2e6 ../../external/mbed/Release/Freescale_KL25Z/mbed.a(serial_api.o)
                                      0x197de (size before relaxing)
 .debug_str     0x000000000001f4b0       0xf7 ../../external/mbed/Release/Freescale_KL25Z/mbed.a(cmsis_nvic.o)
                                      0x15bf4 (size before relaxing)
 .debug_str     0x000000000001f5a7      0x137 ../../external/mbed/Release/Freescale_KL25Z/mbed.a(system_MKL25Z4.o)
                                      0x15b33 (size before relaxing)
 .debug_str     0x000000000001f6de       0x48 ../../external/mbed/Release/Freescale_KL25Z/mbed.a(board.o)
                                      0x163ce (size before relaxing)
 .debug_str     0x000000000001f726      0x117 ../../external/mbed/Release/Freescale_KL25Z/mbed.a(error.o)
                                      0x18480 (size before relaxing)
 .debug_str     0x000000000001f83d       0x51 ../../external/mbed/Release/Freescale_KL25Z/mbed.a(pinmap_common.o)
                                      0x15e37 (size before relaxing)
 .debug_str     0x000000000001f88e       0x5b ../../external/mbed/Release/Freescale_KL25Z/mbed.a(us_ticker_api.o)
                                      0x15dd2 (size before relaxing)
 .debug_str     0x000000000001f8e9      0x1ff ../../external/mbed/Release/Freescale_KL25Z/mbed.a(PeripheralPins.o)
                                      0x16182 (size before relaxing)

.debug_frame    0x0000000000000000     0x1558
 .debug_frame   0x0000000000000000       0x80 KL25Z/main.o
 .debug_frame   0x0000000000000080       0xf8 KL25Z/gcc4mbed.o
 .debug_frame   0x0000000000000178       0x2c ../../external/mbed/Release/Freescale_KL25Z/mbed.a(exit.o)
 .debug_frame   0x00000000000001a4       0x9c ../../external/mbed/Release/Freescale_KL25Z/mbed.a(gpio.o)
 .debug_frame   0x0000000000000240       0xd8 ../../external/mbed/Release/Freescale_KL25Z/mbed.a(mbed_interface.o)
 .debug_frame   0x0000000000000318       0xc8 ../../external/mbed/Release/Freescale_KL25Z/mbed.a(semihost_api.o)
 .debug_frame   0x00000000000003e0       0x5c ../../external/mbed/Release/Freescale_KL25Z/mbed.a(wait_api.o)
 .debug_frame   0x000000000000043c       0x48 ../../external/mbed/Release/Freescale_KL25Z/mbed.a(FunctionPointer.o)
 .debug_frame   0x0000000000000484       0x8c ../../external/mbed/Release/Freescale_KL25Z/mbed.a(Ticker.o)
 .debug_frame   0x0000000000000510       0xa0 ../../external/mbed/Release/Freescale_KL25Z/mbed.a(TimerEvent.o)
 .debug_frame   0x00000000000005b0      0x2bc ../../external/mbed/Release/Freescale_KL25Z/mbed.a(retarget.o)
 .debug_frame   0x000000000000086c       0x6c ../../external/mbed/Release/Freescale_KL25Z/mbed.a(gpio_api.o)
 .debug_frame   0x00000000000008d8       0x40 ../../external/mbed/Release/Freescale_KL25Z/mbed.a(pinmap.o)
 .debug_frame   0x0000000000000918       0xa0 ../../external/mbed/Release/Freescale_KL25Z/mbed.a(us_ticker.o)
 .debug_frame   0x00000000000009b8      0x1c8 ../../external/mbed/Release/Freescale_KL25Z/mbed.a(serial_api.o)
 .debug_frame   0x0000000000000b80       0x3c ../../external/mbed/Release/Freescale_KL25Z/mbed.a(cmsis_nvic.o)
 .debug_frame   0x0000000000000bbc       0x44 ../../external/mbed/Release/Freescale_KL25Z/mbed.a(system_MKL25Z4.o)
 .debug_frame   0x0000000000000c00       0x28 ../../external/mbed/Release/Freescale_KL25Z/mbed.a(board.o)
 .debug_frame   0x0000000000000c28       0x2c ../../external/mbed/Release/Freescale_KL25Z/mbed.a(error.o)
 .debug_frame   0x0000000000000c54       0x68 ../../external/mbed/Release/Freescale_KL25Z/mbed.a(pinmap_common.o)
 .debug_frame   0x0000000000000cbc       0x90 ../../external/mbed/Release/Freescale_KL25Z/mbed.a(us_ticker_api.o)
 .debug_frame   0x0000000000000d4c       0x28 /Users/suryanshu/buckLabs/compiler/gcc-arm-none-eabi/bin/../lib/gcc/arm-none-eabi/4.8.3/../../../../arm-none-eabi/lib/armv6-m/libstdc++_s.a(atexit_arm.o)
 .debug_frame   0x0000000000000d74       0x28 /Users/suryanshu/buckLabs/compiler/gcc-arm-none-eabi/bin/../lib/gcc/arm-none-eabi/4.8.3/../../../../arm-none-eabi/lib/armv6-m/libstdc++_s.a(del_op.o)
 .debug_frame   0x0000000000000d9c       0x20 /Users/suryanshu/buckLabs/compiler/gcc-arm-none-eabi/bin/../lib/gcc/arm-none-eabi/4.8.3/armv6-m/libgcc.a(_udivsi3.o)
 .debug_frame   0x0000000000000dbc       0x3c /Users/suryanshu/buckLabs/compiler/gcc-arm-none-eabi/bin/../lib/gcc/arm-none-eabi/4.8.3/armv6-m/libgcc.a(mulsf3.o)
 .debug_frame   0x0000000000000df8       0x20 /Users/suryanshu/buckLabs/compiler/gcc-arm-none-eabi/bin/../lib/gcc/arm-none-eabi/4.8.3/armv6-m/libgcc.a(fixsfsi.o)
 .debug_frame   0x0000000000000e18       0x2c /Users/suryanshu/buckLabs/compiler/gcc-arm-none-eabi/bin/../lib/gcc/arm-none-eabi/4.8.3/../../../../arm-none-eabi/lib/armv6-m/libc_s.a(lib_a-cxa_atexit.o)
 .debug_frame   0x0000000000000e44       0x20 /Users/suryanshu/buckLabs/compiler/gcc-arm-none-eabi/bin/../lib/gcc/arm-none-eabi/4.8.3/../../../../arm-none-eabi/lib/armv6-m/libc_s.a(lib_a-errno.o)
 .debug_frame   0x0000000000000e64       0x68 /Users/suryanshu/buckLabs/compiler/gcc-arm-none-eabi/bin/../lib/gcc/arm-none-eabi/4.8.3/../../../../arm-none-eabi/lib/armv6-m/libc_s.a(lib_a-fflush.o)
 .debug_frame   0x0000000000000ecc      0x148 /Users/suryanshu/buckLabs/compiler/gcc-arm-none-eabi/bin/../lib/gcc/arm-none-eabi/4.8.3/../../../../arm-none-eabi/lib/armv6-m/libc_s.a(lib_a-findfp.o)
 .debug_frame   0x0000000000001014       0x58 /Users/suryanshu/buckLabs/compiler/gcc-arm-none-eabi/bin/../lib/gcc/arm-none-eabi/4.8.3/../../../../arm-none-eabi/lib/armv6-m/libc_s.a(lib_a-fwalk.o)
 .debug_frame   0x000000000000106c       0x2c /Users/suryanshu/buckLabs/compiler/gcc-arm-none-eabi/bin/../lib/gcc/arm-none-eabi/4.8.3/../../../../arm-none-eabi/lib/armv6-m/libc_s.a(lib_a-init.o)
 .debug_frame   0x0000000000001098       0x40 /Users/suryanshu/buckLabs/compiler/gcc-arm-none-eabi/bin/../lib/gcc/arm-none-eabi/4.8.3/../../../../arm-none-eabi/lib/armv6-m/libc_s.a(lib_a-malloc.o)
 .debug_frame   0x00000000000010d8       0x28 /Users/suryanshu/buckLabs/compiler/gcc-arm-none-eabi/bin/../lib/gcc/arm-none-eabi/4.8.3/../../../../arm-none-eabi/lib/armv6-m/libc_s.a(lib_a-memcpy-stub.o)
 .debug_frame   0x0000000000001100       0x20 /Users/suryanshu/buckLabs/compiler/gcc-arm-none-eabi/bin/../lib/gcc/arm-none-eabi/4.8.3/../../../../arm-none-eabi/lib/armv6-m/libc_s.a(lib_a-memset.o)
 .debug_frame   0x0000000000001120       0x2c /Users/suryanshu/buckLabs/compiler/gcc-arm-none-eabi/bin/../lib/gcc/arm-none-eabi/4.8.3/../../../../arm-none-eabi/lib/armv6-m/libc_s.a(lib_a-nano-freer.o)
 .debug_frame   0x000000000000114c       0x2c /Users/suryanshu/buckLabs/compiler/gcc-arm-none-eabi/bin/../lib/gcc/arm-none-eabi/4.8.3/../../../../arm-none-eabi/lib/armv6-m/libc_s.a(lib_a-nano-mallocr.o)
 .debug_frame   0x0000000000001178       0x48 /Users/suryanshu/buckLabs/compiler/gcc-arm-none-eabi/bin/../lib/gcc/arm-none-eabi/4.8.3/../../../../arm-none-eabi/lib/armv6-m/libc_s.a(lib_a-reent.o)
 .debug_frame   0x00000000000011c0       0x2c /Users/suryanshu/buckLabs/compiler/gcc-arm-none-eabi/bin/../lib/gcc/arm-none-eabi/4.8.3/../../../../arm-none-eabi/lib/armv6-m/libc_s.a(lib_a-sbrkr.o)
 .debug_frame   0x00000000000011ec       0x90 /Users/suryanshu/buckLabs/compiler/gcc-arm-none-eabi/bin/../lib/gcc/arm-none-eabi/4.8.3/../../../../arm-none-eabi/lib/armv6-m/libc_s.a(lib_a-stdio.o)
 .debug_frame   0x000000000000127c       0x20 /Users/suryanshu/buckLabs/compiler/gcc-arm-none-eabi/bin/../lib/gcc/arm-none-eabi/4.8.3/../../../../arm-none-eabi/lib/armv6-m/libc_s.a(lib_a-strlen.o)
 .debug_frame   0x000000000000129c       0xa0 /Users/suryanshu/buckLabs/compiler/gcc-arm-none-eabi/bin/../lib/gcc/arm-none-eabi/4.8.3/../../../../arm-none-eabi/lib/armv6-m/libc_s.a(lib_a-vfprintf.o)
 .debug_frame   0x000000000000133c       0x54 /Users/suryanshu/buckLabs/compiler/gcc-arm-none-eabi/bin/../lib/gcc/arm-none-eabi/4.8.3/../../../../arm-none-eabi/lib/armv6-m/libc_s.a(lib_a-vfprintf_i.o)
 .debug_frame   0x0000000000001390       0x44 /Users/suryanshu/buckLabs/compiler/gcc-arm-none-eabi/bin/../lib/gcc/arm-none-eabi/4.8.3/../../../../arm-none-eabi/lib/armv6-m/libc_s.a(lib_a-wbuf.o)
 .debug_frame   0x00000000000013d4       0x2c /Users/suryanshu/buckLabs/compiler/gcc-arm-none-eabi/bin/../lib/gcc/arm-none-eabi/4.8.3/../../../../arm-none-eabi/lib/armv6-m/libc_s.a(lib_a-writer.o)
 .debug_frame   0x0000000000001400       0x2c /Users/suryanshu/buckLabs/compiler/gcc-arm-none-eabi/bin/../lib/gcc/arm-none-eabi/4.8.3/../../../../arm-none-eabi/lib/armv6-m/libc_s.a(lib_a-wsetup.o)
 .debug_frame   0x000000000000142c       0x2c /Users/suryanshu/buckLabs/compiler/gcc-arm-none-eabi/bin/../lib/gcc/arm-none-eabi/4.8.3/../../../../arm-none-eabi/lib/armv6-m/libc_s.a(lib_a-closer.o)
 .debug_frame   0x0000000000001458       0x2c /Users/suryanshu/buckLabs/compiler/gcc-arm-none-eabi/bin/../lib/gcc/arm-none-eabi/4.8.3/../../../../arm-none-eabi/lib/armv6-m/libc_s.a(lib_a-lseekr.o)
 .debug_frame   0x0000000000001484       0x30 /Users/suryanshu/buckLabs/compiler/gcc-arm-none-eabi/bin/../lib/gcc/arm-none-eabi/4.8.3/../../../../arm-none-eabi/lib/armv6-m/libc_s.a(lib_a-makebuf.o)
 .debug_frame   0x00000000000014b4       0x20 /Users/suryanshu/buckLabs/compiler/gcc-arm-none-eabi/bin/../lib/gcc/arm-none-eabi/4.8.3/../../../../arm-none-eabi/lib/armv6-m/libc_s.a(lib_a-memchr-stub.o)
 .debug_frame   0x00000000000014d4       0x2c /Users/suryanshu/buckLabs/compiler/gcc-arm-none-eabi/bin/../lib/gcc/arm-none-eabi/4.8.3/../../../../arm-none-eabi/lib/armv6-m/libc_s.a(lib_a-readr.o)
 .debug_frame   0x0000000000001500       0x2c /Users/suryanshu/buckLabs/compiler/gcc-arm-none-eabi/bin/../lib/gcc/arm-none-eabi/4.8.3/../../../../arm-none-eabi/lib/armv6-m/libc_s.a(lib_a-fstatr.o)
 .debug_frame   0x000000000000152c       0x2c /Users/suryanshu/buckLabs/compiler/gcc-arm-none-eabi/bin/../lib/gcc/arm-none-eabi/4.8.3/../../../../arm-none-eabi/lib/armv6-m/libc_s.a(lib_a-isattyr.o)

Cross Reference Table

Symbol                                            File
ADC0_IRQHandler                                   ../../external/mbed/Release/Freescale_KL25Z/mbed.a(startup_MKL25Z4.o)
CMP0_IRQHandler                                   ../../external/mbed/Release/Freescale_KL25Z/mbed.a(startup_MKL25Z4.o)
DAC0_IRQHandler                                   ../../external/mbed/Release/Freescale_KL25Z/mbed.a(startup_MKL25Z4.o)
DEF_IRQHandler                                    ../../external/mbed/Release/Freescale_KL25Z/mbed.a(startup_MKL25Z4.o)
DMA0_IRQHandler                                   ../../external/mbed/Release/Freescale_KL25Z/mbed.a(startup_MKL25Z4.o)
DMA1_IRQHandler                                   ../../external/mbed/Release/Freescale_KL25Z/mbed.a(startup_MKL25Z4.o)
DMA2_IRQHandler                                   ../../external/mbed/Release/Freescale_KL25Z/mbed.a(startup_MKL25Z4.o)
DMA3_IRQHandler                                   ../../external/mbed/Release/Freescale_KL25Z/mbed.a(startup_MKL25Z4.o)
Default_Handler                                   ../../external/mbed/Release/Freescale_KL25Z/mbed.a(startup_MKL25Z4.o)
FTFA_IRQHandler                                   ../../external/mbed/Release/Freescale_KL25Z/mbed.a(startup_MKL25Z4.o)
HardFault_Handler                                 ../../external/mbed/Release/Freescale_KL25Z/mbed.a(startup_MKL25Z4.o)
I2C0_IRQHandler                                   ../../external/mbed/Release/Freescale_KL25Z/mbed.a(startup_MKL25Z4.o)
I2C1_IRQHandler                                   ../../external/mbed/Release/Freescale_KL25Z/mbed.a(startup_MKL25Z4.o)
LLW_IRQHandler                                    ../../external/mbed/Release/Freescale_KL25Z/mbed.a(startup_MKL25Z4.o)
LPTimer_IRQHandler                                ../../external/mbed/Release/Freescale_KL25Z/mbed.a(startup_MKL25Z4.o)
LVD_LVW_IRQHandler                                ../../external/mbed/Release/Freescale_KL25Z/mbed.a(startup_MKL25Z4.o)
MCG_IRQHandler                                    ../../external/mbed/Release/Freescale_KL25Z/mbed.a(startup_MKL25Z4.o)
NMI_Handler                                       ../../external/mbed/Release/Freescale_KL25Z/mbed.a(startup_MKL25Z4.o)
NVIC_GetVector                                    ../../external/mbed/Release/Freescale_KL25Z/mbed.a(cmsis_nvic.o)
NVIC_SetVector                                    ../../external/mbed/Release/Freescale_KL25Z/mbed.a(cmsis_nvic.o)
                                                  ../../external/mbed/Release/Freescale_KL25Z/mbed.a(serial_api.o)