Archive member included because of file (symbol)

../../external/mbed/Release/Freescale_KL25Z/USBDevice.a(USBDevice.o)
                              KL25Z/main.o (USBDevice::connect(bool))
../../external/mbed/Release/Freescale_KL25Z/USBDevice.a(USBHAL_KL25Z.o)
                              ../../external/mbed/Release/Freescale_KL25Z/USBDevice.a(USBDevice.o) (USBHAL::USBHAL())
../../external/mbed/Release/Freescale_KL25Z/USBDevice.a(USBHID.o)
                              KL25Z/main.o (USBHID::USBHID(unsigned char, unsigned char, unsigned short, unsigned short, unsigned short, bool))
../../external/mbed/Release/Freescale_KL25Z/USBDevice.a(USBMouse.o)
                              KL25Z/main.o (USBMouse::move(short, short))
../../external/mbed/Release/Freescale_KL25Z/mbed.a(cmsis_nvic.o)
                              ../../external/mbed/Release/Freescale_KL25Z/USBDevice.a(USBHAL_KL25Z.o) (NVIC_SetVector)
../../external/mbed/Release/Freescale_KL25Z/mbed.a(exit.o)
                              KL25Z/gcc4mbed.o (exit)
../../external/mbed/Release/Freescale_KL25Z/mbed.a(mbed_interface.o)
                              ../../external/mbed/Release/Freescale_KL25Z/mbed.a(exit.o) (mbed_interface_connected)
../../external/mbed/Release/Freescale_KL25Z/mbed.a(semihost_api.o)
                              ../../external/mbed/Release/Freescale_KL25Z/mbed.a(exit.o) (semihost_exit)
../../external/mbed/Release/Freescale_KL25Z/mbed.a(wait_api.o)
                              KL25Z/main.o (wait)
../../external/mbed/Release/Freescale_KL25Z/mbed.a(retarget.o)
                              KL25Z/gcc4mbed.o (_isatty)
../../external/mbed/Release/Freescale_KL25Z/mbed.a(startup_MKL25Z4.o)
                              (Reset_Handler)
../../external/mbed/Release/Freescale_KL25Z/mbed.a(us_ticker.o)
                              ../../external/mbed/Release/Freescale_KL25Z/mbed.a(wait_api.o) (us_ticker_read)
../../external/mbed/Release/Freescale_KL25Z/mbed.a(serial_api.o)
                              ../../external/mbed/Release/Freescale_KL25Z/mbed.a(retarget.o) (serial_init)
../../external/mbed/Release/Freescale_KL25Z/mbed.a(system_MKL25Z4.o)
                              ../../external/mbed/Release/Freescale_KL25Z/mbed.a(startup_MKL25Z4.o) (SystemInit)
../../external/mbed/Release/Freescale_KL25Z/mbed.a(board.o)
                              ../../external/mbed/Release/Freescale_KL25Z/mbed.a(exit.o) (mbed_die)
../../external/mbed/Release/Freescale_KL25Z/mbed.a(error.o)
                              ../../external/mbed/Release/Freescale_KL25Z/mbed.a(retarget.o) (error)
../../external/mbed/Release/Freescale_KL25Z/mbed.a(gpio.o)
                              ../../external/mbed/Release/Freescale_KL25Z/mbed.a(board.o) (gpio_init_out)
../../external/mbed/Release/Freescale_KL25Z/mbed.a(pinmap_common.o)
                              ../../external/mbed/Release/Freescale_KL25Z/mbed.a(serial_api.o) (pinmap_pinout)
../../external/mbed/Release/Freescale_KL25Z/mbed.a(us_ticker_api.o)
                              ../../external/mbed/Release/Freescale_KL25Z/mbed.a(us_ticker.o) (us_ticker_irq_handler)
../../external/mbed/Release/Freescale_KL25Z/mbed.a(FilePath.o)
                              ../../external/mbed/Release/Freescale_KL25Z/mbed.a(retarget.o) (mbed::FilePath::FilePath(char const*))
../../external/mbed/Release/Freescale_KL25Z/mbed.a(FileSystemLike.o)
                              ../../external/mbed/Release/Freescale_KL25Z/mbed.a(retarget.o) (mbed::FileSystemLike::opendir())
../../external/mbed/Release/Freescale_KL25Z/mbed.a(gpio_api.o)
                              ../../external/mbed/Release/Freescale_KL25Z/mbed.a(gpio.o) (gpio_init)
../../external/mbed/Release/Freescale_KL25Z/mbed.a(pinmap.o)
                              ../../external/mbed/Release/Freescale_KL25Z/mbed.a(pinmap_common.o) (pin_function)
../../external/mbed/Release/Freescale_KL25Z/mbed.a(PeripheralPins.o)
                              ../../external/mbed/Release/Freescale_KL25Z/mbed.a(serial_api.o) (PinMap_UART_RX)
../../external/mbed/Release/Freescale_KL25Z/mbed.a(FileBase.o)
                              ../../external/mbed/Release/Freescale_KL25Z/mbed.a(FileSystemLike.o) (mbed::FileBase::~FileBase())
/Users/suryanshu/buckLabs/compiler/gcc-arm-none-eabi/bin/../lib/gcc/arm-none-eabi/4.8.3/../../../../arm-none-eabi/lib/armv6-m/libstdc++_s.a(atexit_arm.o)
                              KL25Z/main.o (__aeabi_atexit)
/Users/suryanshu/buckLabs/compiler/gcc-arm-none-eabi/bin/../lib/gcc/arm-none-eabi/4.8.3/../../../../arm-none-eabi/lib/armv6-m/libstdc++_s.a(del_op.o)
                              ../../external/mbed/Release/Freescale_KL25Z/mbed.a(retarget.o) (operator delete(void*))
/Users/suryanshu/buckLabs/compiler/gcc-arm-none-eabi/bin/../lib/gcc/arm-none-eabi/4.8.3/../../../../arm-none-eabi/lib/armv6-m/libstdc++_s.a(guard.o)
                              ../../external/mbed/Release/Freescale_KL25Z/USBDevice.a(USBDevice.o) (__cxa_guard_acquire)
[...]
Memory Configuration

Name             Origin             Length             Attributes
VECTORS          0x0000000000000000 0x0000000000000400 xr
FLASH_PROTECTION 0x0000000000000400 0x0000000000000010 xr
FLASH            0x0000000000000410 0x000000000001fbf0 xr
RAM              0x000000001ffff0c0 0x0000000000003f40 xrw
*default*        0x0000000000000000 0xffffffffffffffff

Linker script and memory map

LOAD /Users/suryanshu/buckLabs/compiler/gcc-arm-none-eabi/bin/../lib/gcc/arm-none-eabi/4.8.3/armv6-m/crti.o
LOAD /Users/suryanshu/buckLabs/compiler/gcc-arm-none-eabi/bin/../lib/gcc/arm-none-eabi/4.8.3/armv6-m/crtbegin.o
LOAD KL25Z/main.o
LOAD KL25Z/gcc4mbed.o
LOAD ../../external/mbed/Release/Freescale_KL25Z/USBDevice.a
LOAD ../../external/mbed/Release/Freescale_KL25Z/mbed.a
LOAD /Users/suryanshu/buckLabs/compiler/gcc-arm-none-eabi/bin/../lib/gcc/arm-none-eabi/4.8.3/../../../../arm-none-eabi/lib/armv6-m/libstdc++_s.a
LOAD /Users/suryanshu/buckLabs/compiler/gcc-arm-none-eabi/bin/../lib/gcc/arm-none-eabi/4.8.3/../../../../arm-none-eabi/lib/armv6-m/libsupc++_s.a
LOAD /Users/suryanshu/buckLabs/compiler/gcc-arm-none-eabi/bin/../lib/gcc/arm-none-eabi/4.8.3/armv6-m/libgcc.a
LOAD /Users/suryanshu/buckLabs/compiler/gcc-arm-none-eabi/bin/../lib/gcc/arm-none-eabi/4.8.3/armv6-m/libgcc.a
LOAD /Users/suryanshu/buckLabs/compiler/gcc-arm-none-eabi/bin/../lib/gcc/arm-none-eabi/4.8.3/../../../../arm-none-eabi/lib/armv6-m/libc_s.a
LOAD /Users/suryanshu/buckLabs/compiler/gcc-arm-none-eabi/bin/../lib/gcc/arm-none-eabi/4.8.3/../../../../arm-none-eabi/lib/armv6-m/libnosys.a
LOAD /Users/suryanshu/buckLabs/compiler/gcc-arm-none-eabi/bin/../lib/gcc/arm-none-eabi/4.8.3/../../../../arm-none-eabi/lib/armv6-m/libstdc++_s.a
LOAD /Users/suryanshu/buckLabs/compiler/gcc-arm-none-eabi/bin/../lib/gcc/arm-none-eabi/4.8.3/../../../../arm-none-eabi/lib/armv6-m/libm.a
LOAD /Users/suryanshu/buckLabs/compiler/gcc-arm-none-eabi/bin/../lib/gcc/arm-none-eabi/4.8.3/../../../../arm-none-eabi/lib/armv6-m/libc_s.a
START GROUP
LOAD /Users/suryanshu/buckLabs/compiler/gcc-arm-none-eabi/bin/../lib/gcc/arm-none-eabi/4.8.3/armv6-m/libgcc.a
LOAD /Users/suryanshu/buckLabs/compiler/gcc-arm-none-eabi/bin/../lib/gcc/arm-none-eabi/4.8.3/../../../../arm-none-eabi/lib/armv6-m/libc_s.a
END GROUP
LOAD /Users/suryanshu/buckLabs/compiler/gcc-arm-none-eabi/bin/../lib/gcc/arm-none-eabi/4.8.3/armv6-m/crtend.o
LOAD /Users/suryanshu/buckLabs/compiler/gcc-arm-none-eabi/bin/../lib/gcc/arm-none-eabi/4.8.3/armv6-m/crtn.o

.isr_vector     0x0000000000000000       0xf4
                0x0000000000000000                __vector_table = .
 *(.vector_table)
 .vector_table  0x0000000000000000       0xc0 ../../external/mbed/Release/Freescale_KL25Z/mbed.a(startup_MKL25Z4.o)
                0x0000000000000000                __isr_vector
 *(.text.Reset_Handler)
 .text.Reset_Handler
                0x00000000000000c0       0x34 ../../external/mbed/Release/Freescale_KL25Z/mbed.a(startup_MKL25Z4.o)
                0x00000000000000c0                Reset_Handler
 *(.text.System_Init)
                0x00000000000000f4                . = ALIGN (0x4)

.flash_protect  0x0000000000000400       0x10
 *(.kinetis_flash_config_field)
 .kinetis_flash_config_field
                0x0000000000000400       0x10 ../../external/mbed/Release/Freescale_KL25Z/mbed.a(startup_MKL25Z4.o)
                0x0000000000000410                . = ALIGN (0x4)

.text           0x0000000000000410     0x6e5c
 *(.text*)
 .text          0x0000000000000410       0x60 /Users/suryanshu/buckLabs/compiler/gcc-arm-none-eabi/bin/../lib/gcc/arm-none-eabi/4.8.3/armv6-m/crtbegin.o
 .text._ZN8USBMouseD2Ev
                0x0000000000000470       0x14 KL25Z/main.o
                0x0000000000000470                USBMouse::~USBMouse()
                0x0000000000000470                USBMouse::~USBMouse()
 *fill*         0x0000000000000484        0x4 
 .text.startup.main
                0x0000000000000488       0xb0 KL25Z/main.o
                0x0000000000000488                main
 .text.startup._GLOBAL__sub_I_mouse
                0x0000000000000538       0x58 KL25Z/main.o
 .text._start   0x0000000000000590       0x28 KL25Z/gcc4mbed.o
                0x0000000000000590                _start
 .text.__wrap__isatty
                0x00000000000005b8       0x14 KL25Z/gcc4mbed.o
                0x00000000000005b8                __wrap__isatty
 .text.__wrap_malloc
                0x00000000000005cc        0x8 KL25Z/gcc4mbed.o
                0x00000000000005cc                __wrap_malloc
 .text.abort    0x00000000000005d4        0x8 KL25Z/gcc4mbed.o
                0x00000000000005d4                abort
 .text._ZN6USBHAL3SOFEi
                0x00000000000005dc        0x4 ../../external/mbed/Release/Freescale_KL25Z/USBDevice.a(USBDevice.o)
                0x00000000000005dc                USBHAL::SOF(int)
 .text._ZN6USBHAL16EP1_OUT_callbackEv
                0x00000000000005e0        0x4 ../../external/mbed/Release/Freescale_KL25Z/USBDevice.a(USBDevice.o)
                0x00000000000005e0                USBHAL::EP1_OUT_callback()
 .text._ZN6USBHAL15EP1_IN_callbackEv
                0x00000000000005e4        0x4 ../../external/mbed/Release/Freescale_KL25Z/USBDevice.a(USBDevice.o)
                0x00000000000005e4                USBHAL::EP1_IN_callback()
 .text._ZN6USBHAL16EP2_OUT_callbackEv
                0x00000000000005e8        0x4 ../../external/mbed/Release/Freescale_KL25Z/USBDevice.a(USBDevice.o)
                0x00000000000005e8                USBHAL::EP2_OUT_callback()
 .text._ZN6USBHAL15EP2_IN_callbackEv
                0x00000000000005ec        0x4 ../../external/mbed/Release/Freescale_KL25Z/USBDevice.a(USBDevice.o)
                0x00000000000005ec                USBHAL::EP2_IN_callback()
 .text._ZN6USBHAL16EP3_OUT_callbackEv
                0x00000000000005f0        0x4 ../../external/mbed/Release/Freescale_KL25Z/USBDevice.a(USBDevice.o)
                0x00000000000005f0                USBHAL::EP3_OUT_callback()
 .text._ZN6USBHAL15EP3_IN_callbackEv
                0x00000000000005f4        0x4 ../../external/mbed/Release/Freescale_KL25Z/USBDevice.a(USBDevice.o)
                0x00000000000005f4                USBHAL::EP3_IN_callback()
 .text._ZN6USBHAL16EP4_OUT_callbackEv
                0x00000000000005f8        0x4 ../../external/mbed/Release/Freescale_KL25Z/USBDevice.a(USBDevice.o)
                0x00000000000005f8                USBHAL::EP4_OUT_callback()
 .text._ZN6USBHAL15EP4_IN_callbackEv
                0x00000000000005fc        0x4 ../../external/mbed/Release/Freescale_KL25Z/USBDevice.a(USBDevice.o)
                0x00000000000005fc                USBHAL::EP4_IN_callback()
 .text._ZN6USBHAL16EP5_OUT_callbackEv
                0x0000000000000600        0x4 ../../external/mbed/Release/Freescale_KL25Z/USBDevice.a(USBDevice.o)
                0x0000000000000600                USBHAL::EP5_OUT_callback()
 .text._ZN6USBHAL15EP5_IN_callbackEv
                0x0000000000000604        0x4 ../../external/mbed/Release/Freescale_KL25Z/USBDevice.a(USBDevice.o)
                0x0000000000000604                USBHAL::EP5_IN_callback()
 .text._ZN6USBHAL16EP6_OUT_callbackEv
                0x0000000000000608        0x4 ../../external/mbed/Release/Freescale_KL25Z/USBDevice.a(USBDevice.o)
                0x0000000000000608                USBHAL::EP6_OUT_callback()
 .text._ZN6USBHAL15EP6_IN_callbackEv
                0x000000000000060c        0x4 ../../external/mbed/Release/Freescale_KL25Z/USBDevice.a(USBDevice.o)
                0x000000000000060c                USBHAL::EP6_IN_callback()
 .text._ZN6USBHAL16EP7_OUT_callbackEv
                0x0000000000000610        0x4 ../../external/mbed/Release/Freescale_KL25Z/USBDevice.a(USBDevice.o)
                0x0000000000000610                USBHAL::EP7_OUT_callback()
 .text._ZN6USBHAL15EP7_IN_callbackEv
                0x0000000000000614        0x4 ../../external/mbed/Release/Freescale_KL25Z/USBDevice.a(USBDevice.o)
                0x0000000000000614                USBHAL::EP7_IN_callback()
 .text._ZN6USBHAL16EP8_OUT_callbackEv
                0x0000000000000618        0x4 ../../external/mbed/Release/Freescale_KL25Z/USBDevice.a(USBDevice.o)
                0x0000000000000618                USBHAL::EP8_OUT_callback()
 .text._ZN6USBHAL15EP8_IN_callbackEv
                0x000000000000061c        0x4 ../../external/mbed/Release/Freescale_KL25Z/USBDevice.a(USBDevice.o)
                0x000000000000061c                USBHAL::EP8_IN_callback()
 .text._ZN6USBHAL16EP9_OUT_callbackEv
                0x0000000000000620        0x4 ../../external/mbed/Release/Freescale_KL25Z/USBDevice.a(USBDevice.o)
                0x0000000000000620                USBHAL::EP9_OUT_callback()
 .text._ZN6USBHAL15EP9_IN_callbackEv
                0x0000000000000624        0x4 ../../external/mbed/Release/Freescale_KL25Z/USBDevice.a(USBDevice.o)
                0x0000000000000624                USBHAL::EP9_IN_callback()
 .text._ZN6USBHAL17EP10_OUT_callbackEv
                0x0000000000000628        0x4 ../../external/mbed/Release/Freescale_KL25Z/USBDevice.a(USBDevice.o)
                0x0000000000000628                USBHAL::EP10_OUT_callback()
 .text._ZN6USBHAL16EP10_IN_callbackEv
                0x000000000000062c        0x4 ../../external/mbed/Release/Freescale_KL25Z/USBDevice.a(USBDevice.o)
                0x000000000000062c                USBHAL::EP10_IN_callback()
 .text._ZN6USBHAL17EP11_OUT_callbackEv
                0x0000000000000630        0x4 ../../external/mbed/Release/Freescale_KL25Z/USBDevice.a(USBDevice.o)
                0x0000000000000630                USBHAL::EP11_OUT_callback()
 .text._ZN6USBHAL16EP11_IN_callbackEv
                0x0000000000000634        0x4 ../../external/mbed/Release/Freescale_KL25Z/USBDevice.a(USBDevice.o)
                0x0000000000000634                USBHAL::EP11_IN_callback()
 .text._ZN6USBHAL17EP12_OUT_callbackEv
                0x0000000000000638        0x4 ../../external/mbed/Release/Freescale_KL25Z/USBDevice.a(USBDevice.o)
                0x0000000000000638                USBHAL::EP12_OUT_callback()
 .text._ZN6USBHAL16EP12_IN_callbackEv
                0x000000000000063c        0x4 ../../external/mbed/Release/Freescale_KL25Z/USBDevice.a(USBDevice.o)
                0x000000000000063c                USBHAL::EP12_IN_callback()
 .text._ZN6USBHAL17EP13_OUT_callbackEv
                0x0000000000000640        0x4 ../../external/mbed/Release/Freescale_KL25Z/USBDevice.a(USBDevice.o)
                0x0000000000000640                USBHAL::EP13_OUT_callback()
 .text._ZN6USBHAL16EP13_IN_callbackEv
                0x0000000000000644        0x4 ../../external/mbed/Release/Freescale_KL25Z/USBDevice.a(USBDevice.o)
                0x0000000000000644                USBHAL::EP13_IN_callback()
 .text._ZN6USBHAL17EP14_OUT_callbackEv
                0x0000000000000648        0x4 ../../external/mbed/Release/Freescale_KL25Z/USBDevice.a(USBDevice.o)
                0x0000000000000648                USBHAL::EP14_OUT_callback()
 .text._ZN6USBHAL16EP14_IN_callbackEv
                0x000000000000064c        0x4 ../../external/mbed/Release/Freescale_KL25Z/USBDevice.a(USBDevice.o)
                0x000000000000064c                USBHAL::EP14_IN_callback()
 .text._ZN6USBHAL17EP15_OUT_callbackEv
                0x0000000000000650        0x4 ../../external/mbed/Release/Freescale_KL25Z/USBDevice.a(USBDevice.o)
                0x0000000000000650                USBHAL::EP15_OUT_callback()
 .text._ZN6USBHAL16EP15_IN_callbackEv
                0x0000000000000654        0x4 ../../external/mbed/Release/Freescale_KL25Z/USBDevice.a(USBDevice.o)
                0x0000000000000654                USBHAL::EP15_IN_callback()
 .text._ZN9USBDevice20USBCallback_busResetEv
                0x0000000000000658        0x4 ../../external/mbed/Release/Freescale_KL25Z/USBDevice.a(USBDevice.o)
                0x0000000000000658                USBDevice::USBCallback_busReset()
 .text._ZN9USBDevice19USBCallback_requestEv
                0x000000000000065c        0x4 ../../external/mbed/Release/Freescale_KL25Z/USBDevice.a(USBDevice.o)
                0x000000000000065c                USBDevice::USBCallback_request()
 .text._ZN9USBDevice28USBCallback_requestCompletedEPhm
                0x0000000000000660        0x4 ../../external/mbed/Release/Freescale_KL25Z/USBDevice.a(USBDevice.o)
                0x0000000000000660                USBDevice::USBCallback_requestCompleted(unsigned char*, unsigned long)
 .text._ZN9USBDevice28USBCallback_setConfigurationEh
                0x0000000000000664        0x4 ../../external/mbed/Release/Freescale_KL25Z/USBDevice.a(USBDevice.o)
                0x0000000000000664                USBDevice::USBCallback_setConfiguration(unsigned char)
 .text._ZN9USBDevice24USBCallback_setInterfaceEth
                0x0000000000000668        0x4 ../../external/mbed/Release/Freescale_KL25Z/USBDevice.a(USBDevice.o)
                0x0000000000000668                USBDevice::USBCallback_setInterface(unsigned short, unsigned char)
 .text._ZN9USBDevice17configurationDescEv
                0x000000000000066c        0x4 ../../external/mbed/Release/Freescale_KL25Z/USBDevice.a(USBDevice.o)
                0x000000000000066c                USBDevice::configurationDesc()
 .text._ZN9USBDevice16reportDescLengthEv
                0x0000000000000670        0x4 ../../external/mbed/Release/Freescale_KL25Z/USBDevice.a(USBDevice.o)
                0x0000000000000670                USBDevice::reportDescLength()
 .text._ZN9USBDevice8busResetEv
                0x0000000000000674       0x24 ../../external/mbed/Release/Freescale_KL25Z/USBDevice.a(USBDevice.o)
                0x0000000000000674                USBDevice::busReset()
 .text._ZN9USBDevice19connectStateChangedEj
                0x0000000000000698        0x4 ../../external/mbed/Release/Freescale_KL25Z/USBDevice.a(USBDevice.o)
                0x0000000000000698                USBDevice::connectStateChanged(unsigned int)
 .text._ZN9USBDevice19suspendStateChangedEj
                0x000000000000069c        0x4 ../../external/mbed/Release/Freescale_KL25Z/USBDevice.a(USBDevice.o)
                0x000000000000069c                USBDevice::suspendStateChanged(unsigned int)
 .text._ZN9USBDevice16stringLangidDescEv
                0x00000000000006a0        0x8 ../../external/mbed/Release/Freescale_KL25Z/USBDevice.a(USBDevice.o)
                0x00000000000006a0                USBDevice::stringLangidDesc()
 .text._ZN9USBDevice23stringImanufacturerDescEv
                0x00000000000006a8        0x8 ../../external/mbed/Release/Freescale_KL25Z/USBDevice.a(USBDevice.o)
                0x00000000000006a8                USBDevice::stringImanufacturerDesc()
 .text._ZN9USBDevice17stringIserialDescEv
                0x00000000000006b0        0x8 ../../external/mbed/Release/Freescale_KL25Z/USBDevice.a(USBDevice.o)
                0x00000000000006b0                USBDevice::stringIserialDesc()
 .text._ZN9USBDevice24stringIConfigurationDescEv
                0x00000000000006b8        0x8 ../../external/mbed/Release/Freescale_KL25Z/USBDevice.a(USBDevice.o)
                0x00000000000006b8                USBDevice::stringIConfigurationDesc()
 .text._ZN9USBDevice20stringIinterfaceDescEv
                0x00000000000006c0        0x8 ../../external/mbed/Release/Freescale_KL25Z/USBDevice.a(USBDevice.o)
                0x00000000000006c0                USBDevice::stringIinterfaceDesc()
 .text._ZN9USBDevice18stringIproductDescEv
                0x00000000000006c8        0x8 ../../external/mbed/Release/Freescale_KL25Z/USBDevice.a(USBDevice.o)
                0x00000000000006c8                USBDevice::stringIproductDesc()
 .text._ZN9USBDevice10deviceDescEv
                0x00000000000006d0       0x4c ../../external/mbed/Release/Freescale_KL25Z/USBDevice.a(USBDevice.o)
                0x00000000000006d0                USBDevice::deviceDesc()
 .text._ZN9USBDevice20requestGetDescriptorEv
                0x000000000000071c      0x100 ../../external/mbed/Release/Freescale_KL25Z/USBDevice.a(USBDevice.o)
                0x000000000000071c                USBDevice::requestGetDescriptor()
 .text._ZN9USBDevice17decodeSetupPacketEPhP12SETUP_PACKET
                0x000000000000081c       0x3c ../../external/mbed/Release/Freescale_KL25Z/USBDevice.a(USBDevice.o)
                0x000000000000081c                USBDevice::decodeSetupPacket(unsigned char*, SETUP_PACKET*)
 .text._ZN9USBDevice9controlInEv
                0x0000000000000858       0x90 ../../external/mbed/Release/Freescale_KL25Z/USBDevice.a(USBDevice.o)
                0x0000000000000858                USBDevice::controlIn()
 .text._ZN9USBDevice10controlOutEv
                0x00000000000008e8       0x8c ../../external/mbed/Release/Freescale_KL25Z/USBDevice.a(USBDevice.o)
                0x00000000000008e8                USBDevice::controlOut()
 .text._ZN9USBDevice6EP0outEv
                0x0000000000000974       0x14 ../../external/mbed/Release/Freescale_KL25Z/USBDevice.a(USBDevice.o)
                0x0000000000000974                USBDevice::EP0out()
 .text._ZN9USBDevice5EP0inEv
                0x0000000000000988       0x14 ../../external/mbed/Release/Freescale_KL25Z/USBDevice.a(USBDevice.o)
                0x0000000000000988                USBDevice::EP0in()
 .text._ZN9USBDevice23requestSetConfigurationEv
                0x000000000000099c       0x48 ../../external/mbed/Release/Freescale_KL25Z/USBDevice.a(USBDevice.o)
                0x000000000000099c                USBDevice::requestSetConfiguration()
 .text._ZN9USBDevice17requestSetFeatureEv
                0x00000000000009e4       0x4c ../../external/mbed/Release/Freescale_KL25Z/USBDevice.a(USBDevice.o)
                0x00000000000009e4                USBDevice::requestSetFeature()
 .text._ZN9USBDevice19requestClearFeatureEv
                0x0000000000000a30       0x4c ../../external/mbed/Release/Freescale_KL25Z/USBDevice.a(USBDevice.o)
                0x0000000000000a30                USBDevice::requestClearFeature()
 .text._ZN9USBDevice16requestGetStatusEv
                0x0000000000000a7c       0x84 ../../external/mbed/Release/Freescale_KL25Z/USBDevice.a(USBDevice.o)
                0x0000000000000a7c                USBDevice::requestGetStatus()
 .text._ZN9USBDevice12requestSetupEv
                0x0000000000000b00       0xd4 ../../external/mbed/Release/Freescale_KL25Z/USBDevice.a(USBDevice.o)
                0x0000000000000b00                USBDevice::requestSetup()
 .text._ZN9USBDevice12controlSetupEv
                0x0000000000000bd4       0xd4 ../../external/mbed/Release/Freescale_KL25Z/USBDevice.a(USBDevice.o)
                0x0000000000000bd4                USBDevice::controlSetup()
 .text._ZN9USBDevice16EP0setupCallbackEv
                0x0000000000000ca8       0x14 ../../external/mbed/Release/Freescale_KL25Z/USBDevice.a(USBDevice.o)
                0x0000000000000ca8                USBDevice::EP0setupCallback()
 .text._ZN9USBDevice7connectEb
                0x0000000000000cbc       0x1c ../../external/mbed/Release/Freescale_KL25Z/USBDevice.a(USBDevice.o)
                0x0000000000000cbc                USBDevice::connect(bool)
 .text._ZN9USBDevice14getTransferPtrEv
                0x0000000000000cd8        0x4 ../../external/mbed/Release/Freescale_KL25Z/USBDevice.a(USBDevice.o)
                0x0000000000000cd8                USBDevice::getTransferPtr()
 .text._ZN9USBDevice11addEndpointEhm
                0x0000000000000cdc        0xc ../../external/mbed/Release/Freescale_KL25Z/USBDevice.a(USBDevice.o)
                0x0000000000000cdc                USBDevice::addEndpoint(unsigned char, unsigned long)
 .text._ZN9USBDevice14findDescriptorEh
                0x0000000000000ce8       0x84 ../../external/mbed/Release/Freescale_KL25Z/USBDevice.a(USBDevice.o)
                0x0000000000000ce8                USBDevice::findDescriptor(unsigned char)
 .text._ZN9USBDeviceC2Ettt
                0x0000000000000d6c       0x40 ../../external/mbed/Release/Freescale_KL25Z/USBDevice.a(USBDevice.o)
                0x0000000000000d6c                USBDevice::USBDevice(unsigned short, unsigned short, unsigned short)
                0x0000000000000d6c                USBDevice::USBDevice(unsigned short, unsigned short, unsigned short)
 .text._ZN9USBDevice9readStartEhm
                0x0000000000000dac       0x10 ../../external/mbed/Release/Freescale_KL25Z/USBDevice.a(USBDevice.o)
                0x0000000000000dac                USBDevice::readStart(unsigned char, unsigned long)
 .text._ZN9USBDevice5writeEhPhmm
                0x0000000000000dbc       0x44 ../../external/mbed/Release/Freescale_KL25Z/USBDevice.a(USBDevice.o)
                0x0000000000000dbc                USBDevice::write(unsigned char, unsigned char*, unsigned long, unsigned long)
 .text._ZN6USBHAL8busResetEv
                0x0000000000000e00        0x4 ../../external/mbed/Release/Freescale_KL25Z/USBDevice.a(USBHAL_KL25Z.o)
                0x0000000000000e00                USBHAL::busReset()
 .text._ZN6USBHAL16EP0setupCallbackEv
                0x0000000000000e04        0x4 ../../external/mbed/Release/Freescale_KL25Z/USBDevice.a(USBHAL_KL25Z.o)
                0x0000000000000e04                USBHAL::EP0setupCallback()
 .text._ZN6USBHAL6EP0outEv
                0x0000000000000e08        0x4 ../../external/mbed/Release/Freescale_KL25Z/USBDevice.a(USBHAL_KL25Z.o)
                0x0000000000000e08                USBHAL::EP0out()
 .text._ZN6USBHAL5EP0inEv
                0x0000000000000e0c        0x4 ../../external/mbed/Release/Freescale_KL25Z/USBDevice.a(USBHAL_KL25Z.o)
                0x0000000000000e0c                USBHAL::EP0in()
 .text._ZN6USBHAL19connectStateChangedEj
                0x0000000000000e10        0x4 ../../external/mbed/Release/Freescale_KL25Z/USBDevice.a(USBHAL_KL25Z.o)
                0x0000000000000e10                USBHAL::connectStateChanged(unsigned int)
 .text._ZN6USBHAL19suspendStateChangedEj
                0x0000000000000e14        0x4 ../../external/mbed/Release/Freescale_KL25Z/USBDevice.a(USBHAL_KL25Z.o)
                0x0000000000000e14                USBHAL::suspendStateChanged(unsigned int)
 .text._ZN6USBHAL15realiseEndpointEhmm.part.0
                0x0000000000000e18      0x10c ../../external/mbed/Release/Freescale_KL25Z/USBDevice.a(USBHAL_KL25Z.o)
 .text._ZN6USBHALC2Ev
                0x0000000000000f24      0x1ec ../../external/mbed/Release/Freescale_KL25Z/USBDevice.a(USBHAL_KL25Z.o)
                0x0000000000000f24                USBHAL::USBHAL()
                0x0000000000000f24                USBHAL::USBHAL()
 .text._ZN6USBHALD2Ev
                0x0000000000001110        0xc ../../external/mbed/Release/Freescale_KL25Z/USBDevice.a(USBHAL_KL25Z.o)
                0x0000000000001110                USBHAL::~USBHAL()
                0x0000000000001110                USBHAL::~USBHAL()
 .text._ZN6USBHAL7connectEv
                0x000000000000111c       0x20 ../../external/mbed/Release/Freescale_KL25Z/USBDevice.a(USBHAL_KL25Z.o)
                0x000000000000111c                USBHAL::connect()
 .text._ZN6USBHAL15configureDeviceEv
                0x000000000000113c        0x4 ../../external/mbed/Release/Freescale_KL25Z/USBDevice.a(USBHAL_KL25Z.o)
                0x000000000000113c                USBHAL::configureDevice()
 .text._ZN6USBHAL17unconfigureDeviceEv
                0x0000000000001140        0x4 ../../external/mbed/Release/Freescale_KL25Z/USBDevice.a(USBHAL_KL25Z.o)
                0x0000000000001140                USBHAL::unconfigureDevice()
 .text._ZN6USBHAL10setAddressEh
                0x0000000000001144       0x14 ../../external/mbed/Release/Freescale_KL25Z/USBDevice.a(USBHAL_KL25Z.o)
                0x0000000000001144                USBHAL::setAddress(unsigned char)
 .text._ZN6USBHAL15realiseEndpointEhmm
                0x0000000000001158       0x14 ../../external/mbed/Release/Freescale_KL25Z/USBDevice.a(USBHAL_KL25Z.o)
                0x0000000000001158                USBHAL::realiseEndpoint(unsigned char, unsigned long, unsigned long)
 .text._ZN6USBHAL12EP0readStageEv
                0x000000000000116c       0x1c ../../external/mbed/Release/Freescale_KL25Z/USBDevice.a(USBHAL_KL25Z.o)
                0x000000000000116c                USBHAL::EP0readStage()
 .text._ZN6USBHAL7EP0readEv
                0x0000000000001188        0xc ../../external/mbed/Release/Freescale_KL25Z/USBDevice.a(USBHAL_KL25Z.o)
                0x0000000000001188                USBHAL::EP0read()
 .text._ZN6USBHAL8EP0stallEv
                0x0000000000001194       0x14 ../../external/mbed/Release/Freescale_KL25Z/USBDevice.a(USBHAL_KL25Z.o)
                0x0000000000001194                USBHAL::EP0stall()
 .text._ZN6USBHAL12endpointReadEhm
                0x00000000000011a8       0x14 ../../external/mbed/Release/Freescale_KL25Z/USBDevice.a(USBHAL_KL25Z.o)
                0x00000000000011a8                USBHAL::endpointRead(unsigned char, unsigned long)
 .text._ZN6USBHAL18endpointReadResultEhPhPm
                0x00000000000011bc      0x140 ../../external/mbed/Release/Freescale_KL25Z/USBDevice.a(USBHAL_KL25Z.o)
                0x00000000000011bc                USBHAL::endpointReadResult(unsigned char, unsigned char*, unsigned long*)
 .text._ZN6USBHAL8EP0setupEPh
                0x00000000000012fc       0x14 ../../external/mbed/Release/Freescale_KL25Z/USBDevice.a(USBHAL_KL25Z.o)
                0x00000000000012fc                USBHAL::EP0setup(unsigned char*)
 .text._ZN6USBHAL16EP0getReadResultEPh
                0x0000000000001310       0x14 ../../external/mbed/Release/Freescale_KL25Z/USBDevice.a(USBHAL_KL25Z.o)
                0x0000000000001310                USBHAL::EP0getReadResult(unsigned char*)
 .text._ZN6USBHAL13endpointWriteEhPhm
                0x0000000000001324       0x8c ../../external/mbed/Release/Freescale_KL25Z/USBDevice.a(USBHAL_KL25Z.o)
                0x0000000000001324                USBHAL::endpointWrite(unsigned char, unsigned char*, unsigned long)
 .text._ZN6USBHAL8EP0writeEPhm
                0x00000000000013b0       0x10 ../../external/mbed/Release/Freescale_KL25Z/USBDevice.a(USBHAL_KL25Z.o)
                0x00000000000013b0                USBHAL::EP0write(unsigned char*, unsigned long)
 .text._ZN6USBHAL19endpointWriteResultEh
                0x00000000000013c0       0x20 ../../external/mbed/Release/Freescale_KL25Z/USBDevice.a(USBHAL_KL25Z.o)
                0x00000000000013c0                USBHAL::endpointWriteResult(unsigned char)
 .text._ZN6USBHAL13stallEndpointEh
                0x00000000000013e0       0x18 ../../external/mbed/Release/Freescale_KL25Z/USBDevice.a(USBHAL_KL25Z.o)
                0x00000000000013e0                USBHAL::stallEndpoint(unsigned char)
 .text._ZN6USBHAL15unstallEndpointEh
                0x00000000000013f8       0x18 ../../external/mbed/Release/Freescale_KL25Z/USBDevice.a(USBHAL_KL25Z.o)
                0x00000000000013f8                USBHAL::unstallEndpoint(unsigned char)
 .text._ZN6USBHAL21getEndpointStallStateEh
                0x0000000000001410       0x14 ../../external/mbed/Release/Freescale_KL25Z/USBDevice.a(USBHAL_KL25Z.o)
                0x0000000000001410                USBHAL::getEndpointStallState(unsigned char)
 .text._ZN6USBHAL6usbisrEv
                0x0000000000001424      0x28c ../../external/mbed/Release/Freescale_KL25Z/USBDevice.a(USBHAL_KL25Z.o)
                0x0000000000001424                USBHAL::usbisr()
 .text._ZN6USBHAL7_usbisrEv
                0x00000000000016b0       0x10 ../../external/mbed/Release/Freescale_KL25Z/USBDevice.a(USBHAL_KL25Z.o)
                0x00000000000016b0                USBHAL::_usbisr()
 .text._ZN6USBHID21HID_callbackSetReportEP10HID_REPORT
                0x00000000000016c0        0x4 ../../external/mbed/Release/Freescale_KL25Z/USBDevice.a(USBHID.o)
                0x00000000000016c0                USBHID::HID_callbackSetReport(HID_REPORT*)
 .text._ZN6USBHID16reportDescLengthEv
                0x00000000000016c4       0x14 ../../external/mbed/Release/Freescale_KL25Z/USBDevice.a(USBHID.o)
                0x00000000000016c4                USBHID::reportDescLength()
 .text._ZN6USBHID20stringIinterfaceDescEv
                0x00000000000016d8        0x8 ../../external/mbed/Release/Freescale_KL25Z/USBDevice.a(USBHID.o)
                0x00000000000016d8                USBHID::stringIinterfaceDesc()
 .text._ZN6USBHID18stringIproductDescEv
                0x00000000000016e0        0x8 ../../external/mbed/Release/Freescale_KL25Z/USBDevice.a(USBHID.o)
                0x00000000000016e0                USBHID::stringIproductDesc()
 .text._ZN6USBHID19USBCallback_requestEv
                0x00000000000016e8       0xb0 ../../external/mbed/Release/Freescale_KL25Z/USBDevice.a(USBHID.o)
                0x00000000000016e8                USBHID::USBCallback_request()
 .text._ZN6USBHID10reportDescEv
                0x0000000000001798       0x48 ../../external/mbed/Release/Freescale_KL25Z/USBDevice.a(USBHID.o)
                0x0000000000001798                USBHID::reportDesc()
 .text._ZN6USBHID28USBCallback_setConfigurationEh
                0x00000000000017e0       0x30 ../../external/mbed/Release/Freescale_KL25Z/USBDevice.a(USBHID.o)
                0x00000000000017e0                USBHID::USBCallback_setConfiguration(unsigned char)
 .text._ZN6USBHID17configurationDescEv
                0x0000000000001810       0x48 ../../external/mbed/Release/Freescale_KL25Z/USBDevice.a(USBHID.o)
                0x0000000000001810                USBHID::configurationDesc()
 .text._ZN6USBHIDC2Ehhtttb
                0x0000000000001858       0x44 ../../external/mbed/Release/Freescale_KL25Z/USBDevice.a(USBHID.o)
                0x0000000000001858                USBHID::USBHID(unsigned char, unsigned char, unsigned short, unsigned short, unsigned short, bool)
                0x0000000000001858                USBHID::USBHID(unsigned char, unsigned char, unsigned short, unsigned short, unsigned short, bool)
 .text._ZN6USBHID4sendEP10HID_REPORT
                0x000000000000189c       0x18 ../../external/mbed/Release/Freescale_KL25Z/USBDevice.a(USBHID.o)
                0x000000000000189c                USBHID::send(HID_REPORT*)
 .text._ZN8USBMouse10reportDescEv
                0x00000000000018b4       0x34 ../../external/mbed/Release/Freescale_KL25Z/USBDevice.a(USBMouse.o)
                0x00000000000018b4                USBMouse::reportDesc()
 .text._ZN8USBMouse17configurationDescEv
                0x00000000000018e8       0x48 ../../external/mbed/Release/Freescale_KL25Z/USBDevice.a(USBMouse.o)
                0x00000000000018e8                USBMouse::configurationDesc()
 .text._ZN8USBMouse6updateEssha
                0x0000000000001930      0x16c ../../external/mbed/Release/Freescale_KL25Z/USBDevice.a(USBMouse.o)
                0x0000000000001930                USBMouse::update(short, short, unsigned char, signed char)
 .text._ZN8USBMouse4moveEss
                0x0000000000001a9c       0x18 ../../external/mbed/Release/Freescale_KL25Z/USBDevice.a(USBMouse.o)
                0x0000000000001a9c                USBMouse::move(short, short)
 .text.NVIC_SetVector
                0x0000000000001ab4       0x34 ../../external/mbed/Release/Freescale_KL25Z/mbed.a(cmsis_nvic.o)
                0x0000000000001ab4                NVIC_SetVector
 .text.exit     0x0000000000001ae8       0x34 ../../external/mbed/Release/Freescale_KL25Z/mbed.a(exit.o)
                0x0000000000001ae8                exit
 .text.mbed_interface_connected
                0x0000000000001b1c        0x8 ../../external/mbed/Release/Freescale_KL25Z/mbed.a(mbed_interface.o)
                0x0000000000001b1c                mbed_interface_connected
 .text.semihost_exit
                0x0000000000001b24       0x18 ../../external/mbed/Release/Freescale_KL25Z/mbed.a(semihost_api.o)
                0x0000000000001b24                semihost_exit
 .text.semihost_connected
                0x0000000000001b3c        0xc ../../external/mbed/Release/Freescale_KL25Z/mbed.a(semihost_api.o)
                0x0000000000001b3c                semihost_connected
 .text.wait_us  0x0000000000001b48       0x18 ../../external/mbed/Release/Freescale_KL25Z/mbed.a(wait_api.o)
                0x0000000000001b48                wait_us
 .text.wait     0x0000000000001b60       0x18 ../../external/mbed/Release/Freescale_KL25Z/mbed.a(wait_api.o)
                0x0000000000001b60                wait
 .text.wait_ms  0x0000000000001b78       0x10 ../../external/mbed/Release/Freescale_KL25Z/mbed.a(wait_api.o)
                0x0000000000001b78                wait_ms
 .text._ZL11init_serialv.part.0
                0x0000000000001b88       0x14 ../../external/mbed/Release/Freescale_KL25Z/mbed.a(retarget.o)
 .text._close   0x0000000000001b9c       0x2c ../../external/mbed/Release/Freescale_KL25Z/mbed.a(retarget.o)
                0x0000000000001b9c                _close
 .text._write   0x0000000000001bc8       0x58 ../../external/mbed/Release/Freescale_KL25Z/mbed.a(retarget.o)
                0x0000000000001bc8                _write
 .text._read    0x0000000000001c20       0x48 ../../external/mbed/Release/Freescale_KL25Z/mbed.a(retarget.o)
                0x0000000000001c20                _read
 .text._isatty  0x0000000000001c68       0x28 ../../external/mbed/Release/Freescale_KL25Z/mbed.a(retarget.o)
                0x0000000000001c68                _isatty
 .text._lseek   0x0000000000001c90       0x28 ../../external/mbed/Release/Freescale_KL25Z/mbed.a(retarget.o)
                0x0000000000001c90                _lseek
 .text._fstat   0x0000000000001cb8       0x20 ../../external/mbed/Release/Freescale_KL25Z/mbed.a(retarget.o)
                0x0000000000001cb8                _fstat
 .text._sbrk    0x0000000000001cd8       0x28 ../../external/mbed/Release/Freescale_KL25Z/mbed.a(retarget.o)
                0x0000000000001cd8                _sbrk
 .text          0x0000000000001d00        0xc ../../external/mbed/Release/Freescale_KL25Z/mbed.a(startup_MKL25Z4.o)
                0x0000000000001d00                NMI_Handler
                0x0000000000001d02                HardFault_Handler
                0x0000000000001d04                SVC_Handler
                0x0000000000001d06                PendSV_Handler
                0x0000000000001d08                SysTick_Handler
                0x0000000000001d0a                TSI0_IRQHandler
                0x0000000000001d0a                UART0_IRQHandler
                0x0000000000001d0a                ADC0_IRQHandler
                0x0000000000001d0a                SPI1_IRQHandler
                0x0000000000001d0a                PORTD_IRQHandler
                0x0000000000001d0a                TPM2_IRQHandler
                0x0000000000001d0a                LPTimer_IRQHandler
                0x0000000000001d0a                RTC_IRQHandler
                0x0000000000001d0a                RTC_Seconds_IRQHandler
                0x0000000000001d0a                MCG_IRQHandler
                0x0000000000001d0a                UART2_IRQHandler
                0x0000000000001d0a                Default_Handler
                0x0000000000001d0a                USB0_IRQHandler
                0x0000000000001d0a                LLW_IRQHandler
                0x0000000000001d0a                PIT_IRQHandler
                0x0000000000001d0a                DMA3_IRQHandler
                0x0000000000001d0a                DMA0_IRQHandler
                0x0000000000001d0a                DAC0_IRQHandler
                0x0000000000001d0a                DEF_IRQHandler
                0x0000000000001d0a                TPM1_IRQHandler
                0x0000000000001d0a                LVD_LVW_IRQHandler
                0x0000000000001d0a                SPI0_IRQHandler
                0x0000000000001d0a                PORTA_IRQHandler
                0x0000000000001d0a                FTFA_IRQHandler
                0x0000000000001d0a                CMP0_IRQHandler
                0x0000000000001d0a                I2C0_IRQHandler
                0x0000000000001d0a                DMA1_IRQHandler
                0x0000000000001d0a                I2C1_IRQHandler
                0x0000000000001d0a                UART1_IRQHandler
                0x0000000000001d0a                DMA2_IRQHandler
                0x0000000000001d0a                TPM0_IRQHandler
 .text.lptmr_isr
                0x0000000000001d0c       0x68 ../../external/mbed/Release/Freescale_KL25Z/mbed.a(us_ticker.o)
 .text.us_ticker_init
                0x0000000000001d74      0x224 ../../external/mbed/Release/Freescale_KL25Z/mbed.a(us_ticker.o)
                0x0000000000001d74                us_ticker_init
 .text.us_ticker_read
                0x0000000000001f98       0x24 ../../external/mbed/Release/Freescale_KL25Z/mbed.a(us_ticker.o)
                0x0000000000001f98                us_ticker_read
 .text.us_ticker_disable_interrupt
                0x0000000000001fbc       0x10 ../../external/mbed/Release/Freescale_KL25Z/mbed.a(us_ticker.o)
                0x0000000000001fbc                us_ticker_disable_interrupt
 .text.us_ticker_clear_interrupt
                0x0000000000001fcc        0x4 ../../external/mbed/Release/Freescale_KL25Z/mbed.a(us_ticker.o)
                0x0000000000001fcc                us_ticker_clear_interrupt
 .text.us_ticker_set_interrupt
                0x0000000000001fd0       0x88 ../../external/mbed/Release/Freescale_KL25Z/mbed.a(us_ticker.o)
                0x0000000000001fd0                us_ticker_set_interrupt
 .text.mcgpllfll_frequency.part.0
                0x0000000000002058       0x50 ../../external/mbed/Release/Freescale_KL25Z/mbed.a(serial_api.o)
 .text.serial_baud
                0x00000000000020a8      0x16c ../../external/mbed/Release/Freescale_KL25Z/mbed.a(serial_api.o)
                0x00000000000020a8                serial_baud
 .text.serial_format
                0x0000000000002214       0x50 ../../external/mbed/Release/Freescale_KL25Z/mbed.a(serial_api.o)
                0x0000000000002214                serial_format
 .text.serial_init
                0x0000000000002264      0x194 ../../external/mbed/Release/Freescale_KL25Z/mbed.a(serial_api.o)
                0x0000000000002264                serial_init
 .text.serial_getc
                0x00000000000023f8       0x28 ../../external/mbed/Release/Freescale_KL25Z/mbed.a(serial_api.o)
                0x00000000000023f8                serial_getc
 .text.serial_putc
                0x0000000000002420       0x28 ../../external/mbed/Release/Freescale_KL25Z/mbed.a(serial_api.o)
                0x0000000000002420                serial_putc
 .text.SystemInit
                0x0000000000002448       0xac ../../external/mbed/Release/Freescale_KL25Z/mbed.a(system_MKL25Z4.o)
                0x0000000000002448                SystemInit
 .text.mbed_die
                0x00000000000024f4       0x2c ../../external/mbed/Release/Freescale_KL25Z/mbed.a(board.o)
                0x00000000000024f4                mbed_die
 .text.error    0x0000000000002520       0x24 ../../external/mbed/Release/Freescale_KL25Z/mbed.a(error.o)
                0x0000000000002520                error
 .text.gpio_init_out
                0x0000000000002544       0x28 ../../external/mbed/Release/Freescale_KL25Z/mbed.a(gpio.o)
                0x0000000000002544                gpio_init_out
 .text.pinmap_pinout
                0x000000000000256c       0x38 ../../external/mbed/Release/Freescale_KL25Z/mbed.a(pinmap_common.o)
                0x000000000000256c                pinmap_pinout
 .text.pinmap_merge
                0x00000000000025a4       0x24 ../../external/mbed/Release/Freescale_KL25Z/mbed.a(pinmap_common.o)
                0x00000000000025a4                pinmap_merge
 .text.pinmap_peripheral
                0x00000000000025c8       0x30 ../../external/mbed/Release/Freescale_KL25Z/mbed.a(pinmap_common.o)
                0x00000000000025c8                pinmap_peripheral
 .text.us_ticker_irq_handler
                0x00000000000025f8       0x70 ../../external/mbed/Release/Freescale_KL25Z/mbed.a(us_ticker_api.o)
                0x00000000000025f8                us_ticker_irq_handler
 .text.gpio_init
                0x0000000000002668       0x3c ../../external/mbed/Release/Freescale_KL25Z/mbed.a(gpio_api.o)
                0x0000000000002668                gpio_init
 .text.gpio_mode
                0x00000000000026a4        0xc ../../external/mbed/Release/Freescale_KL25Z/mbed.a(gpio_api.o)
                0x00000000000026a4                gpio_mode
 .text.gpio_dir
                0x00000000000026b0       0x20 ../../external/mbed/Release/Freescale_KL25Z/mbed.a(gpio_api.o)
                0x00000000000026b0                gpio_dir
 .text.pin_function
                0x00000000000026d0       0x44 ../../external/mbed/Release/Freescale_KL25Z/mbed.a(pinmap.o)
                0x00000000000026d0                pin_function
 .text.pin_mode
                0x0000000000002714       0x14 ../../external/mbed/Release/Freescale_KL25Z/mbed.a(pinmap.o)
                0x0000000000002714                pin_mode
 .text.__aeabi_atexit
                0x0000000000002728        0xe /Users/suryanshu/buckLabs/compiler/gcc-arm-none-eabi/bin/../lib/gcc/arm-none-eabi/4.8.3/../../../../arm-none-eabi/lib/armv6-m/libstdc++_s.a(atexit_arm.o)
                0x0000000000002728                __aeabi_atexit
 .text.__cxa_guard_acquire
                0x0000000000002736       0x1e /Users/suryanshu/buckLabs/compiler/gcc-arm-none-eabi/bin/../lib/gcc/arm-none-eabi/4.8.3/../../../../arm-none-eabi/lib/armv6-m/libstdc++_s.a(guard.o)
                0x0000000000002736                __cxa_guard_acquire
 .text.__cxa_guard_release
                0x0000000000002754        0x6 /Users/suryanshu/buckLabs/compiler/gcc-arm-none-eabi/bin/../lib/gcc/arm-none-eabi/4.8.3/../../../../arm-none-eabi/lib/armv6-m/libstdc++_s.a(guard.o)
                0x0000000000002754                __cxa_guard_release
 *fill*         0x000000000000275a        0x2 
 .text          0x000000000000275c       0x9c /Users/suryanshu/buckLabs/compiler/gcc-arm-none-eabi/bin/../lib/gcc/arm-none-eabi/4.8.3/armv6-m/libgcc.a(_udivsi3.o)
                0x000000000000275c                __udivsi3
                0x000000000000275c                __aeabi_uidiv
                0x00000000000027e4                __aeabi_uidivmod
 .text          0x00000000000027f8        0x4 /Users/suryanshu/buckLabs/compiler/gcc-arm-none-eabi/bin/../lib/gcc/arm-none-eabi/4.8.3/armv6-m/libgcc.a(_dvmd_tls.o)
                0x00000000000027f8                __aeabi_ldiv0
                0x00000000000027f8                __aeabi_idiv0
 .text          0x00000000000027fc      0x254 /Users/suryanshu/buckLabs/compiler/gcc-arm-none-eabi/bin/../lib/gcc/arm-none-eabi/4.8.3/armv6-m/libgcc.a(mulsf3.o)
                0x00000000000027fc                __aeabi_fmul
 .text          0x0000000000002a50       0x40 /Users/suryanshu/buckLabs/compiler/gcc-arm-none-eabi/bin/../lib/gcc/arm-none-eabi/4.8.3/armv6-m/libgcc.a(fixsfsi.o)
                0x0000000000002a50                __aeabi_f2iz
 .text          0x0000000000002a90      0x648 /Users/suryanshu/buckLabs/compiler/gcc-arm-none-eabi/bin/../lib/gcc/arm-none-eabi/4.8.3/armv6-m/libgcc.a(divdf3.o)
                0x0000000000002a90                __aeabi_ddiv
 .text          0x00000000000030d8      0x520 /Users/suryanshu/buckLabs/compiler/gcc-arm-none-eabi/bin/../lib/gcc/arm-none-eabi/4.8.3/armv6-m/libgcc.a(muldf3.o)
                0x00000000000030d8                __aeabi_dmul
 .text          0x00000000000035f8       0x68 /Users/suryanshu/buckLabs/compiler/gcc-arm-none-eabi/bin/../lib/gcc/arm-none-eabi/4.8.3/armv6-m/libgcc.a(fixdfsi.o)
                0x00000000000035f8                __aeabi_d2iz
 .text          0x0000000000003660       0x7c /Users/suryanshu/buckLabs/compiler/gcc-arm-none-eabi/bin/../lib/gcc/arm-none-eabi/4.8.3/armv6-m/libgcc.a(floatsidf.o)
                0x0000000000003660                __aeabi_i2d
 .text          0x00000000000036dc       0x3c /Users/suryanshu/buckLabs/compiler/gcc-arm-none-eabi/bin/../lib/gcc/arm-none-eabi/4.8.3/armv6-m/libgcc.a(_clzsi2.o)
                0x00000000000036dc                __clzsi2
 .text.__cxa_atexit
                0x0000000000003718       0x20 /Users/suryanshu/buckLabs/compiler/gcc-arm-none-eabi/bin/../lib/gcc/arm-none-eabi/4.8.3/../../../../arm-none-eabi/lib/armv6-m/libc_s.a(lib_a-cxa_atexit.o)
                0x0000000000003718                __cxa_atexit
 .text.__errno  0x0000000000003738        0xc /Users/suryanshu/buckLabs/compiler/gcc-arm-none-eabi/bin/../lib/gcc/arm-none-eabi/4.8.3/../../../../arm-none-eabi/lib/armv6-m/libc_s.a(lib_a-errno.o)
                0x0000000000003738                __errno
 .text.__sflush_r
                0x0000000000003744      0x112 /Users/suryanshu/buckLabs/compiler/gcc-arm-none-eabi/bin/../lib/gcc/arm-none-eabi/4.8.3/../../../../arm-none-eabi/lib/armv6-m/libc_s.a(lib_a-fflush.o)
                0x0000000000003744                __sflush_r
 *fill*         0x0000000000003856        0x2 
 .text._fflush_r
                0x0000000000003858       0x58 /Users/suryanshu/buckLabs/compiler/gcc-arm-none-eabi/bin/../lib/gcc/arm-none-eabi/4.8.3/../../../../arm-none-eabi/lib/armv6-m/libc_s.a(lib_a-fflush.o)
                0x0000000000003858                _fflush_r
 .text.fflush   0x00000000000038b0       0x28 /Users/suryanshu/buckLabs/compiler/gcc-arm-none-eabi/bin/../lib/gcc/arm-none-eabi/4.8.3/../../../../arm-none-eabi/lib/armv6-m/libc_s.a(lib_a-fflush.o)
                0x00000000000038b0                fflush
 .text._cleanup_r
                0x00000000000038d8       0x34 /Users/suryanshu/buckLabs/compiler/gcc-arm-none-eabi/bin/../lib/gcc/arm-none-eabi/4.8.3/../../../../arm-none-eabi/lib/armv6-m/libc_s.a(lib_a-findfp.o)
                0x00000000000038d8                _cleanup_r
 .text.std.isra.0
                0x000000000000390c       0x48 /Users/suryanshu/buckLabs/compiler/gcc-arm-none-eabi/bin/../lib/gcc/arm-none-eabi/4.8.3/../../../../arm-none-eabi/lib/armv6-m/libc_s.a(lib_a-findfp.o)
 .text.__sfmoreglue
                0x0000000000003954       0x2c /Users/suryanshu/buckLabs/compiler/gcc-arm-none-eabi/bin/../lib/gcc/arm-none-eabi/4.8.3/../../../../arm-none-eabi/lib/armv6-m/libc_s.a(lib_a-findfp.o)
                0x0000000000003954                __sfmoreglue
 .text.__sinit  0x0000000000003980       0x64 /Users/suryanshu/buckLabs/compiler/gcc-arm-none-eabi/bin/../lib/gcc/arm-none-eabi/4.8.3/../../../../arm-none-eabi/lib/armv6-m/libc_s.a(lib_a-findfp.o)
                0x0000000000003980                __sinit
 .text.__sfp    0x00000000000039e4       0x7c /Users/suryanshu/buckLabs/compiler/gcc-arm-none-eabi/bin/../lib/gcc/arm-none-eabi/4.8.3/../../../../arm-none-eabi/lib/armv6-m/libc_s.a(lib_a-findfp.o)
                0x00000000000039e4                __sfp
 .text._fwalk_reent
                0x0000000000003a60       0x42 /Users/suryanshu/buckLabs/compiler/gcc-arm-none-eabi/bin/../lib/gcc/arm-none-eabi/4.8.3/../../../../arm-none-eabi/lib/armv6-m/libc_s.a(lib_a-fwalk.o)
                0x0000000000003a60                _fwalk_reent
 *fill*         0x0000000000003aa2        0x2 
 .text.__libc_init_array
                0x0000000000003aa4       0x4c /Users/suryanshu/buckLabs/compiler/gcc-arm-none-eabi/bin/../lib/gcc/arm-none-eabi/4.8.3/../../../../arm-none-eabi/lib/armv6-m/libc_s.a(lib_a-init.o)
                0x0000000000003aa4                __libc_init_array
 .text.malloc   0x0000000000003af0       0x14 /Users/suryanshu/buckLabs/compiler/gcc-arm-none-eabi/bin/../lib/gcc/arm-none-eabi/4.8.3/../../../../arm-none-eabi/lib/armv6-m/libc_s.a(lib_a-malloc.o)
                0x0000000000003af0                malloc
 .text.memcpy   0x0000000000003b04       0x12 /Users/suryanshu/buckLabs/compiler/gcc-arm-none-eabi/bin/../lib/gcc/arm-none-eabi/4.8.3/../../../../arm-none-eabi/lib/armv6-m/libc_s.a(lib_a-memcpy-stub.o)
                0x0000000000003b04                memcpy
 .text.memset   0x0000000000003b16       0x10 /Users/suryanshu/buckLabs/compiler/gcc-arm-none-eabi/bin/../lib/gcc/arm-none-eabi/4.8.3/../../../../arm-none-eabi/lib/armv6-m/libc_s.a(lib_a-memset.o)
                0x0000000000003b16                memset
 *fill*         0x0000000000003b26        0x2 
 .text._free_r  0x0000000000003b28       0x90 /Users/suryanshu/buckLabs/compiler/gcc-arm-none-eabi/bin/../lib/gcc/arm-none-eabi/4.8.3/../../../../arm-none-eabi/lib/armv6-m/libc_s.a(lib_a-nano-freer.o)
                0x0000000000003b28                _free_r
 .text._malloc_r
                0x0000000000003bb8       0xa8 /Users/suryanshu/buckLabs/compiler/gcc-arm-none-eabi/bin/../lib/gcc/arm-none-eabi/4.8.3/../../../../arm-none-eabi/lib/armv6-m/libc_s.a(lib_a-nano-mallocr.o)
                0x0000000000003bb8                _malloc_r
 .text._sbrk_r  0x0000000000003c60       0x24 /Users/suryanshu/buckLabs/compiler/gcc-arm-none-eabi/bin/../lib/gcc/arm-none-eabi/4.8.3/../../../../arm-none-eabi/lib/armv6-m/libc_s.a(lib_a-sbrkr.o)
                0x0000000000003c60                _sbrk_r
 .text.__sread  0x0000000000003c84       0x28 /Users/suryanshu/buckLabs/compiler/gcc-arm-none-eabi/bin/../lib/gcc/arm-none-eabi/4.8.3/../../../../arm-none-eabi/lib/armv6-m/libc_s.a(lib_a-stdio.o)
                0x0000000000003c84                __sread
 .text.__swrite
                0x0000000000003cac       0x38 /Users/suryanshu/buckLabs/compiler/gcc-arm-none-eabi/bin/../lib/gcc/arm-none-eabi/4.8.3/../../../../arm-none-eabi/lib/armv6-m/libc_s.a(lib_a-stdio.o)
                0x0000000000003cac                __swrite
 .text.__sseek  0x0000000000003ce4       0x2c /Users/suryanshu/buckLabs/compiler/gcc-arm-none-eabi/bin/../lib/gcc/arm-none-eabi/4.8.3/../../../../arm-none-eabi/lib/armv6-m/libc_s.a(lib_a-stdio.o)
                0x0000000000003ce4                __sseek
 .text.__sclose
                0x0000000000003d10        0xc /Users/suryanshu/buckLabs/compiler/gcc-arm-none-eabi/bin/../lib/gcc/arm-none-eabi/4.8.3/../../../../arm-none-eabi/lib/armv6-m/libc_s.a(lib_a-stdio.o)
                0x0000000000003d10                __sclose
 .text.strlen   0x0000000000003d1c        0xe /Users/suryanshu/buckLabs/compiler/gcc-arm-none-eabi/bin/../lib/gcc/arm-none-eabi/4.8.3/../../../../arm-none-eabi/lib/armv6-m/libc_s.a(lib_a-strlen.o)
                0x0000000000003d1c                strlen
 .text.__sfputc_r
                0x0000000000003d2a       0x2a /Users/suryanshu/buckLabs/compiler/gcc-arm-none-eabi/bin/../lib/gcc/arm-none-eabi/4.8.3/../../../../arm-none-eabi/lib/armv6-m/libc_s.a(lib_a-vfprintf.o)
 .text.__sfputs_r
                0x0000000000003d54       0x24 /Users/suryanshu/buckLabs/compiler/gcc-arm-none-eabi/bin/../lib/gcc/arm-none-eabi/4.8.3/../../../../arm-none-eabi/lib/armv6-m/libc_s.a(lib_a-vfprintf.o)
                0x0000000000003d54                __sfputs_r
 .text._vfprintf_r
                0x0000000000003d78      0x210 /Users/suryanshu/buckLabs/compiler/gcc-arm-none-eabi/bin/../lib/gcc/arm-none-eabi/4.8.3/../../../../arm-none-eabi/lib/armv6-m/libc_s.a(lib_a-vfprintf.o)
                0x0000000000003d78                _vfiprintf_r
                0x0000000000003d78                _vfprintf_r
 .text.vfprintf
                0x0000000000003f88       0x1c /Users/suryanshu/buckLabs/compiler/gcc-arm-none-eabi/bin/../lib/gcc/arm-none-eabi/4.8.3/../../../../arm-none-eabi/lib/armv6-m/libc_s.a(lib_a-vfprintf.o)
                0x0000000000003f88                vfiprintf
                0x0000000000003f88                vfprintf
 .text._printf_common
                0x0000000000003fa4       0xe8 /Users/suryanshu/buckLabs/compiler/gcc-arm-none-eabi/bin/../lib/gcc/arm-none-eabi/4.8.3/../../../../arm-none-eabi/lib/armv6-m/libc_s.a(lib_a-vfprintf_i.o)
                0x0000000000003fa4                _printf_common
 .text._printf_i
                0x000000000000408c      0x22c /Users/suryanshu/buckLabs/compiler/gcc-arm-none-eabi/bin/../lib/gcc/arm-none-eabi/4.8.3/../../../../arm-none-eabi/lib/armv6-m/libc_s.a(lib_a-vfprintf_i.o)
                0x000000000000408c                _printf_i
 .text.__swbuf_r
                0x00000000000042b8       0xb0 /Users/suryanshu/buckLabs/compiler/gcc-arm-none-eabi/bin/../lib/gcc/arm-none-eabi/4.8.3/../../../../arm-none-eabi/lib/armv6-m/libc_s.a(lib_a-wbuf.o)
                0x00000000000042b8                __swbuf_r
 .text._write_r
                0x0000000000004368       0x28 /Users/suryanshu/buckLabs/compiler/gcc-arm-none-eabi/bin/../lib/gcc/arm-none-eabi/4.8.3/../../../../arm-none-eabi/lib/armv6-m/libc_s.a(lib_a-writer.o)
                0x0000000000004368                _write_r
 .text.__swsetup_r
                0x0000000000004390       0xe4 /Users/suryanshu/buckLabs/compiler/gcc-arm-none-eabi/bin/../lib/gcc/arm-none-eabi/4.8.3/../../../../arm-none-eabi/lib/armv6-m/libc_s.a(lib_a-wsetup.o)
                0x0000000000004390                __swsetup_r
 .text._close_r
                0x0000000000004474       0x24 /Users/suryanshu/buckLabs/compiler/gcc-arm-none-eabi/bin/../lib/gcc/arm-none-eabi/4.8.3/../../../../arm-none-eabi/lib/armv6-m/libc_s.a(lib_a-closer.o)
                0x0000000000004474                _close_r
 .text._lseek_r
                0x0000000000004498       0x28 /Users/suryanshu/buckLabs/compiler/gcc-arm-none-eabi/bin/../lib/gcc/arm-none-eabi/4.8.3/../../../../arm-none-eabi/lib/armv6-m/libc_s.a(lib_a-lseekr.o)
                0x0000000000004498                _lseek_r
 .text.__smakebuf_r
                0x00000000000044c0       0xa0 /Users/suryanshu/buckLabs/compiler/gcc-arm-none-eabi/bin/../lib/gcc/arm-none-eabi/4.8.3/../../../../arm-none-eabi/lib/armv6-m/libc_s.a(lib_a-makebuf.o)
                0x00000000000044c0                __smakebuf_r
 .text.memchr   0x0000000000004560       0x16 /Users/suryanshu/buckLabs/compiler/gcc-arm-none-eabi/bin/../lib/gcc/arm-none-eabi/4.8.3/../../../../arm-none-eabi/lib/armv6-m/libc_s.a(lib_a-memchr-stub.o)
                0x0000000000004560                memchr
 *fill*         0x0000000000004576        0x2 
 .text._read_r  0x0000000000004578       0x28 /Users/suryanshu/buckLabs/compiler/gcc-arm-none-eabi/bin/../lib/gcc/arm-none-eabi/4.8.3/../../../../arm-none-eabi/lib/armv6-m/libc_s.a(lib_a-readr.o)
                0x0000000000004578                _read_r
 .text._fstat_r
                0x00000000000045a0       0x24 /Users/suryanshu/buckLabs/compiler/gcc-arm-none-eabi/bin/../lib/gcc/arm-none-eabi/4.8.3/../../../../arm-none-eabi/lib/armv6-m/libc_s.a(lib_a-fstatr.o)
                0x00000000000045a0                _fstat_r
 .text._isatty_r
                0x00000000000045c4       0x24 /Users/suryanshu/buckLabs/compiler/gcc-arm-none-eabi/bin/../lib/gcc/arm-none-eabi/4.8.3/../../../../arm-none-eabi/lib/armv6-m/libc_s.a(lib_a-isattyr.o)
                0x00000000000045c4                _isatty_r
 .text.cos      0x00000000000045e8       0xa8 /Users/suryanshu/buckLabs/compiler/gcc-arm-none-eabi/bin/../lib/gcc/arm-none-eabi/4.8.3/../../../../arm-none-eabi/lib/armv6-m/libm.a(lib_a-s_cos.o)
                0x00000000000045e8                cos
 .text.sin      0x0000000000004690       0xb0 /Users/suryanshu/buckLabs/compiler/gcc-arm-none-eabi/bin/../lib/gcc/arm-none-eabi/4.8.3/../../../../arm-none-eabi/lib/armv6-m/libm.a(lib_a-s_sin.o)
                0x0000000000004690                sin
 .text.__ieee754_rem_pio2
                0x0000000000004740      0x478 /Users/suryanshu/buckLabs/compiler/gcc-arm-none-eabi/bin/../lib/gcc/arm-none-eabi/4.8.3/../../../../arm-none-eabi/lib/armv6-m/libm.a(lib_a-e_rem_pio2.o)
                0x0000000000004740                __ieee754_rem_pio2
 .text.__kernel_cos
                0x0000000000004bb8      0x248 /Users/suryanshu/buckLabs/compiler/gcc-arm-none-eabi/bin/../lib/gcc/arm-none-eabi/4.8.3/../../../../arm-none-eabi/lib/armv6-m/libm.a(lib_a-k_cos.o)
                0x0000000000004bb8                __kernel_cos
 .text.__kernel_rem_pio2
                0x0000000000004e00      0x830 /Users/suryanshu/buckLabs/compiler/gcc-arm-none-eabi/bin/../lib/gcc/arm-none-eabi/4.8.3/../../../../arm-none-eabi/lib/armv6-m/libm.a(lib_a-k_rem_pio2.o)
                0x0000000000004e00                __kernel_rem_pio2
 .text.__kernel_sin
                0x0000000000005630      0x158 /Users/suryanshu/buckLabs/compiler/gcc-arm-none-eabi/bin/../lib/gcc/arm-none-eabi/4.8.3/../../../../arm-none-eabi/lib/armv6-m/libm.a(lib_a-k_sin.o)
                0x0000000000005630                __kernel_sin
 .text.fabs     0x0000000000005788        0x8 /Users/suryanshu/buckLabs/compiler/gcc-arm-none-eabi/bin/../lib/gcc/arm-none-eabi/4.8.3/../../../../arm-none-eabi/lib/armv6-m/libm.a(lib_a-s_fabs.o)
                0x0000000000005788                fabs
 .text.floor    0x0000000000005790      0x170 /Users/suryanshu/buckLabs/compiler/gcc-arm-none-eabi/bin/../lib/gcc/arm-none-eabi/4.8.3/../../../../arm-none-eabi/lib/armv6-m/libm.a(lib_a-s_floor.o)
                0x0000000000005790                floor
 .text.scalbn   0x0000000000005900      0x110 /Users/suryanshu/buckLabs/compiler/gcc-arm-none-eabi/bin/../lib/gcc/arm-none-eabi/4.8.3/../../../../arm-none-eabi/lib/armv6-m/libm.a(lib_a-s_scalbn.o)
                0x0000000000005900                scalbn
 .text.copysign
                0x0000000000005a10       0x10 /Users/suryanshu/buckLabs/compiler/gcc-arm-none-eabi/bin/../lib/gcc/arm-none-eabi/4.8.3/../../../../arm-none-eabi/lib/armv6-m/libm.a(lib_a-s_copysign.o)
                0x0000000000005a10                copysign
 .text          0x0000000000005a20       0xc0 /Users/suryanshu/buckLabs/compiler/gcc-arm-none-eabi/bin/../lib/gcc/arm-none-eabi/4.8.3/armv6-m/libgcc.a(_divsi3.o)
                0x0000000000005a20                __aeabi_idiv
                0x0000000000005a20                __divsi3
                0x0000000000005acc                __aeabi_idivmod
 .text          0x0000000000005ae0       0x7c /Users/suryanshu/buckLabs/compiler/gcc-arm-none-eabi/bin/../lib/gcc/arm-none-eabi/4.8.3/armv6-m/libgcc.a(_arm_cmpdf2.o)
                0x0000000000005ae0                __aeabi_cdrcmple
                0x0000000000005af0                __aeabi_cdcmple
                0x0000000000005af0                __aeabi_cdcmpeq
                0x0000000000005b00                __aeabi_dcmpeq
                0x0000000000005b0c                __aeabi_dcmplt
                0x0000000000005b20                __aeabi_dcmple
                0x0000000000005b34                __aeabi_dcmpgt
                0x0000000000005b48                __aeabi_dcmpge
 .text          0x0000000000005b5c      0x638 /Users/suryanshu/buckLabs/compiler/gcc-arm-none-eabi/bin/../lib/gcc/arm-none-eabi/4.8.3/armv6-m/libgcc.a(adddf3.o)
                0x0000000000005b5c                __aeabi_dadd
 .text          0x0000000000006194       0x94 /Users/suryanshu/buckLabs/compiler/gcc-arm-none-eabi/bin/../lib/gcc/arm-none-eabi/4.8.3/armv6-m/libgcc.a(eqdf2.o)
                0x0000000000006194                __eqdf2
                0x0000000000006194                __nedf2
 .text          0x0000000000006228       0xfc /Users/suryanshu/buckLabs/compiler/gcc-arm-none-eabi/bin/../lib/gcc/arm-none-eabi/4.8.3/armv6-m/libgcc.a(gedf2.o)
                0x0000000000006228                __gtdf2
                0x0000000000006228                __gedf2
 .text          0x0000000000006324       0xfc /Users/suryanshu/buckLabs/compiler/gcc-arm-none-eabi/bin/../lib/gcc/arm-none-eabi/4.8.3/armv6-m/libgcc.a(ledf2.o)
                0x0000000000006324                __ltdf2
                0x0000000000006324                __ledf2
 .text          0x0000000000006420      0x654 /Users/suryanshu/buckLabs/compiler/gcc-arm-none-eabi/bin/../lib/gcc/arm-none-eabi/4.8.3/armv6-m/libgcc.a(subdf3.o)
                0x0000000000006420                __aeabi_dsub
 *(.init)
 .init          0x0000000000006a74        0x4 /Users/suryanshu/buckLabs/compiler/gcc-arm-none-eabi/bin/../lib/gcc/arm-none-eabi/4.8.3/armv6-m/crti.o
                0x0000000000006a74                _init
 .init          0x0000000000006a78        0x8 /Users/suryanshu/buckLabs/compiler/gcc-arm-none-eabi/bin/../lib/gcc/arm-none-eabi/4.8.3/armv6-m/crtn.o
 *(.fini)
 .fini          0x0000000000006a80        0x4 /Users/suryanshu/buckLabs/compiler/gcc-arm-none-eabi/bin/../lib/gcc/arm-none-eabi/4.8.3/armv6-m/crti.o
                0x0000000000006a80                _fini
 .fini          0x0000000000006a84        0x8 /Users/suryanshu/buckLabs/compiler/gcc-arm-none-eabi/bin/../lib/gcc/arm-none-eabi/4.8.3/armv6-m/crtn.o
 *crtbegin.o(.ctors)
 *crtbegin?.o(.ctors)
 *(EXCLUDE_FILE(*crtend.o *crtend?.o) .ctors)
 *(SORT(.ctors.*))
 *(.ctors)
 *crtbegin.o(.dtors)
 *crtbegin?.o(.dtors)
 *(EXCLUDE_FILE(*crtend.o *crtend?.o) .dtors)
 *(SORT(.dtors.*))
 *(.dtors)
 *(.rodata*)
 .rodata._ZN9USBDevice20requestGetDescriptorEv
                0x0000000000006a8c       0x18 ../../external/mbed/Release/Freescale_KL25Z/USBDevice.a(USBDevice.o)
 .rodata._ZN9USBDevice12requestSetupEv
                0x0000000000006aa4       0x30 ../../external/mbed/Release/Freescale_KL25Z/USBDevice.a(USBDevice.o)
 *fill*         0x0000000000006ad4        0x4 
 .rodata._ZTV9USBDevice
                0x0000000000006ad8       0xd8 ../../external/mbed/Release/Freescale_KL25Z/USBDevice.a(USBDevice.o)
                0x0000000000006ad8                vtable for USBDevice
 .rodata._ZTV6USBHAL
                0x0000000000006bb0       0xa0 ../../external/mbed/Release/Freescale_KL25Z/USBDevice.a(USBHAL_KL25Z.o)
                0x0000000000006bb0                vtable for USBHAL
 .rodata._ZTV6USBHID
                0x0000000000006c50       0xe0 ../../external/mbed/Release/Freescale_KL25Z/USBDevice.a(USBHID.o)
                0x0000000000006c50                vtable for USBHID
 .rodata._ZTV8USBMouse
                0x0000000000006d30       0xe0 ../../external/mbed/Release/Freescale_KL25Z/USBDevice.a(USBMouse.o)
                0x0000000000006d30                vtable for USBMouse
 .rodata.str1.4
                0x0000000000006e10       0x48 ../../external/mbed/Release/Freescale_KL25Z/mbed.a(pinmap_common.o)
 .rodata.PinMap_UART_RX
                0x0000000000006e58       0x6c ../../external/mbed/Release/Freescale_KL25Z/mbed.a(PeripheralPins.o)
                0x0000000000006e58                PinMap_UART_RX
 .rodata.PinMap_UART_TX
                0x0000000000006ec4       0x6c ../../external/mbed/Release/Freescale_KL25Z/mbed.a(PeripheralPins.o)
                0x0000000000006ec4                PinMap_UART_TX
 .rodata        0x0000000000006f30       0x40 /Users/suryanshu/buckLabs/compiler/gcc-arm-none-eabi/bin/../lib/gcc/arm-none-eabi/4.8.3/armv6-m/libgcc.a(mulsf3.o)
 .rodata        0x0000000000006f70       0x40 /Users/suryanshu/buckLabs/compiler/gcc-arm-none-eabi/bin/../lib/gcc/arm-none-eabi/4.8.3/armv6-m/libgcc.a(divdf3.o)
 .rodata        0x0000000000006fb0       0x40 /Users/suryanshu/buckLabs/compiler/gcc-arm-none-eabi/bin/../lib/gcc/arm-none-eabi/4.8.3/armv6-m/libgcc.a(muldf3.o)
 .rodata.__sf_fake_stdin
                0x0000000000006ff0       0x20 /Users/suryanshu/buckLabs/compiler/gcc-arm-none-eabi/bin/../lib/gcc/arm-none-eabi/4.8.3/../../../../arm-none-eabi/lib/armv6-m/libc_s.a(lib_a-findfp.o)
                0x0000000000006ff0                __sf_fake_stdin
 .rodata.__sf_fake_stdout
                0x0000000000007010       0x20 /Users/suryanshu/buckLabs/compiler/gcc-arm-none-eabi/bin/../lib/gcc/arm-none-eabi/4.8.3/../../../../arm-none-eabi/lib/armv6-m/libc_s.a(lib_a-findfp.o)
                0x0000000000007010                __sf_fake_stdout
 .rodata.__sf_fake_stderr
                0x0000000000007030       0x20 /Users/suryanshu/buckLabs/compiler/gcc-arm-none-eabi/bin/../lib/gcc/arm-none-eabi/4.8.3/../../../../arm-none-eabi/lib/armv6-m/libc_s.a(lib_a-findfp.o)
                0x0000000000007030                __sf_fake_stderr
 .rodata.str1.1
                0x0000000000007050        0x2 /Users/suryanshu/buckLabs/compiler/gcc-arm-none-eabi/bin/../lib/gcc/arm-none-eabi/4.8.3/../../../../arm-none-eabi/lib/armv6-m/libc_s.a(lib_a-impure.o)
 *fill*         0x0000000000007052        0x2 
 .rodata._global_impure_ptr
                0x0000000000007054        0x4 /Users/suryanshu/buckLabs/compiler/gcc-arm-none-eabi/bin/../lib/gcc/arm-none-eabi/4.8.3/../../../../arm-none-eabi/lib/armv6-m/libc_s.a(lib_a-impure.o)
                0x0000000000007054                _global_impure_ptr
 .rodata.str1.1
                0x0000000000007058       0x11 /Users/suryanshu/buckLabs/compiler/gcc-arm-none-eabi/bin/../lib/gcc/arm-none-eabi/4.8.3/../../../../arm-none-eabi/lib/armv6-m/libc_s.a(lib_a-vfprintf.o)
 .rodata.str1.1
                0x0000000000007069       0x22 /Users/suryanshu/buckLabs/compiler/gcc-arm-none-eabi/bin/../lib/gcc/arm-none-eabi/4.8.3/../../../../arm-none-eabi/lib/armv6-m/libc_s.a(lib_a-vfprintf_i.o)
 *fill*         0x000000000000708b        0x1 
 .rodata.npio2_hw
                0x000000000000708c       0x80 /Users/suryanshu/buckLabs/compiler/gcc-arm-none-eabi/bin/../lib/gcc/arm-none-eabi/4.8.3/../../../../arm-none-eabi/lib/armv6-m/libm.a(lib_a-e_rem_pio2.o)
 .rodata.two_over_pi
                0x000000000000710c      0x108 /Users/suryanshu/buckLabs/compiler/gcc-arm-none-eabi/bin/../lib/gcc/arm-none-eabi/4.8.3/../../../../arm-none-eabi/lib/armv6-m/libm.a(lib_a-e_rem_pio2.o)
 .rodata.init_jk
                0x0000000000007214       0x10 /Users/suryanshu/buckLabs/compiler/gcc-arm-none-eabi/bin/../lib/gcc/arm-none-eabi/4.8.3/../../../../arm-none-eabi/lib/armv6-m/libm.a(lib_a-k_rem_pio2.o)
 *fill*         0x0000000000007224        0x4 
 .rodata.PIo2   0x0000000000007228       0x40 /Users/suryanshu/buckLabs/compiler/gcc-arm-none-eabi/bin/../lib/gcc/arm-none-eabi/4.8.3/../../../../arm-none-eabi/lib/armv6-m/libm.a(lib_a-k_rem_pio2.o)
 *(.eh_frame*)
 .eh_frame      0x0000000000007268        0x0 /Users/suryanshu/buckLabs/compiler/gcc-arm-none-eabi/bin/../lib/gcc/arm-none-eabi/4.8.3/armv6-m/crtbegin.o
 .eh_frame      0x0000000000007268        0x4 /Users/suryanshu/buckLabs/compiler/gcc-arm-none-eabi/bin/../lib/gcc/arm-none-eabi/4.8.3/armv6-m/crtend.o

.glue_7         0x000000000000726c        0x0
 .glue_7        0x0000000000000000        0x0 linker stubs

.glue_7t        0x000000000000726c        0x0
 .glue_7t       0x0000000000000000        0x0 linker stubs

.vfp11_veneer   0x000000000000726c        0x0
 .vfp11_veneer  0x0000000000000000        0x0 linker stubs

.v4_bx          0x000000000000726c        0x0
 .v4_bx         0x0000000000000000        0x0 linker stubs

.iplt           0x000000000000726c        0x0
 .iplt          0x0000000000000000        0x0 /Users/suryanshu/buckLabs/compiler/gcc-arm-none-eabi/bin/../lib/gcc/arm-none-eabi/4.8.3/armv6-m/crtbegin.o

.rel.dyn        0x000000000000726c        0x0
 .rel.iplt      0x0000000000000000        0x0 /Users/suryanshu/buckLabs/compiler/gcc-arm-none-eabi/bin/../lib/gcc/arm-none-eabi/4.8.3/armv6-m/crtbegin.o

.ARM.extab
 *(.ARM.extab* .gnu.linkonce.armextab.*)
                0x000000000000726c                __exidx_start = .

.ARM.exidx
 *(.ARM.exidx* .gnu.linkonce.armexidx.*)
                0x000000000000726c                __exidx_end = .
                0x000000000000726c                __etext = .

.data           0x000000001ffff0c0      0x1fc load address 0x000000000000726c
                0x000000001ffff0c0                __data_start__ = .
 *(vtable)
 *(.data*)
 .data          0x000000001ffff0c0        0x4 /Users/suryanshu/buckLabs/compiler/gcc-arm-none-eabi/bin/../lib/gcc/arm-none-eabi/4.8.3/armv6-m/crtbegin.o
                0x000000001ffff0c0                __dso_handle
 .data._ZZN9USBDevice20stringIinterfaceDescEvE26stringIinterfaceDescriptor
                0x000000001ffff0c4        0x8 ../../external/mbed/Release/Freescale_KL25Z/USBDevice.a(USBDevice.o)
 .data._ZZN9USBDevice23stringImanufacturerDescEvE29stringImanufacturerDescriptor
                0x000000001ffff0cc       0x14 ../../external/mbed/Release/Freescale_KL25Z/USBDevice.a(USBDevice.o)
 .data._ZZN9USBDevice10deviceDescEvE16deviceDescriptor
                0x000000001ffff0e0       0x14 ../../external/mbed/Release/Freescale_KL25Z/USBDevice.a(USBDevice.o)
 .data._ZZN9USBDevice24stringIConfigurationDescEvE30stringIconfigurationDescriptor
                0x000000001ffff0f4        0x8 ../../external/mbed/Release/Freescale_KL25Z/USBDevice.a(USBDevice.o)
 .data._ZZN9USBDevice16stringLangidDescEvE22stringLangidDescriptor
                0x000000001ffff0fc        0x4 ../../external/mbed/Release/Freescale_KL25Z/USBDevice.a(USBDevice.o)
 .data._ZZN9USBDevice18stringIproductDescEvE24stringIproductDescriptor
                0x000000001ffff100       0x18 ../../external/mbed/Release/Freescale_KL25Z/USBDevice.a(USBDevice.o)
 .data._ZZN9USBDevice17stringIserialDescEvE23stringIserialDescriptor
                0x000000001ffff118       0x18 ../../external/mbed/Release/Freescale_KL25Z/USBDevice.a(USBDevice.o)
 .data._ZL5Data1
                0x000000001ffff130        0x4 ../../external/mbed/Release/Freescale_KL25Z/USBDevice.a(USBHAL_KL25Z.o)
 .data._ZZN6USBHID10reportDescEvE16reportDescriptor
                0x000000001ffff134       0x1c ../../external/mbed/Release/Freescale_KL25Z/USBDevice.a(USBHID.o)
 .data._ZZN6USBHID17configurationDescEvE23configurationDescriptor
                0x000000001ffff150       0x2c ../../external/mbed/Release/Freescale_KL25Z/USBDevice.a(USBHID.o)
 .data._ZZN6USBHID18stringIproductDescEvE24stringIproductDescriptor
                0x000000001ffff17c       0x18 ../../external/mbed/Release/Freescale_KL25Z/USBDevice.a(USBHID.o)
 .data._ZZN6USBHID20stringIinterfaceDescEvE26stringIinterfaceDescriptor
                0x000000001ffff194        0x8 ../../external/mbed/Release/Freescale_KL25Z/USBDevice.a(USBHID.o)
 .data._ZZN8USBMouse10reportDescEvE16reportDescriptor_0
                0x000000001ffff19c       0x44 ../../external/mbed/Release/Freescale_KL25Z/USBDevice.a(USBMouse.o)
 .data._ZZN8USBMouse17configurationDescEvE23configurationDescriptor
                0x000000001ffff1e0       0x2c ../../external/mbed/Release/Freescale_KL25Z/USBDevice.a(USBMouse.o)
 .data._ZZN8USBMouse10reportDescEvE16reportDescriptor
                0x000000001ffff20c       0x34 ../../external/mbed/Release/Freescale_KL25Z/USBDevice.a(USBMouse.o)
 .data.is_debugger_attached
                0x000000001ffff240        0x4 ../../external/mbed/Release/Freescale_KL25Z/mbed.a(semihost_api.o)
 .data._ZZ5_sbrkE4heap
                0x000000001ffff244        0x4 ../../external/mbed/Release/Freescale_KL25Z/mbed.a(retarget.o)
 .data.SystemCoreClock
                0x000000001ffff248        0x4 ../../external/mbed/Release/Freescale_KL25Z/mbed.a(system_MKL25Z4.o)
                0x000000001ffff248                SystemCoreClock
 .data.impure_data
                0x000000001ffff24c       0x60 /Users/suryanshu/buckLabs/compiler/gcc-arm-none-eabi/bin/../lib/gcc/arm-none-eabi/4.8.3/../../../../arm-none-eabi/lib/armv6-m/libc_s.a(lib_a-impure.o)
 .data._impure_ptr
                0x000000001ffff2ac        0x4 /Users/suryanshu/buckLabs/compiler/gcc-arm-none-eabi/bin/../lib/gcc/arm-none-eabi/4.8.3/../../../../arm-none-eabi/lib/armv6-m/libc_s.a(lib_a-impure.o)
                0x000000001ffff2ac                _impure_ptr
                0x000000001ffff2b0                . = ALIGN (0x4)
                0x000000001ffff2b0                PROVIDE (__preinit_array_start, .)
 *(.preinit_array)
                0x000000001ffff2b0                PROVIDE (__preinit_array_end, .)
                0x000000001ffff2b0                . = ALIGN (0x4)
                0x000000001ffff2b0                PROVIDE (__init_array_start, .)
 *(SORT(.init_array.*))
 *(.init_array)
 .init_array    0x000000001ffff2b0        0x4 /Users/suryanshu/buckLabs/compiler/gcc-arm-none-eabi/bin/../lib/gcc/arm-none-eabi/4.8.3/armv6-m/crtbegin.o
 .init_array    0x000000001ffff2b4        0x4 KL25Z/main.o
                0x000000001ffff2b8                PROVIDE (__init_array_end, .)
                0x000000001ffff2b8                . = ALIGN (0x4)
                0x000000001ffff2b8                PROVIDE (__fini_array_start, .)
 *(SORT(.fini_array.*))
 *(.fini_array)
 .fini_array    0x000000001ffff2b8        0x4 /Users/suryanshu/buckLabs/compiler/gcc-arm-none-eabi/bin/../lib/gcc/arm-none-eabi/4.8.3/armv6-m/crtbegin.o
                0x000000001ffff2bc                PROVIDE (__fini_array_end, .)
                0x000000001ffff2bc                . = ALIGN (0x4)
                0x000000001ffff2bc                __data_end__ = .

.jcr            0x000000001ffff2bc        0x0 load address 0x0000000000007468
 .jcr           0x000000001ffff2bc        0x0 /Users/suryanshu/buckLabs/compiler/gcc-arm-none-eabi/bin/../lib/gcc/arm-none-eabi/4.8.3/armv6-m/crtbegin.o

.igot.plt       0x000000001ffff2bc        0x0 load address 0x0000000000007468
 .igot.plt      0x0000000000000000        0x0 /Users/suryanshu/buckLabs/compiler/gcc-arm-none-eabi/bin/../lib/gcc/arm-none-eabi/4.8.3/armv6-m/crtbegin.o

.bss            0x000000001ffff400      0x644 load address 0x0000000000007600
                0x000000001ffff400                __bss_start__ = .
 *(.bss*)
 .bss           0x000000001ffff400       0x1c /Users/suryanshu/buckLabs/compiler/gcc-arm-none-eabi/bin/../lib/gcc/arm-none-eabi/4.8.3/armv6-m/crtbegin.o
 .bss.mouse     0x000000001ffff41c      0x168 KL25Z/main.o
                0x000000001ffff41c                mouse
 .bss._ZZN9USBDevice16requestGetStatusEvE6status
                0x000000001ffff584        0x2 ../../external/mbed/Release/Freescale_KL25Z/USBDevice.a(USBDevice.o)
 *fill*         0x000000001ffff586        0x2 
 .bss._ZGVZN9USBDevice10deviceDescEvE16deviceDescriptor
                0x000000001ffff588        0x4 ../../external/mbed/Release/Freescale_KL25Z/USBDevice.a(USBDevice.o)
 .bss._ZN6USBHAL8instanceE
                0x000000001ffff58c        0x4 ../../external/mbed/Release/Freescale_KL25Z/USBDevice.a(USBHAL_KL25Z.o)
                0x000000001ffff58c                USBHAL::instance
 *fill*         0x000000001ffff590       0x70 
 .bss.bdt       0x000000001ffff600      0x200 ../../external/mbed/Release/Freescale_KL25Z/USBDevice.a(USBHAL_KL25Z.o)
                0x000000001ffff600                bdt
 .bss._ZL4addr  0x000000001ffff800        0x1 ../../external/mbed/Release/Freescale_KL25Z/USBDevice.a(USBHAL_KL25Z.o)
 *fill*         0x000000001ffff801        0x3 
 .bss.endpoint_buffer
                0x000000001ffff804       0xf0 ../../external/mbed/Release/Freescale_KL25Z/USBDevice.a(USBHAL_KL25Z.o)
                0x000000001ffff804                endpoint_buffer
 .bss.endpoint_buffer_iso
                0x000000001ffff8f4       0x10 ../../external/mbed/Release/Freescale_KL25Z/USBDevice.a(USBHAL_KL25Z.o)
                0x000000001ffff8f4                endpoint_buffer_iso
 .bss._ZL10epComplete
                0x000000001ffff904        0x4 ../../external/mbed/Release/Freescale_KL25Z/USBDevice.a(USBHAL_KL25Z.o)
 .bss._ZL8set_addr
                0x000000001ffff908        0x1 ../../external/mbed/Release/Freescale_KL25Z/USBDevice.a(USBHAL_KL25Z.o)
 *fill*         0x000000001ffff909        0x3 
 .bss._ZGVZN6USBHID17configurationDescEvE23configurationDescriptor
                0x000000001ffff90c        0x4 ../../external/mbed/Release/Freescale_KL25Z/USBDevice.a(USBHID.o)
 .bss._ZGVZN6USBHID10reportDescEvE16reportDescriptor
                0x000000001ffff910        0x4 ../../external/mbed/Release/Freescale_KL25Z/USBDevice.a(USBHID.o)
 .bss._ZGVZN8USBMouse17configurationDescEvE23configurationDescriptor
                0x000000001ffff914        0x4 ../../external/mbed/Release/Freescale_KL25Z/USBDevice.a(USBMouse.o)
 .bss._ZL11filehandles
                0x000000001ffff918      0x100 ../../external/mbed/Release/Freescale_KL25Z/mbed.a(retarget.o)
 .bss.us_ticker_int_counter
                0x000000001ffffa18        0x4 ../../external/mbed/Release/Freescale_KL25Z/mbed.a(us_ticker.o)
 .bss.us_ticker_inited
                0x000000001ffffa1c        0x4 ../../external/mbed/Release/Freescale_KL25Z/mbed.a(us_ticker.o)
 .bss.us_ticker_int_remainder
                0x000000001ffffa20        0x2 ../../external/mbed/Release/Freescale_KL25Z/mbed.a(us_ticker.o)
 *fill*         0x000000001ffffa22        0x2 
 .bss.stdio_uart_inited
                0x000000001ffffa24        0x4 ../../external/mbed/Release/Freescale_KL25Z/mbed.a(serial_api.o)
                0x000000001ffffa24                stdio_uart_inited
 .bss.head      0x000000001ffffa28        0x4 ../../external/mbed/Release/Freescale_KL25Z/mbed.a(us_ticker_api.o)
 .bss.event_handler
                0x000000001ffffa2c        0x4 ../../external/mbed/Release/Freescale_KL25Z/mbed.a(us_ticker_api.o)
 .bss.__malloc_sbrk_start
                0x000000001ffffa30        0x4 /Users/suryanshu/buckLabs/compiler/gcc-arm-none-eabi/bin/../lib/gcc/arm-none-eabi/4.8.3/../../../../arm-none-eabi/lib/armv6-m/libc_s.a(lib_a-nano-mallocr.o)
                0x000000001ffffa30                __malloc_sbrk_start
 .bss.__malloc_free_list
                0x000000001ffffa34        0x4 /Users/suryanshu/buckLabs/compiler/gcc-arm-none-eabi/bin/../lib/gcc/arm-none-eabi/4.8.3/../../../../arm-none-eabi/lib/armv6-m/libc_s.a(lib_a-nano-mallocr.o)
                0x000000001ffffa34                __malloc_free_list
 *(COMMON)
 COMMON         0x000000001ffffa38        0x8 ../../external/mbed/Release/Freescale_KL25Z/mbed.a(serial_api.o)
                0x000000001ffffa38                stdio_uart
 COMMON         0x000000001ffffa40        0x4 /Users/suryanshu/buckLabs/compiler/gcc-arm-none-eabi/bin/../lib/gcc/arm-none-eabi/4.8.3/../../../../arm-none-eabi/lib/armv6-m/libc_s.a(lib_a-reent.o)
                0x000000001ffffa40                errno
                0x000000001ffffa44                __bss_end__ = .

.heap           0x000000001ffffa48       0x80
                0x000000001ffffa48                __end__ = .
                0x000000001ffffa48                end = __end__
 *(.heap*)
 .heap          0x000000001ffffa48       0x80 ../../external/mbed/Release/Freescale_KL25Z/mbed.a(startup_MKL25Z4.o)
                0x000000001ffffa48                __HeapBase
                0x000000001ffffac8                __HeapLimit = .

.stack_dummy    0x000000001ffffa48       0x80
 *(.stack)
 .stack         0x000000001ffffa48       0x80 ../../external/mbed/Release/Freescale_KL25Z/mbed.a(startup_MKL25Z4.o)
                0x0000000020003000                __StackTop = (ORIGIN (RAM) + 0x3f40)
                0x0000000020002f80                __StackLimit = (__StackTop - SIZEOF (.stack_dummy))
                0x0000000020003000                PROVIDE (__stack, __StackTop)
                0x0000000000000001                ASSERT ((__StackLimit >= __HeapLimit), region RAM overflowed with stack)
OUTPUT(KL25Z/USBMouse.elf elf32-littlearm)

.ARM.attributes
                0x0000000000000000       0x28
 .ARM.attributes
                0x0000000000000000       0x1e /Users/suryanshu/buckLabs/compiler/gcc-arm-none-eabi/bin/../lib/gcc/arm-none-eabi/4.8.3/armv6-m/crti.o
 .ARM.attributes
                0x000000000000001e       0x2c /Users/suryanshu/buckLabs/compiler/gcc-arm-none-eabi/bin/../lib/gcc/arm-none-eabi/4.8.3/armv6-m/crtbegin.o
 .ARM.attributes
                0x000000000000004a       0x32 KL25Z/main.o
 .ARM.attributes
                0x000000000000007c       0x32 KL25Z/gcc4mbed.o
 .ARM.attributes
                0x00000000000000ae       0x32 ../../external/mbed/Release/Freescale_KL25Z/USBDevice.a(USBDevice.o)
 .ARM.attributes
                0x00000000000000e0       0x32 ../../external/mbed/Release/Freescale_KL25Z/USBDevice.a(USBHAL_KL25Z.o)
 .ARM.attributes
                0x0000000000000112       0x32 ../../external/mbed/Release/Freescale_KL25Z/USBDevice.a(USBHID.o)
 .ARM.attributes
                0x0000000000000144       0x32 ../../external/mbed/Release/Freescale_KL25Z/USBDevice.a(USBMouse.o)
 .ARM.attributes
                0x0000000000000176       0x32 ../../external/mbed/Release/Freescale_KL25Z/mbed.a(cmsis_nvic.o)
 .ARM.attributes
                0x00000000000001a8       0x32 ../../external/mbed/Release/Freescale_KL25Z/mbed.a(exit.o)
 .ARM.attributes
                0x00000000000001da       0x32 ../../external/mbed/Release/Freescale_KL25Z/mbed.a(mbed_interface.o)
 .ARM.attributes
                0x000000000000020c       0x32 ../../external/mbed/Release/Freescale_KL25Z/mbed.a(semihost_api.o)
 .ARM.attributes
                0x000000000000023e       0x32 ../../external/mbed/Release/Freescale_KL25Z/mbed.a(wait_api.o)
 .ARM.attributes
                0x0000000000000270       0x32 ../../external/mbed/Release/Freescale_KL25Z/mbed.a(retarget.o)
 .ARM.attributes
                0x00000000000002a2       0x1b ../../external/mbed/Release/Freescale_KL25Z/mbed.a(startup_MKL25Z4.o)
 .ARM.attributes
                0x00000000000002bd       0x32 ../../external/mbed/Release/Freescale_KL25Z/mbed.a(us_ticker.o)
 .ARM.attributes
                0x00000000000002ef       0x32 ../../external/mbed/Release/Freescale_KL25Z/mbed.a(serial_api.o)
 .ARM.attributes
                0x0000000000000321       0x32 ../../external/mbed/Release/Freescale_KL25Z/mbed.a(system_MKL25Z4.o)
 .ARM.attributes
                0x0000000000000353       0x32 ../../external/mbed/Release/Freescale_KL25Z/mbed.a(board.o)
 .ARM.attributes
                0x0000000000000385       0x32 ../../external/mbed/Release/Freescale_KL25Z/mbed.a(error.o)
 .ARM.attributes
                0x00000000000003b7       0x32 ../../external/mbed/Release/Freescale_KL25Z/mbed.a(gpio.o)
 .ARM.attributes
                0x00000000000003e9       0x32 ../../external/mbed/Release/Freescale_KL25Z/mbed.a(pinmap_common.o)
 .ARM.attributes
                0x000000000000041b       0x32 ../../external/mbed/Release/Freescale_KL25Z/mbed.a(us_ticker_api.o)
 .ARM.attributes
                0x000000000000044d       0x32 ../../external/mbed/Release/Freescale_KL25Z/mbed.a(gpio_api.o)
 .ARM.attributes
                0x000000000000047f       0x32 ../../external/mbed/Release/Freescale_KL25Z/mbed.a(pinmap.o)
 .ARM.attributes
                0x00000000000004b1       0x32 ../../external/mbed/Release/Freescale_KL25Z/mbed.a(PeripheralPins.o)
 .ARM.attributes
                0x00000000000004e3       0x2c /Users/suryanshu/buckLabs/compiler/gcc-arm-none-eabi/bin/../lib/gcc/arm-none-eabi/4.8.3/../../../../arm-none-eabi/lib/armv6-m/libstdc++_s.a(atexit_arm.o)
 .ARM.attributes
                0x000000000000050f       0x2c /Users/suryanshu/buckLabs/compiler/gcc-arm-none-eabi/bin/../lib/gcc/arm-none-eabi/4.8.3/../../../../arm-none-eabi/lib/armv6-m/libstdc++_s.a(guard.o)
 .ARM.attributes
                0x000000000000053b       0x1e /Users/suryanshu/buckLabs/compiler/gcc-arm-none-eabi/bin/../lib/gcc/arm-none-eabi/4.8.3/armv6-m/libgcc.a(_udivsi3.o)
 .ARM.attributes
                0x0000000000000559       0x1e /Users/suryanshu/buckLabs/compiler/gcc-arm-none-eabi/bin/../lib/gcc/arm-none-eabi/4.8.3/armv6-m/libgcc.a(_dvmd_tls.o)
 .ARM.attributes
                0x0000000000000577       0x2c /Users/suryanshu/buckLabs/compiler/gcc-arm-none-eabi/bin/../lib/gcc/arm-none-eabi/4.8.3/armv6-m/libgcc.a(mulsf3.o)
 .ARM.attributes
                0x00000000000005a3       0x2c /Users/suryanshu/buckLabs/compiler/gcc-arm-none-eabi/bin/../lib/gcc/arm-none-eabi/4.8.3/armv6-m/libgcc.a(fixsfsi.o)
 .ARM.attributes
                0x00000000000005cf       0x2c /Users/suryanshu/buckLabs/compiler/gcc-arm-none-eabi/bin/../lib/gcc/arm-none-eabi/4.8.3/armv6-m/libgcc.a(divdf3.o)
 .ARM.attributes
                0x00000000000005fb       0x2c /Users/suryanshu/buckLabs/compiler/gcc-arm-none-eabi/bin/../lib/gcc/arm-none-eabi/4.8.3/armv6-m/libgcc.a(muldf3.o)
 .ARM.attributes
                0x0000000000000627       0x2c /Users/suryanshu/buckLabs/compiler/gcc-arm-none-eabi/bin/../lib/gcc/arm-none-eabi/4.8.3/armv6-m/libgcc.a(fixdfsi.o)
 .ARM.attributes
                0x0000000000000653       0x2c /Users/suryanshu/buckLabs/compiler/gcc-arm-none-eabi/bin/../lib/gcc/arm-none-eabi/4.8.3/armv6-m/libgcc.a(floatsidf.o)
 .ARM.attributes
                0x000000000000067f       0x1e /Users/suryanshu/buckLabs/compiler/gcc-arm-none-eabi/bin/../lib/gcc/arm-none-eabi/4.8.3/armv6-m/libgcc.a(_clzsi2.o)
 .ARM.attributes
                0x000000000000069d       0x2c /Users/suryanshu/buckLabs/compiler/gcc-arm-none-eabi/bin/../lib/gcc/arm-none-eabi/4.8.3/../../../../arm-none-eabi/lib/armv6-m/libc_s.a(lib_a-cxa_atexit.o)
 .ARM.attributes
                0x00000000000006c9       0x2c /Users/suryanshu/buckLabs/compiler/gcc-arm-none-eabi/bin/../lib/gcc/arm-none-eabi/4.8.3/../../../../arm-none-eabi/lib/armv6-m/libc_s.a(lib_a-errno.o)
 .ARM.attributes
                0x00000000000006f5       0x2c /Users/suryanshu/buckLabs/compiler/gcc-arm-none-eabi/bin/../lib/gcc/arm-none-eabi/4.8.3/../../../../arm-none-eabi/lib/armv6-m/libc_s.a(lib_a-fflush.o)
 .ARM.attributes
                0x0000000000000721       0x2c /Users/suryanshu/buckLabs/compiler/gcc-arm-none-eabi/bin/../lib/gcc/arm-none-eabi/4.8.3/../../../../arm-none-eabi/lib/armv6-m/libc_s.a(lib_a-findfp.o)
 .ARM.attributes
                0x000000000000074d       0x2c /Users/suryanshu/buckLabs/compiler/gcc-arm-none-eabi/bin/../lib/gcc/arm-none-eabi/4.8.3/../../../../arm-none-eabi/lib/armv6-m/libc_s.a(lib_a-fwalk.o)
 .ARM.attributes
                0x0000000000000779       0x2c /Users/suryanshu/buckLabs/compiler/gcc-arm-none-eabi/bin/../lib/gcc/arm-none-eabi/4.8.3/../../../../arm-none-eabi/lib/armv6-m/libc_s.a(lib_a-impure.o)
 .ARM.attributes
                0x00000000000007a5       0x2c /Users/suryanshu/buckLabs/compiler/gcc-arm-none-eabi/bin/../lib/gcc/arm-none-eabi/4.8.3/../../../../arm-none-eabi/lib/armv6-m/libc_s.a(lib_a-init.o)
 .ARM.attributes
                0x00000000000007d1       0x2c /Users/suryanshu/buckLabs/compiler/gcc-arm-none-eabi/bin/../lib/gcc/arm-none-eabi/4.8.3/../../../../arm-none-eabi/lib/armv6-m/libc_s.a(lib_a-malloc.o)
 .ARM.attributes
                0x00000000000007fd       0x2c /Users/suryanshu/buckLabs/compiler/gcc-arm-none-eabi/bin/../lib/gcc/arm-none-eabi/4.8.3/../../../../arm-none-eabi/lib/armv6-m/libc_s.a(lib_a-memcpy-stub.o)
 .ARM.attributes
                0x0000000000000829       0x2c /Users/suryanshu/buckLabs/compiler/gcc-arm-none-eabi/bin/../lib/gcc/arm-none-eabi/4.8.3/../../../../arm-none-eabi/lib/armv6-m/libc_s.a(lib_a-memset.o)
 .ARM.attributes
                0x0000000000000855       0x2c /Users/suryanshu/buckLabs/compiler/gcc-arm-none-eabi/bin/../lib/gcc/arm-none-eabi/4.8.3/../../../../arm-none-eabi/lib/armv6-m/libc_s.a(lib_a-nano-freer.o)
 .ARM.attributes
                0x0000000000000881       0x2c /Users/suryanshu/buckLabs/compiler/gcc-arm-none-eabi/bin/../lib/gcc/arm-none-eabi/4.8.3/../../../../arm-none-eabi/lib/armv6-m/libc_s.a(lib_a-nano-mallocr.o)
 .ARM.attributes
                0x00000000000008ad       0x2c /Users/suryanshu/buckLabs/compiler/gcc-arm-none-eabi/bin/../lib/gcc/arm-none-eabi/4.8.3/../../../../arm-none-eabi/lib/armv6-m/libc_s.a(lib_a-reent.o)
 .ARM.attributes
                0x00000000000008d9       0x2c /Users/suryanshu/buckLabs/compiler/gcc-arm-none-eabi/bin/../lib/gcc/arm-none-eabi/4.8.3/../../../../arm-none-eabi/lib/armv6-m/libc_s.a(lib_a-sbrkr.o)
 .ARM.attributes
                0x0000000000000905       0x2c /Users/suryanshu/buckLabs/compiler/gcc-arm-none-eabi/bin/../lib/gcc/arm-none-eabi/4.8.3/../../../../arm-none-eabi/lib/armv6-m/libc_s.a(lib_a-stdio.o)
 .ARM.attributes
                0x0000000000000931       0x2c /Users/suryanshu/buckLabs/compiler/gcc-arm-none-eabi/bin/../lib/gcc/arm-none-eabi/4.8.3/../../../../arm-none-eabi/lib/armv6-m/libc_s.a(lib_a-strlen.o)
 .ARM.attributes
                0x000000000000095d       0x2c /Users/suryanshu/buckLabs/compiler/gcc-arm-none-eabi/bin/../lib/gcc/arm-none-eabi/4.8.3/../../../../arm-none-eabi/lib/armv6-m/libc_s.a(lib_a-vfprintf.o)
 .ARM.attributes
                0x0000000000000989       0x2c /Users/suryanshu/buckLabs/compiler/gcc-arm-none-eabi/bin/../lib/gcc/arm-none-eabi/4.8.3/../../../../arm-none-eabi/lib/armv6-m/libc_s.a(lib_a-vfprintf_i.o)
 .ARM.attributes
                0x00000000000009b5       0x2c /Users/suryanshu/buckLabs/compiler/gcc-arm-none-eabi/bin/../lib/gcc/arm-none-eabi/4.8.3/../../../../arm-none-eabi/lib/armv6-m/libc_s.a(lib_a-wbuf.o)
 .ARM.attributes
                0x00000000000009e1       0x2c /Users/suryanshu/buckLabs/compiler/gcc-arm-none-eabi/bin/../lib/gcc/arm-none-eabi/4.8.3/../../../../arm-none-eabi/lib/armv6-m/libc_s.a(lib_a-writer.o)
 .ARM.attributes
                0x0000000000000a0d       0x2c /Users/suryanshu/buckLabs/compiler/gcc-arm-none-eabi/bin/../lib/gcc/arm-none-eabi/4.8.3/../../../../arm-none-eabi/lib/armv6-m/libc_s.a(lib_a-wsetup.o)
 .ARM.attributes
                0x0000000000000a39       0x2c /Users/suryanshu/buckLabs/compiler/gcc-arm-none-eabi/bin/../lib/gcc/arm-none-eabi/4.8.3/../../../../arm-none-eabi/lib/armv6-m/libc_s.a(lib_a-closer.o)
 .ARM.attributes
                0x0000000000000a65       0x2c /Users/suryanshu/buckLabs/compiler/gcc-arm-none-eabi/bin/../lib/gcc/arm-none-eabi/4.8.3/../../../../arm-none-eabi/lib/armv6-m/libc_s.a(lib_a-lseekr.o)
 .ARM.attributes
                0x0000000000000a91       0x2c /Users/suryanshu/buckLabs/compiler/gcc-arm-none-eabi/bin/../lib/gcc/arm-none-eabi/4.8.3/../../../../arm-none-eabi/lib/armv6-m/libc_s.a(lib_a-makebuf.o)
 .ARM.attributes
                0x0000000000000abd       0x2c /Users/suryanshu/buckLabs/compiler/gcc-arm-none-eabi/bin/../lib/gcc/arm-none-eabi/4.8.3/../../../../arm-none-eabi/lib/armv6-m/libc_s.a(lib_a-memchr-stub.o)
 .ARM.attributes
                0x0000000000000ae9       0x2c /Users/suryanshu/buckLabs/compiler/gcc-arm-none-eabi/bin/../lib/gcc/arm-none-eabi/4.8.3/../../../../arm-none-eabi/lib/armv6-m/libc_s.a(lib_a-readr.o)
 .ARM.attributes
                0x0000000000000b15       0x2c /Users/suryanshu/buckLabs/compiler/gcc-arm-none-eabi/bin/../lib/gcc/arm-none-eabi/4.8.3/../../../../arm-none-eabi/lib/armv6-m/libc_s.a(lib_a-fstatr.o)
 .ARM.attributes
                0x0000000000000b41       0x2c /Users/suryanshu/buckLabs/compiler/gcc-arm-none-eabi/bin/../lib/gcc/arm-none-eabi/4.8.3/../../../../arm-none-eabi/lib/armv6-m/libc_s.a(lib_a-isattyr.o)
 .ARM.attributes
                0x0000000000000b6d       0x2c /Users/suryanshu/buckLabs/compiler/gcc-arm-none-eabi/bin/../lib/gcc/arm-none-eabi/4.8.3/../../../../arm-none-eabi/lib/armv6-m/libm.a(lib_a-s_cos.o)
 .ARM.attributes
                0x0000000000000b99       0x2c /Users/suryanshu/buckLabs/compiler/gcc-arm-none-eabi/bin/../lib/gcc/arm-none-eabi/4.8.3/../../../../arm-none-eabi/lib/armv6-m/libm.a(lib_a-s_sin.o)
 .ARM.attributes
                0x0000000000000bc5       0x2c /Users/suryanshu/buckLabs/compiler/gcc-arm-none-eabi/bin/../lib/gcc/arm-none-eabi/4.8.3/../../../../arm-none-eabi/lib/armv6-m/libm.a(lib_a-e_rem_pio2.o)
 .ARM.attributes
                0x0000000000000bf1       0x2c /Users/suryanshu/buckLabs/compiler/gcc-arm-none-eabi/bin/../lib/gcc/arm-none-eabi/4.8.3/../../../../arm-none-eabi/lib/armv6-m/libm.a(lib_a-k_cos.o)
 .ARM.attributes
                0x0000000000000c1d       0x2c /Users/suryanshu/buckLabs/compiler/gcc-arm-none-eabi/bin/../lib/gcc/arm-none-eabi/4.8.3/../../../../arm-none-eabi/lib/armv6-m/libm.a(lib_a-k_rem_pio2.o)
 .ARM.attributes
                0x0000000000000c49       0x2c /Users/suryanshu/buckLabs/compiler/gcc-arm-none-eabi/bin/../lib/gcc/arm-none-eabi/4.8.3/../../../../arm-none-eabi/lib/armv6-m/libm.a(lib_a-k_sin.o)
 .ARM.attributes
                0x0000000000000c75       0x2c /Users/suryanshu/buckLabs/compiler/gcc-arm-none-eabi/bin/../lib/gcc/arm-none-eabi/4.8.3/../../../../arm-none-eabi/lib/armv6-m/libm.a(lib_a-s_fabs.o)
 .ARM.attributes
                0x0000000000000ca1       0x2c /Users/suryanshu/buckLabs/compiler/gcc-arm-none-eabi/bin/../lib/gcc/arm-none-eabi/4.8.3/../../../../arm-none-eabi/lib/armv6-m/libm.a(lib_a-s_floor.o)
 .ARM.attributes
                0x0000000000000ccd       0x2c /Users/suryanshu/buckLabs/compiler/gcc-arm-none-eabi/bin/../lib/gcc/arm-none-eabi/4.8.3/../../../../arm-none-eabi/lib/armv6-m/libm.a(lib_a-s_scalbn.o)
 .ARM.attributes
                0x0000000000000cf9       0x2c /Users/suryanshu/buckLabs/compiler/gcc-arm-none-eabi/bin/../lib/gcc/arm-none-eabi/4.8.3/../../../../arm-none-eabi/lib/armv6-m/libm.a(lib_a-s_copysign.o)
 .ARM.attributes
                0x0000000000000d25       0x1e /Users/suryanshu/buckLabs/compiler/gcc-arm-none-eabi/bin/../lib/gcc/arm-none-eabi/4.8.3/armv6-m/libgcc.a(_divsi3.o)
 .ARM.attributes
                0x0000000000000d43       0x1e /Users/suryanshu/buckLabs/compiler/gcc-arm-none-eabi/bin/../lib/gcc/arm-none-eabi/4.8.3/armv6-m/libgcc.a(_arm_cmpdf2.o)
 .ARM.attributes
                0x0000000000000d61       0x2c /Users/suryanshu/buckLabs/compiler/gcc-arm-none-eabi/bin/../lib/gcc/arm-none-eabi/4.8.3/armv6-m/libgcc.a(adddf3.o)
 .ARM.attributes
                0x0000000000000d8d       0x2c /Users/suryanshu/buckLabs/compiler/gcc-arm-none-eabi/bin/../lib/gcc/arm-none-eabi/4.8.3/armv6-m/libgcc.a(eqdf2.o)
 .ARM.attributes
                0x0000000000000db9       0x2c /Users/suryanshu/buckLabs/compiler/gcc-arm-none-eabi/bin/../lib/gcc/arm-none-eabi/4.8.3/armv6-m/libgcc.a(gedf2.o)
 .ARM.attributes
                0x0000000000000de5       0x2c /Users/suryanshu/buckLabs/compiler/gcc-arm-none-eabi/bin/../lib/gcc/arm-none-eabi/4.8.3/armv6-m/libgcc.a(ledf2.o)
 .ARM.attributes
                0x0000000000000e11       0x2c /Users/suryanshu/buckLabs/compiler/gcc-arm-none-eabi/bin/../lib/gcc/arm-none-eabi/4.8.3/armv6-m/libgcc.a(subdf3.o)
 .ARM.attributes
                0x0000000000000e3d       0x2c /Users/suryanshu/buckLabs/compiler/gcc-arm-none-eabi/bin/../lib/gcc/arm-none-eabi/4.8.3/armv6-m/crtend.o
 .ARM.attributes
                0x0000000000000e69       0x1e /Users/suryanshu/buckLabs/compiler/gcc-arm-none-eabi/bin/../lib/gcc/arm-none-eabi/4.8.3/armv6-m/crtn.o

.comment        0x0000000000000000       0x70
 .comment       0x0000000000000000       0x70 KL25Z/main.o
                                         0x71 (size before relaxing)
 .comment       0x0000000000000000       0x71 KL25Z/gcc4mbed.o
 .comment       0x0000000000000000       0x71 ../../external/mbed/Release/Freescale_KL25Z/USBDevice.a(USBDevice.o)
 .comment       0x0000000000000000       0x71 ../../external/mbed/Release/Freescale_KL25Z/USBDevice.a(USBHAL_KL25Z.o)
 .comment       0x0000000000000000       0x71 ../../external/mbed/Release/Freescale_KL25Z/USBDevice.a(USBHID.o)